#
# There is insufficient memory for the Java Runtime Environment to continue.
# Native memory allocation (mmap) failed to map 63963136 bytes. Error detail: G1 virtual space
# Possible reasons:
#   The system is out of physical RAM or swap space
#   This process is running with CompressedOops enabled, and the Java Heap may be blocking the growth of the native heap
# Possible solutions:
#   Reduce memory load on the system
#   Increase physical memory or swap space
#   Check if swap backing store is full
#   Decrease Java heap size (-Xmx/-Xms)
#   Decrease number of Java threads
#   Decrease Java thread stack sizes (-Xss)
#   Set larger code cache with -XX:ReservedCodeCacheSize=
#   JVM is running with Unscaled Compressed Oops mode in which the Java heap is
#     placed in the first 4GB address space. The Java Heap base address is the
#     maximum limit for the native heap growth. Please use -XX:HeapBaseMinAddress
#     to set the Java Heap base and to place the Java Heap above 4GB virtual address.
# This output file may be truncated or incomplete.
#
#  Out of Memory Error (os_windows.cpp:3618), pid=15220, tid=16716
#
# JRE version: OpenJDK Runtime Environment Temurin-17.0.18+8 (17.0.18+8) (build 17.0.18+8)
# Java VM: OpenJDK 64-Bit Server VM Temurin-17.0.18+8 (17.0.18+8, mixed mode, emulated-client, sharing, tiered, compressed oops, compressed class ptrs, g1 gc, windows-amd64)
# No core dump will be written. Minidumps are not enabled by default on client versions of Windows
#

---------------  S U M M A R Y ------------

Command Line: -XX:TieredStopAtLevel=1 -Dspring.output.ansi.enabled=always -Dcom.sun.management.jmxremote -Dspring.jmx.enabled=true -Dspring.liveBeansView.mbeanDomain -Dspring.application.admin.enabled=true -Dmanagement.endpoints.jmx.exposure.include=* -javaagent:C:\Program Files\JetBrains\IntelliJ IDEA 2025.2.5\lib\idea_rt.jar=52712 -Dfile.encoding=UTF-8 com.fleet.eureka_server.EurekaServerApplication

Host: Intel(R) Core(TM) i5-6300U CPU @ 2.40GHz, 4 cores, 7G,  Windows 10 , 64 bit Build 19041 (10.0.19041.5915)
Time: Thu Apr 23 22:27:38 2026 Romance Daylight Time elapsed time: 9.032457 seconds (0d 0h 0m 9s)

---------------  T H R E A D  ---------------

Current thread (0x00000169f0367f60):  VMThread "VM Thread" [stack: 0x0000000100b00000,0x0000000100c00000] [id=16716]

Stack: [0x0000000100b00000,0x0000000100c00000]
Native frames: (J=compiled Java code, j=interpreted, Vv=VM code, C=native code)
V  [jvm.dll+0x6846f9]
V  [jvm.dll+0x839ea5]
V  [jvm.dll+0x83b91e]
V  [jvm.dll+0x83bfa3]
V  [jvm.dll+0x248eff]
V  [jvm.dll+0x6814b9]
V  [jvm.dll+0x6762ba]
V  [jvm.dll+0x309257]
V  [jvm.dll+0x310826]
V  [jvm.dll+0x360d9e]
V  [jvm.dll+0x360fdd]
V  [jvm.dll+0x2e02dc]
V  [jvm.dll+0x2de6b2]
V  [jvm.dll+0x2dde4c]
V  [jvm.dll+0x320aeb]
V  [jvm.dll+0x8407bd]
V  [jvm.dll+0x8414f3]
V  [jvm.dll+0x841a1f]
V  [jvm.dll+0x841e05]
V  [jvm.dll+0x841ece]
V  [jvm.dll+0x7eaaec]
V  [jvm.dll+0x6835c7]
C  [ucrtbase.dll+0x21bb2]
C  [KERNEL32.DLL+0x17374]
C  [ntdll.dll+0x4cc91]

VM_Operation (0x00000001004fc6e0): G1CollectForAllocation, mode: safepoint, requested by thread 0x00000169de94f190


---------------  P R O C E S S  ---------------

Threads class SMR info:
_java_thread_list=0x00000169f52e2740, length=19, elements={
0x00000169de94f190, 0x00000169f036cee0, 0x00000169f036dc70, 0x00000169f0383290,
0x00000169f0385170, 0x00000169f0387a50, 0x00000169f0388320, 0x00000169f0389c00,
0x00000169f03b3830, 0x00000169f0359890, 0x00000169f0359f40, 0x00000169f51ebe10,
0x00000169f51ec2f0, 0x00000169f51d5550, 0x00000169f54bd330, 0x00000169f54851a0,
0x00000169f5485680, 0x00000169f5511e00, 0x00000169f5e3baf0
}

Java Threads: ( => current thread )
  0x00000169de94f190 JavaThread "main" [_thread_blocked, id=13368, stack(0x0000000100400000,0x0000000100500000)]
  0x00000169f036cee0 JavaThread "Reference Handler" daemon [_thread_blocked, id=12024, stack(0x0000000100c00000,0x0000000100d00000)]
  0x00000169f036dc70 JavaThread "Finalizer" daemon [_thread_blocked, id=4076, stack(0x0000000100d00000,0x0000000100e00000)]
  0x00000169f0383290 JavaThread "Signal Dispatcher" daemon [_thread_blocked, id=14180, stack(0x0000000100e00000,0x0000000100f00000)]
  0x00000169f0385170 JavaThread "Attach Listener" daemon [_thread_blocked, id=10512, stack(0x0000000100f00000,0x0000000101000000)]
  0x00000169f0387a50 JavaThread "Service Thread" daemon [_thread_blocked, id=11436, stack(0x0000000101000000,0x0000000101100000)]
  0x00000169f0388320 JavaThread "Monitor Deflation Thread" daemon [_thread_blocked, id=16628, stack(0x0000000101100000,0x0000000101200000)]
  0x00000169f0389c00 JavaThread "C1 CompilerThread0" daemon [_thread_blocked, id=3316, stack(0x0000000101200000,0x0000000101300000)]
  0x00000169f03b3830 JavaThread "Sweeper thread" daemon [_thread_blocked, id=11456, stack(0x0000000101300000,0x0000000101400000)]
  0x00000169f0359890 JavaThread "Common-Cleaner" daemon [_thread_blocked, id=9592, stack(0x0000000101400000,0x0000000101500000)]
  0x00000169f0359f40 JavaThread "C1 CompilerThread1" daemon [_thread_blocked, id=4304, stack(0x0000000101500000,0x0000000101600000)]
  0x00000169f51ebe10 JavaThread "Monitor Ctrl-Break" daemon [_thread_in_native, id=16624, stack(0x0000000101600000,0x0000000101700000)]
  0x00000169f51ec2f0 JavaThread "Notification Thread" daemon [_thread_blocked, id=3456, stack(0x0000000101700000,0x0000000101800000)]
  0x00000169f51d5550 JavaThread "RMI TCP Accept-0" daemon [_thread_in_native, id=5796, stack(0x0000000101b00000,0x0000000101c00000)]
  0x00000169f54bd330 JavaThread "RMI TCP Connection(1)-192.168.245.1" daemon [_thread_in_native, id=9292, stack(0x0000000101c00000,0x0000000101d00000)]
  0x00000169f54851a0 JavaThread "RMI Scheduler(0)" daemon [_thread_blocked, id=7456, stack(0x0000000101e00000,0x0000000101f00000)]
  0x00000169f5485680 JavaThread "JMX server connection timeout 19" daemon [_thread_blocked, id=15372, stack(0x0000000101f00000,0x0000000102000000)]
  0x00000169f5511e00 JavaThread "RMI TCP Connection(2)-192.168.245.1" daemon [_thread_in_native, id=11240, stack(0x0000000102000000,0x0000000102100000)]
  0x00000169f5e3baf0 JavaThread "C1 CompilerThread2" daemon [_thread_blocked, id=12264, stack(0x0000000102200000,0x0000000102300000)]

Other Threads:
=>0x00000169f0367f60 VMThread "VM Thread" [stack: 0x0000000100b00000,0x0000000100c00000] [id=16716]
  0x00000169f5365760 WatcherThread [stack: 0x0000000101d00000,0x0000000101e00000] [id=352]
  0x00000169de9a94d0 GCTaskThread "GC Thread#0" [stack: 0x0000000100600000,0x0000000100700000] [id=16092]
  0x00000169f535e900 GCTaskThread "GC Thread#1" [stack: 0x0000000101800000,0x0000000101900000] [id=5380]
  0x00000169f535ebc0 GCTaskThread "GC Thread#2" [stack: 0x0000000101900000,0x0000000101a00000] [id=6632]
  0x00000169f535afb0 GCTaskThread "GC Thread#3" [stack: 0x0000000101a00000,0x0000000101b00000] [id=3812]
  0x00000169de9baf80 ConcurrentGCThread "G1 Main Marker" [stack: 0x0000000100700000,0x0000000100800000] [id=15352]
  0x00000169de9bb8b0 ConcurrentGCThread "G1 Conc#0" [stack: 0x0000000100800000,0x0000000100900000] [id=12192]
  0x00000169f02224c0 ConcurrentGCThread "G1 Refine#0" [stack: 0x0000000100900000,0x0000000100a00000] [id=2092]
  0x00000169f0222e00 ConcurrentGCThread "G1 Service" [stack: 0x0000000100a00000,0x0000000100b00000] [id=13072]

Threads with active compile tasks:

VM state: at safepoint (normal execution)

VM Mutex/Monitor currently owned by a thread:  ([mutex/lock_event])
[0x00000169de94b970] Threads_lock - owner thread: 0x00000169f0367f60
[0x00000169de94c420] Heap_lock - owner thread: 0x00000169de94f190

Heap address: 0x0000000081e00000, size: 2018 MB, Compressed Oops mode: 32-bit

CDS archive(s) mapped at: [0x0000016980000000-0x0000016980bb0000-0x0000016980bb0000), size 12255232, SharedBaseAddress: 0x0000016980000000, ArchiveRelocationMode: 1.
Compressed class space mapped at: 0x0000016981000000-0x00000169c1000000, reserved size: 1073741824
Narrow klass base: 0x0000016980000000, Narrow klass shift: 0, Narrow klass range: 0x100000000

GC Precious Log:
 CPUs: 4 total, 4 available
 Memory: 8071M
 Large Page Support: Disabled
 NUMA Support: Disabled
 Compressed Oops: Enabled (32-bit)
 Heap Region Size: 1M
 Heap Min Capacity: 8M
 Heap Initial Capacity: 128M
 Heap Max Capacity: 2018M
 Pre-touch: Disabled
 Parallel Workers: 4
 Concurrent Workers: 1
 Concurrent Refinement Workers: 4
 Periodic GC: Disabled

Heap:
 garbage-first heap   total 68608K, used 23281K [0x0000000081e00000, 0x0000000100000000)
  region size 1024K, 4 young (4096K), 4 survivors (4096K)
 Metaspace       used 27958K, committed 28416K, reserved 1114112K
  class space    used 3899K, committed 4096K, reserved 1048576K

Heap Regions: E=young(eden), S=young(survivor), O=old, HS=humongous(starts), HC=humongous(continues), CS=collection set, F=free, OA=open archive, CA=closed archive, TAMS=top-at-mark-start (previous, next)
|   0|0x0000000081e00000, 0x0000000081f00000, 0x0000000081f00000|100%|HS|  |TAMS 0x0000000081f00000, 0x0000000081e00000| Complete 
|   1|0x0000000081f00000, 0x0000000082000000, 0x0000000082000000|100%| O|  |TAMS 0x0000000082000000, 0x0000000081f00000| Untracked 
|   2|0x0000000082000000, 0x0000000082100000, 0x0000000082100000|100%| O|  |TAMS 0x0000000082100000, 0x0000000082000000| Untracked 
|   3|0x0000000082100000, 0x0000000082200000, 0x0000000082200000|100%| O|  |TAMS 0x0000000082200000, 0x0000000082100000| Untracked 
|   4|0x0000000082200000, 0x0000000082300000, 0x0000000082300000|100%| O|  |TAMS 0x0000000082300000, 0x0000000082200000| Untracked 
|   5|0x0000000082300000, 0x0000000082400000, 0x0000000082400000|100%| O|  |TAMS 0x0000000082400000, 0x0000000082300000| Untracked 
|   6|0x0000000082400000, 0x0000000082500000, 0x0000000082500000|100%| O|  |TAMS 0x0000000082500000, 0x0000000082400000| Untracked 
|   7|0x0000000082500000, 0x0000000082600000, 0x0000000082600000|100%| O|  |TAMS 0x0000000082600000, 0x0000000082500000| Untracked 
|   8|0x0000000082600000, 0x0000000082700000, 0x0000000082700000|100%| O|  |TAMS 0x0000000082600000, 0x0000000082600000| Untracked 
|   9|0x0000000082700000, 0x0000000082800000, 0x0000000082800000|100%| O|  |TAMS 0x0000000082700000, 0x0000000082700000| Untracked 
|  10|0x0000000082800000, 0x0000000082900000, 0x0000000082900000|100%| O|  |TAMS 0x0000000082800000, 0x0000000082800000| Untracked 
|  11|0x0000000082900000, 0x0000000082a00000, 0x0000000082a00000|100%| O|  |TAMS 0x0000000082900000, 0x0000000082900000| Untracked 
|  12|0x0000000082a00000, 0x0000000082b00000, 0x0000000082b00000|100%| O|  |TAMS 0x0000000082b00000, 0x0000000082a00000| Untracked 
|  13|0x0000000082b00000, 0x0000000082b00000, 0x0000000082c00000|  0%| F|  |TAMS 0x0000000082b00000, 0x0000000082b00000| Untracked 
|  14|0x0000000082c00000, 0x0000000082d00000, 0x0000000082d00000|100%| O|  |TAMS 0x0000000082c00000, 0x0000000082c00000| Untracked 
|  15|0x0000000082d00000, 0x0000000082e00000, 0x0000000082e00000|100%| O|  |TAMS 0x0000000082d00000, 0x0000000082d00000| Untracked 
|  16|0x0000000082e00000, 0x0000000082f00000, 0x0000000082f00000|100%| O|  |TAMS 0x0000000082e00000, 0x0000000082e00000| Untracked 
|  17|0x0000000082f00000, 0x0000000083000000, 0x0000000083000000|100%| O|  |TAMS 0x0000000082f00000, 0x0000000082f00000| Untracked 
|  18|0x0000000083000000, 0x0000000083100000, 0x0000000083100000|100%| O|  |TAMS 0x0000000083000000, 0x0000000083000000| Untracked 
|  19|0x0000000083100000, 0x00000000831f9400, 0x0000000083200000| 97%| O|  |TAMS 0x0000000083100000, 0x0000000083100000| Untracked 
|  20|0x0000000083200000, 0x0000000083200000, 0x0000000083300000|  0%| F|  |TAMS 0x0000000083200000, 0x0000000083200000| Untracked 
|  21|0x0000000083300000, 0x0000000083300000, 0x0000000083400000|  0%| F|  |TAMS 0x0000000083300000, 0x0000000083300000| Untracked 
|  22|0x0000000083400000, 0x0000000083400000, 0x0000000083500000|  0%| F|  |TAMS 0x0000000083400000, 0x0000000083400000| Untracked 
|  23|0x0000000083500000, 0x0000000083500000, 0x0000000083600000|  0%| F|  |TAMS 0x0000000083500000, 0x0000000083500000| Untracked 
|  24|0x0000000083600000, 0x0000000083600000, 0x0000000083700000|  0%| F|  |TAMS 0x0000000083600000, 0x0000000083600000| Untracked 
|  25|0x0000000083700000, 0x0000000083700000, 0x0000000083800000|  0%| F|  |TAMS 0x0000000083700000, 0x0000000083700000| Untracked 
|  26|0x0000000083800000, 0x0000000083800000, 0x0000000083900000|  0%| F|  |TAMS 0x0000000083800000, 0x0000000083800000| Untracked 
|  27|0x0000000083900000, 0x0000000083900000, 0x0000000083a00000|  0%| F|  |TAMS 0x0000000083900000, 0x0000000083900000| Untracked 
|  28|0x0000000083a00000, 0x0000000083a00000, 0x0000000083b00000|  0%| F|  |TAMS 0x0000000083a00000, 0x0000000083a00000| Untracked 
|  29|0x0000000083b00000, 0x0000000083b00000, 0x0000000083c00000|  0%| F|  |TAMS 0x0000000083b00000, 0x0000000083b00000| Untracked 
|  30|0x0000000083c00000, 0x0000000083c00000, 0x0000000083d00000|  0%| F|  |TAMS 0x0000000083c00000, 0x0000000083c00000| Untracked 
|  31|0x0000000083d00000, 0x0000000083d00000, 0x0000000083e00000|  0%| F|  |TAMS 0x0000000083d00000, 0x0000000083d00000| Untracked 
|  32|0x0000000083e00000, 0x0000000083e00000, 0x0000000083f00000|  0%| F|  |TAMS 0x0000000083e00000, 0x0000000083e00000| Untracked 
|  33|0x0000000083f00000, 0x0000000083f00000, 0x0000000084000000|  0%| F|  |TAMS 0x0000000083f00000, 0x0000000083f00000| Untracked 
|  34|0x0000000084000000, 0x0000000084000000, 0x0000000084100000|  0%| F|  |TAMS 0x0000000084000000, 0x0000000084000000| Untracked 
|  35|0x0000000084100000, 0x00000000841c3000, 0x0000000084200000| 76%| S|CS|TAMS 0x0000000084100000, 0x0000000084100000| Complete 
|  36|0x0000000084200000, 0x0000000084300000, 0x0000000084300000|100%| S|CS|TAMS 0x0000000084200000, 0x0000000084200000| Complete 
|  37|0x0000000084300000, 0x0000000084400000, 0x0000000084400000|100%| S|CS|TAMS 0x0000000084300000, 0x0000000084300000| Complete 
|  38|0x0000000084400000, 0x0000000084500000, 0x0000000084500000|100%| S|CS|TAMS 0x0000000084400000, 0x0000000084400000| Complete 
|  39|0x0000000084500000, 0x0000000084500000, 0x0000000084600000|  0%| F|  |TAMS 0x0000000084500000, 0x0000000084500000| Untracked 
|  40|0x0000000084600000, 0x0000000084600000, 0x0000000084700000|  0%| F|  |TAMS 0x0000000084600000, 0x0000000084600000| Untracked 
|  41|0x0000000084700000, 0x0000000084700000, 0x0000000084800000|  0%| F|  |TAMS 0x0000000084700000, 0x0000000084700000| Untracked 
|  42|0x0000000084800000, 0x0000000084800000, 0x0000000084900000|  0%| F|  |TAMS 0x0000000084800000, 0x0000000084800000| Untracked 
|  43|0x0000000084900000, 0x0000000084900000, 0x0000000084a00000|  0%| F|  |TAMS 0x0000000084900000, 0x0000000084900000| Untracked 
|  44|0x0000000084a00000, 0x0000000084a00000, 0x0000000084b00000|  0%| F|  |TAMS 0x0000000084a00000, 0x0000000084a00000| Untracked 
|  45|0x0000000084b00000, 0x0000000084b00000, 0x0000000084c00000|  0%| F|  |TAMS 0x0000000084b00000, 0x0000000084b00000| Untracked 
|  46|0x0000000084c00000, 0x0000000084c00000, 0x0000000084d00000|  0%| F|  |TAMS 0x0000000084c00000, 0x0000000084c00000| Untracked 
|  47|0x0000000084d00000, 0x0000000084d00000, 0x0000000084e00000|  0%| F|  |TAMS 0x0000000084d00000, 0x0000000084d00000| Untracked 
|  48|0x0000000084e00000, 0x0000000084e00000, 0x0000000084f00000|  0%| F|  |TAMS 0x0000000084e00000, 0x0000000084e00000| Untracked 
|  49|0x0000000084f00000, 0x0000000084f00000, 0x0000000085000000|  0%| F|  |TAMS 0x0000000084f00000, 0x0000000084f00000| Untracked 
|  50|0x0000000085000000, 0x0000000085000000, 0x0000000085100000|  0%| F|  |TAMS 0x0000000085000000, 0x0000000085000000| Untracked 
|  51|0x0000000085100000, 0x0000000085100000, 0x0000000085200000|  0%| F|  |TAMS 0x0000000085100000, 0x0000000085100000| Untracked 
|  52|0x0000000085200000, 0x0000000085200000, 0x0000000085300000|  0%| F|  |TAMS 0x0000000085200000, 0x0000000085200000| Untracked 
|  53|0x0000000085300000, 0x0000000085300000, 0x0000000085400000|  0%| F|  |TAMS 0x0000000085300000, 0x0000000085300000| Untracked 
|  54|0x0000000085400000, 0x0000000085400000, 0x0000000085500000|  0%| F|  |TAMS 0x0000000085400000, 0x0000000085400000| Untracked 
|  55|0x0000000085500000, 0x0000000085500000, 0x0000000085600000|  0%| F|  |TAMS 0x0000000085500000, 0x0000000085500000| Untracked 
|  56|0x0000000085600000, 0x0000000085600000, 0x0000000085700000|  0%| F|  |TAMS 0x0000000085600000, 0x0000000085600000| Untracked 
|  57|0x0000000085700000, 0x0000000085700000, 0x0000000085800000|  0%| F|  |TAMS 0x0000000085700000, 0x0000000085700000| Untracked 
|  58|0x0000000085800000, 0x0000000085800000, 0x0000000085900000|  0%| F|  |TAMS 0x0000000085800000, 0x0000000085800000| Untracked 
|  59|0x0000000085900000, 0x0000000085900000, 0x0000000085a00000|  0%| F|  |TAMS 0x0000000085900000, 0x0000000085900000| Untracked 
|  60|0x0000000085a00000, 0x0000000085a00000, 0x0000000085b00000|  0%| F|  |TAMS 0x0000000085a00000, 0x0000000085a00000| Untracked 
|  61|0x0000000085b00000, 0x0000000085b00000, 0x0000000085c00000|  0%| F|  |TAMS 0x0000000085b00000, 0x0000000085b00000| Untracked 
|  62|0x0000000085c00000, 0x0000000085c00000, 0x0000000085d00000|  0%| F|  |TAMS 0x0000000085c00000, 0x0000000085c00000| Untracked 
|  63|0x0000000085d00000, 0x0000000085d00000, 0x0000000085e00000|  0%| F|  |TAMS 0x0000000085d00000, 0x0000000085d00000| Untracked 
|  64|0x0000000085e00000, 0x0000000085e00000, 0x0000000085f00000|  0%| F|  |TAMS 0x0000000085e00000, 0x0000000085e00000| Untracked 
|  65|0x0000000085f00000, 0x0000000085f00000, 0x0000000086000000|  0%| F|  |TAMS 0x0000000085f00000, 0x0000000085f00000| Untracked 
| 127|0x0000000089d00000, 0x0000000089d00000, 0x0000000089e00000|  0%| F|  |TAMS 0x0000000089d00000, 0x0000000089d00000| Untracked 

Card table byte_map: [0x00000169e98b0000,0x00000169e9cb0000] _byte_map_base: 0x00000169e94a1000

Marking Bits (Prev, Next): (CMBitMap*) 0x00000169de9aaa50, (CMBitMap*) 0x00000169de9aaa10
 Prev Bits: [0x00000169ec040000, 0x00000169edfc8000)
 Next Bits: [0x00000169ea0b0000, 0x00000169ec038000)

Polling page: 0x00000169dc7f0000

Metaspace:

Usage:
  Non-class:     23.49 MB used.
      Class:      3.81 MB used.
       Both:     27.30 MB used.

Virtual space:
  Non-class space:       64.00 MB reserved,      23.75 MB ( 37%) committed,  1 nodes.
      Class space:        1.00 GB reserved,       4.00 MB ( <1%) committed,  1 nodes.
             Both:        1.06 GB reserved,      27.75 MB (  3%) committed. 

Chunk freelists:
   Non-Class:  8.23 MB
       Class:  12.00 MB
        Both:  20.24 MB

MaxMetaspaceSize: unlimited
CompressedClassSpaceSize: 1.00 GB
Initial GC threshold: 21.00 MB
Current GC threshold: 35.44 MB
CDS: on
MetaspaceReclaimPolicy: balanced
 - commit_granule_bytes: 65536.
 - commit_granule_words: 8192.
 - virtual_space_node_default_size: 8388608.
 - enlarge_chunks_in_place: 1.
 - new_chunks_are_fully_committed: 0.
 - uncommit_free_chunks: 1.
 - use_allocation_guard: 0.
 - handle_deallocations: 1.


Internal statistics:

num_allocs_failed_limit: 5.
num_arena_births: 584.
num_arena_deaths: 0.
num_vsnodes_births: 2.
num_vsnodes_deaths: 0.
num_space_committed: 444.
num_space_uncommitted: 0.
num_chunks_returned_to_freelist: 5.
num_chunks_taken_from_freelist: 1615.
num_chunk_merges: 5.
num_chunk_splits: 1055.
num_chunks_enlarged: 710.
num_inconsistent_stats: 0.

CodeCache: size=49152Kb used=8506Kb max_used=8506Kb free=40645Kb
 bounds [0x00000169e64b0000, 0x00000169e6d00000, 0x00000169e94b0000]
 total_blobs=4485 nmethods=3953 adapters=457
 compilation: enabled
              stopped_count=0, restarted_count=0
 full_count=0

Compilation events (20 events):
Event: 8.911 Thread 0x00000169f0359f40 3937       1       org.springframework.core.ResolvableType::forMethodReturnType (20 bytes)
Event: 8.911 Thread 0x00000169f0359f40 nmethod 3937 0x00000169e6cf8d10 code [0x00000169e6cf8ee0, 0x00000169e6cf9218]
Event: 8.912 Thread 0x00000169f0359f40 3939       1       java.lang.WeakPairMap$Pair::equals (34 bytes)
Event: 8.912 Thread 0x00000169f5e3baf0 3940       1       java.lang.WeakPairMap$Pair$Lookup::equals (31 bytes)
Event: 8.912 Thread 0x00000169f0359f40 nmethod 3939 0x00000169e6cf9890 code [0x00000169e6cf9a40, 0x00000169e6cf9b98]
Event: 8.912 Thread 0x00000169f5e3baf0 nmethod 3940 0x00000169e6cf9c90 code [0x00000169e6cf9e40, 0x00000169e6cfa098]
Event: 8.913 Thread 0x00000169f0389c00 3941       1       java.lang.reflect.Proxy$ProxyBuilder::ensureAccess (39 bytes)
Event: 8.914 Thread 0x00000169f0389c00 nmethod 3941 0x00000169e6cfa190 code [0x00000169e6cfa380, 0x00000169e6cfa6a8]
Event: 8.915 Thread 0x00000169f0359f40 3942       1       java.lang.reflect.ProxyGenerator$ProxyMethod::codeUnwrapReturnValue (172 bytes)
Event: 8.915 Thread 0x00000169f0389c00 3943       1       jdk.internal.org.objectweb.asm.SymbolTable::addMergedType (164 bytes)
Event: 8.915 Thread 0x00000169f5e3baf0 3944       1       java.lang.reflect.ProxyGenerator$ProxyMethod::codeFieldInitialization (165 bytes)
Event: 8.916 Thread 0x00000169f0389c00 nmethod 3943 0x00000169e6cfa910 code [0x00000169e6cfab00, 0x00000169e6cfae98]
Event: 8.916 Thread 0x00000169f0359f40 nmethod 3942 0x00000169e6cfb210 code [0x00000169e6cfb480, 0x00000169e6cfb9d8]
Event: 8.916 Thread 0x00000169f5e3baf0 nmethod 3944 0x00000169e6cfbc90 code [0x00000169e6cfbf40, 0x00000169e6cfc588]
Event: 8.940 Thread 0x00000169f0359f40 3945       1       java.lang.Class::getMethods (26 bytes)
Event: 8.940 Thread 0x00000169f0359f40 nmethod 3945 0x00000169e6cfca90 code [0x00000169e6cfcc60, 0x00000169e6cfcdb8]
Event: 8.946 Thread 0x00000169f0359f40 3946       1       java.lang.ThreadLocal::set (30 bytes)
Event: 8.946 Thread 0x00000169f0359f40 nmethod 3946 0x00000169e6cfce90 code [0x00000169e6cfd060, 0x00000169e6cfd208]
Event: 8.955 Thread 0x00000169f0389c00 3947       1       java.lang.reflect.Field::getAnnotation (23 bytes)
Event: 8.955 Thread 0x00000169f0389c00 nmethod 3947 0x00000169e6cfd310 code [0x00000169e6cfd500, 0x00000169e6cfd808]

GC Heap History (15 events):
Event: 1.873 GC heap before
{Heap before GC invocations=0 (full 0):
 garbage-first heap   total 131072K, used 14336K [0x0000000081e00000, 0x0000000100000000)
  region size 1024K, 13 young (13312K), 0 survivors (0K)
 Metaspace       used 3981K, committed 4096K, reserved 1114112K
  class space    used 476K, committed 512K, reserved 1048576K
}
Event: 1.912 GC heap after
{Heap after GC invocations=1 (full 0):
 garbage-first heap   total 131072K, used 8060K [0x0000000081e00000, 0x0000000100000000)
  region size 1024K, 2 young (2048K), 2 survivors (2048K)
 Metaspace       used 3981K, committed 4096K, reserved 1114112K
  class space    used 476K, committed 512K, reserved 1048576K
}
Event: 3.087 GC heap before
{Heap before GC invocations=1 (full 0):
 garbage-first heap   total 131072K, used 15228K [0x0000000081e00000, 0x0000000100000000)
  region size 1024K, 9 young (9216K), 2 survivors (2048K)
 Metaspace       used 6552K, committed 6784K, reserved 1114112K
  class space    used 820K, committed 896K, reserved 1048576K
}
Event: 3.093 GC heap after
{Heap after GC invocations=2 (full 0):
 garbage-first heap   total 131072K, used 8900K [0x0000000081e00000, 0x0000000100000000)
  region size 1024K, 1 young (1024K), 1 survivors (1024K)
 Metaspace       used 6552K, committed 6784K, reserved 1114112K
  class space    used 820K, committed 896K, reserved 1048576K
}
Event: 4.360 GC heap before
{Heap before GC invocations=2 (full 0):
 garbage-first heap   total 131072K, used 34500K [0x0000000081e00000, 0x0000000100000000)
  region size 1024K, 22 young (22528K), 1 survivors (1024K)
 Metaspace       used 9667K, committed 9920K, reserved 1114112K
  class space    used 1212K, committed 1280K, reserved 1048576K
}
Event: 4.369 GC heap after
{Heap after GC invocations=3 (full 0):
 garbage-first heap   total 131072K, used 12592K [0x0000000081e00000, 0x0000000100000000)
  region size 1024K, 3 young (3072K), 3 survivors (3072K)
 Metaspace       used 9667K, committed 9920K, reserved 1114112K
  class space    used 1212K, committed 1280K, reserved 1048576K
}
Event: 6.394 GC heap before
{Heap before GC invocations=3 (full 0):
 garbage-first heap   total 131072K, used 71984K [0x0000000081e00000, 0x0000000100000000)
  region size 1024K, 62 young (63488K), 3 survivors (3072K)
 Metaspace       used 21137K, committed 21504K, reserved 1114112K
  class space    used 2840K, committed 3008K, reserved 1048576K
}
Event: 6.406 GC heap after
{Heap after GC invocations=4 (full 0):
 garbage-first heap   total 131072K, used 17050K [0x0000000081e00000, 0x0000000100000000)
  region size 1024K, 8 young (8192K), 8 survivors (8192K)
 Metaspace       used 21137K, committed 21504K, reserved 1114112K
  class space    used 2840K, committed 3008K, reserved 1048576K
}
Event: 7.370 GC heap before
{Heap before GC invocations=5 (full 0):
 garbage-first heap   total 65536K, used 46746K [0x0000000081e00000, 0x0000000100000000)
  region size 1024K, 38 young (38912K), 8 survivors (8192K)
 Metaspace       used 23407K, committed 23872K, reserved 1114112K
  class space    used 3168K, committed 3392K, reserved 1048576K
}
Event: 7.388 GC heap after
{Heap after GC invocations=6 (full 0):
 garbage-first heap   total 65536K, used 19427K [0x0000000081e00000, 0x0000000100000000)
  region size 1024K, 3 young (3072K), 3 survivors (3072K)
 Metaspace       used 23407K, committed 23872K, reserved 1114112K
  class space    used 3168K, committed 3392K, reserved 1048576K
}
Event: 7.415 GC heap before
{Heap before GC invocations=6 (full 0):
 garbage-first heap   total 65536K, used 20451K [0x0000000081e00000, 0x0000000100000000)
  region size 1024K, 4 young (4096K), 3 survivors (3072K)
 Metaspace       used 23409K, committed 23872K, reserved 1114112K
  class space    used 3169K, committed 3392K, reserved 1048576K
}
Event: 7.427 GC heap after
{Heap after GC invocations=7 (full 0):
 garbage-first heap   total 65536K, used 20152K [0x0000000081e00000, 0x0000000100000000)
  region size 1024K, 1 young (1024K), 1 survivors (1024K)
 Metaspace       used 23409K, committed 23872K, reserved 1114112K
  class space    used 3169K, committed 3392K, reserved 1048576K
}
Event: 8.169 GC heap before
{Heap before GC invocations=7 (full 0):
 garbage-first heap   total 65536K, used 42680K [0x0000000081e00000, 0x0000000100000000)
  region size 1024K, 23 young (23552K), 1 survivors (1024K)
 Metaspace       used 25414K, committed 25856K, reserved 1114112K
  class space    used 3480K, committed 3712K, reserved 1048576K
}
Event: 8.183 GC heap after
{Heap after GC invocations=8 (full 0):
 garbage-first heap   total 65536K, used 21235K [0x0000000081e00000, 0x0000000100000000)
  region size 1024K, 2 young (2048K), 2 survivors (2048K)
 Metaspace       used 25414K, committed 25856K, reserved 1114112K
  class space    used 3480K, committed 3712K, reserved 1048576K
}
Event: 9.016 GC heap before
{Heap before GC invocations=8 (full 0):
 garbage-first heap   total 65536K, used 44787K [0x0000000081e00000, 0x0000000100000000)
  region size 1024K, 25 young (25600K), 2 survivors (2048K)
 Metaspace       used 27958K, committed 28416K, reserved 1114112K
  class space    used 3899K, committed 4096K, reserved 1048576K
}

Dll operation events (12 events):
Event: 0.152 Loaded shared library D:\Program Files\bin\java.dll
Event: 0.220 Loaded shared library D:\Program Files\bin\jsvml.dll
Event: 0.636 Loaded shared library D:\Program Files\bin\zip.dll
Event: 0.642 Loaded shared library D:\Program Files\bin\instrument.dll
Event: 0.654 Loaded shared library D:\Program Files\bin\net.dll
Event: 0.656 Loaded shared library D:\Program Files\bin\nio.dll
Event: 0.662 Loaded shared library D:\Program Files\bin\zip.dll
Event: 1.391 Loaded shared library D:\Program Files\bin\jimage.dll
Event: 1.459 Loaded shared library D:\Program Files\bin\extnet.dll
Event: 1.481 Loaded shared library D:\Program Files\bin\management.dll
Event: 1.508 Loaded shared library D:\Program Files\bin\management_ext.dll
Event: 6.556 Loaded shared library D:\Program Files\bin\sunmscapi.dll

Deoptimization events (0 events):
No events

Classes loaded (20 events):
Event: 8.720 Loading class javax/naming/NameNotFoundException
Event: 8.720 Loading class javax/naming/NameNotFoundException done
Event: 8.781 Loading class java/text/MessageFormat
Event: 8.781 Loading class java/text/MessageFormat done
Event: 8.794 Loading class java/net/URLClassLoader
Event: 8.794 Loading class java/net/URLClassLoader done
Event: 8.804 Loading class java/nio/file/InvalidPathException
Event: 8.805 Loading class java/nio/file/InvalidPathException done
Event: 8.874 Loading class java/util/stream/SortedOps$SizedRefSortingSink
Event: 8.875 Loading class java/util/stream/SortedOps$SizedRefSortingSink done
Event: 8.948 Loading class java/security/KeyStoreException
Event: 8.948 Loading class java/security/KeyStoreException done
Event: 8.948 Loading class java/security/UnrecoverableKeyException
Event: 8.948 Loading class java/security/UnrecoverableEntryException
Event: 8.949 Loading class java/security/UnrecoverableEntryException done
Event: 8.949 Loading class java/security/UnrecoverableKeyException done
Event: 8.960 Loading class java/util/function/ObjIntConsumer
Event: 8.960 Loading class java/util/function/ObjIntConsumer done
Event: 8.965 Loading class java/lang/Class$EnclosingMethodInfo
Event: 8.966 Loading class java/lang/Class$EnclosingMethodInfo done

Classes unloaded (0 events):
No events

Classes redefined (0 events):
No events

Internal exceptions (20 events):
Event: 6.360 Thread 0x00000169f55113e0 Exception <a 'java/lang/NoSuchMethodError'{0x00000000863f8e70}: 'java.lang.Object java.lang.invoke.DirectMethodHandle$Holder.invokeStaticInit(java.lang.Object, java.lang.Object, java.lang.Object, java.lang.Object, java.lang.Object)'> (0x00000000863f8e70) 
thrown [s\src\hotspot\share\interpreter\linkResolver.cpp, line 759]
Event: 6.557 Thread 0x00000169de94f190 Exception <a 'java/lang/IncompatibleClassChangeError'{0x0000000084fb7750}: Found class java.lang.Object, but interface was expected> (0x0000000084fb7750) 
thrown [s\src\hotspot\share\interpreter\linkResolver.cpp, line 826]
Event: 6.617 Thread 0x00000169f54bd330 Exception <a 'java/lang/reflect/InvocationTargetException'{0x0000000084c8bbb8}> (0x0000000084c8bbb8) 
thrown [s\src\hotspot\share\runtime\reflection.cpp, line 1128]
Event: 6.848 Thread 0x00000169de94f190 Exception <a 'java/lang/NoSuchMethodError'{0x0000000084768570}: 'java.lang.Object java.lang.invoke.DirectMethodHandle$Holder.invokeSpecial(java.lang.Object, java.lang.Object, int, java.lang.Object, java.lang.Object)'> (0x0000000084768570) 
thrown [s\src\hotspot\share\interpreter\linkResolver.cpp, line 759]
Event: 6.848 Thread 0x00000169de94f190 Exception <a 'java/lang/NoSuchMethodError'{0x000000008476c218}: 'java.lang.Object java.lang.invoke.DelegatingMethodHandle$Holder.delegate(java.lang.Object, int, java.lang.Object, java.lang.Object)'> (0x000000008476c218) 
thrown [s\src\hotspot\share\interpreter\linkResolver.cpp, line 759]
Event: 6.850 Thread 0x00000169de94f190 Exception <a 'java/lang/NoSuchMethodError'{0x000000008477d100}: 'int java.lang.invoke.Invokers$Holder.linkToTargetMethod(java.lang.Object, java.lang.Object, java.lang.Object)'> (0x000000008477d100) 
thrown [s\src\hotspot\share\interpreter\linkResolver.cpp, line 759]
Event: 7.127 Thread 0x00000169f54bd330 Exception <a 'java/lang/reflect/InvocationTargetException'{0x0000000084ca3490}> (0x0000000084ca3490) 
thrown [s\src\hotspot\share\runtime\reflection.cpp, line 1128]
Event: 8.649 Thread 0x00000169de94f190 Exception <a 'java/lang/NoSuchMethodError'{0x000000008505a680}: 'java.lang.Object java.lang.invoke.DirectMethodHandle$Holder.newInvokeSpecial(java.lang.Object, java.lang.Object, java.lang.Object, java.lang.Object, java.lang.Object, java.lang.Object)'> (0x000000008505a680) 
thrown [s\src\hotspot\share\interpreter\linkResolver.cpp, line 759]
Event: 8.690 Thread 0x00000169de94f190 Exception <a 'java/lang/NoClassDefFoundError'{0x0000000084f3cc00}: org/flywaydb/core/Flyway> (0x0000000084f3cc00) 
thrown [s\src\hotspot\share\classfile\systemDictionary.cpp, line 245]
Event: 8.690 Thread 0x00000169de94f190 Exception <a 'java/lang/NoClassDefFoundError'{0x0000000084f3f288}: liquibase/integration/spring/SpringLiquibase> (0x0000000084f3f288) 
thrown [s\src\hotspot\share\classfile\systemDictionary.cpp, line 245]
Event: 8.972 Thread 0x00000169de94f190 Exception <a 'java/lang/NoSuchMethodError'{0x0000000084895870}: 'void java.lang.invoke.DirectMethodHandle$Holder.invokeStatic(java.lang.Object, int, java.lang.Object)'> (0x0000000084895870) 
thrown [s\src\hotspot\share\interpreter\linkResolver.cpp, line 759]
Event: 8.980 Thread 0x00000169de94f190 Exception <a 'java/lang/NoSuchMethodError'{0x00000000848cb350}: 'void java.lang.invoke.DirectMethodHandle$Holder.invokeInterface(java.lang.Object, java.lang.Object, int)'> (0x00000000848cb350) 
thrown [s\src\hotspot\share\interpreter\linkResolver.cpp, line 759]
Event: 8.988 Thread 0x00000169de94f190 Exception <a 'java/lang/IncompatibleClassChangeError'{0x000000008471b1e0}: Found class java.lang.Object, but interface was expected> (0x000000008471b1e0) 
thrown [s\src\hotspot\share\interpreter\linkResolver.cpp, line 826]
Event: 8.990 Thread 0x00000169de94f190 Exception <a 'java/lang/NoSuchMethodError'{0x000000008472bd08}: 'int java.lang.invoke.DirectMethodHandle$Holder.invokeSpecialIFC(java.lang.Object, java.lang.Object, java.lang.Object)'> (0x000000008472bd08) 
thrown [s\src\hotspot\share\interpreter\linkResolver.cpp, line 759]
Event: 8.997 Thread 0x00000169de94f190 Exception <a 'java/lang/NoSuchMethodError'{0x000000008476bba0}: 'int java.lang.invoke.DirectMethodHandle$Holder.invokeSpecial(java.lang.Object, java.lang.Object, int)'> (0x000000008476bba0) 
thrown [s\src\hotspot\share\interpreter\linkResolver.cpp, line 759]
Event: 8.999 Thread 0x00000169de94f190 Exception <a 'java/lang/NoSuchMethodError'{0x00000000847799d8}: 'void java.lang.invoke.DirectMethodHandle$Holder.invokeVirtual(java.lang.Object, java.lang.Object, int)'> (0x00000000847799d8) 
thrown [s\src\hotspot\share\interpreter\linkResolver.cpp, line 759]
Event: 9.000 Thread 0x00000169de94f190 Exception <a 'java/lang/NoSuchMethodError'{0x000000008477fc10}: 'void java.lang.invoke.DirectMethodHandle$Holder.invokeStatic(java.lang.Object, java.lang.Object, java.lang.Object, int, java.lang.Object)'> (0x000000008477fc10) 
thrown [s\src\hotspot\share\interpreter\linkResolver.cpp, line 759]
Event: 9.001 Thread 0x00000169de94f190 Exception <a 'java/lang/NoSuchMethodError'{0x0000000084787118}: 'java.lang.Object java.lang.invoke.DirectMethodHandle$Holder.newInvokeSpecial(java.lang.Object, java.lang.Object, java.lang.Object, int)'> (0x0000000084787118) 
thrown [s\src\hotspot\share\interpreter\linkResolver.cpp, line 759]
Event: 9.001 Thread 0x00000169de94f190 Exception <a 'java/lang/NoSuchMethodError'{0x000000008478b400}: 'java.lang.Object java.lang.invoke.DirectMethodHandle$Holder.invokeSpecial(java.lang.Object, java.lang.Object, java.lang.Object, java.lang.Object, int)'> (0x000000008478b400) 
thrown [s\src\hotspot\share\interpreter\linkResolver.cpp, line 759]
Event: 9.001 Thread 0x00000169de94f190 Exception <a 'java/lang/NoSuchMethodError'{0x000000008478efc8}: 'java.lang.Object java.lang.invoke.Invokers$Holder.linkToTargetMethod(java.lang.Object, java.lang.Object, int, java.lang.Object)'> (0x000000008478efc8) 
thrown [s\src\hotspot\share\interpreter\linkResolver.cpp, line 759]

VM Operations (20 events):
Event: 6.446 Executing VM operation: G1PauseCleanup done
Event: 6.578 Executing VM operation: HandshakeAllThreads
Event: 6.578 Executing VM operation: HandshakeAllThreads done
Event: 7.308 Executing VM operation: HandshakeAllThreads
Event: 7.308 Executing VM operation: HandshakeAllThreads done
Event: 7.310 Executing VM operation: ICBufferFull
Event: 7.310 Executing VM operation: ICBufferFull done
Event: 7.370 Executing VM operation: G1CollectForAllocation
Event: 7.388 Executing VM operation: G1CollectForAllocation done
Event: 7.415 Executing VM operation: G1CollectForAllocation
Event: 7.427 Executing VM operation: G1CollectForAllocation done
Event: 7.461 Executing VM operation: HandshakeAllThreads
Event: 7.461 Executing VM operation: HandshakeAllThreads done
Event: 8.169 Executing VM operation: G1CollectForAllocation
Event: 8.183 Executing VM operation: G1CollectForAllocation done
Event: 8.234 Executing VM operation: HandshakeAllThreads
Event: 8.234 Executing VM operation: HandshakeAllThreads done
Event: 8.743 Executing VM operation: HandshakeAllThreads
Event: 8.743 Executing VM operation: HandshakeAllThreads done
Event: 9.016 Executing VM operation: G1CollectForAllocation

Memory protections (0 events):
No events

Nmethod flushes (0 events):
No events

Events (20 events):
Event: 5.321 Thread 0x00000169f55118f0 Thread exited: 0x00000169f55118f0
Event: 5.548 Thread 0x00000169de94f190 Thread added: 0x00000169f55113e0
Event: 5.593 Thread 0x00000169f54bd330 Thread added: 0x00000169f5512310
Event: 5.602 Thread 0x00000169f5512310 Thread exited: 0x00000169f5512310
Event: 5.701 Thread 0x00000169f0389c00 Thread added: 0x00000169f5e3baf0
Event: 6.103 Thread 0x00000169f54bd330 Thread added: 0x00000169f55118f0
Event: 6.118 Thread 0x00000169f55118f0 Thread exited: 0x00000169f55118f0
Event: 6.342 Thread 0x00000169de94f190 Thread added: 0x00000169f5514170
Event: 6.517 Thread 0x00000169f5514170 Thread exited: 0x00000169f5514170
Event: 6.577 Thread 0x00000169f55113e0 Thread exited: 0x00000169f55113e0
Event: 6.612 Thread 0x00000169f54bd330 Thread added: 0x00000169f5514b90
Event: 6.620 Thread 0x00000169f5514b90 Thread exited: 0x00000169f5514b90
Event: 7.122 Thread 0x00000169f54bd330 Thread added: 0x00000169f5514170
Event: 7.129 Thread 0x00000169f5514170 Thread exited: 0x00000169f5514170
Event: 7.631 Thread 0x00000169f54bd330 Thread added: 0x00000169f55113e0
Event: 7.638 Thread 0x00000169f55113e0 Thread exited: 0x00000169f55113e0
Event: 8.141 Thread 0x00000169f54bd330 Thread added: 0x00000169f5512310
Event: 8.147 Thread 0x00000169f5512310 Thread exited: 0x00000169f5512310
Event: 8.650 Thread 0x00000169f54bd330 Thread added: 0x00000169f5512d30
Event: 8.657 Thread 0x00000169f5512d30 Thread exited: 0x00000169f5512d30


Dynamic libraries:
0x00007ff7eb190000 - 0x00007ff7eb19e000 	D:\Program Files\bin\java.exe
0x00007ffb2d770000 - 0x00007ffb2d968000 	C:\WINDOWS\SYSTEM32\ntdll.dll
0x00007ffb2cf40000 - 0x00007ffb2d002000 	C:\WINDOWS\System32\KERNEL32.DLL
0x00007ffb2aff0000 - 0x00007ffb2b2e6000 	C:\WINDOWS\System32\KERNELBASE.dll
0x00007ffb2b490000 - 0x00007ffb2b590000 	C:\WINDOWS\System32\ucrtbase.dll
0x00007ffb17e40000 - 0x00007ffb17e58000 	D:\Program Files\bin\jli.dll
0x00007ffb2be40000 - 0x00007ffb2bfe1000 	C:\WINDOWS\System32\USER32.dll
0x00007ffb2afc0000 - 0x00007ffb2afe2000 	C:\WINDOWS\System32\win32u.dll
0x00007ffb2c130000 - 0x00007ffb2c15b000 	C:\WINDOWS\System32\GDI32.dll
0x00007ffb2b370000 - 0x00007ffb2b489000 	C:\WINDOWS\System32\gdi32full.dll
0x00007ffb2b6f0000 - 0x00007ffb2b78d000 	C:\WINDOWS\System32\msvcp_win.dll
0x00007ffb17e00000 - 0x00007ffb17e1e000 	D:\Program Files\bin\VCRUNTIME140.dll
0x00007ffb13f40000 - 0x00007ffb141db000 	C:\WINDOWS\WinSxS\amd64_microsoft.windows.common-controls_6595b64144ccf1df_6.0.19041.6456_none_60b8a6cb71f64256\COMCTL32.dll
0x00007ffb2c730000 - 0x00007ffb2c7ce000 	C:\WINDOWS\System32\msvcrt.dll
0x00007ffb2b970000 - 0x00007ffb2b99f000 	C:\WINDOWS\System32\IMM32.DLL
0x00007ffb24890000 - 0x00007ffb2489c000 	D:\Program Files\bin\vcruntime140_1.dll
0x00007ffaffa70000 - 0x00007ffaffafd000 	D:\Program Files\bin\msvcp140.dll
0x00007ffab22b0000 - 0x00007ffab2f1b000 	D:\Program Files\bin\server\jvm.dll
0x00007ffb2d550000 - 0x00007ffb2d601000 	C:\WINDOWS\System32\ADVAPI32.dll
0x00007ffb2c690000 - 0x00007ffb2c72f000 	C:\WINDOWS\System32\sechost.dll
0x00007ffb2bd20000 - 0x00007ffb2be40000 	C:\WINDOWS\System32\RPCRT4.dll
0x00007ffb2ae90000 - 0x00007ffb2aeb7000 	C:\WINDOWS\System32\bcrypt.dll
0x00007ffb2d480000 - 0x00007ffb2d4eb000 	C:\WINDOWS\System32\WS2_32.dll
0x00007ffb2ac60000 - 0x00007ffb2acab000 	C:\WINDOWS\SYSTEM32\POWRPROF.dll
0x00007ffb0f400000 - 0x00007ffb0f427000 	C:\WINDOWS\SYSTEM32\WINMM.dll
0x00007ffb26130000 - 0x00007ffb2613a000 	C:\WINDOWS\SYSTEM32\VERSION.dll
0x00007ffb2ac40000 - 0x00007ffb2ac52000 	C:\WINDOWS\SYSTEM32\UMPDC.dll
0x00007ffb28c30000 - 0x00007ffb28c42000 	C:\WINDOWS\SYSTEM32\kernel.appcore.dll
0x00007ffb186c0000 - 0x00007ffb186ca000 	D:\Program Files\bin\jimage.dll
0x00007ffb18c30000 - 0x00007ffb18e31000 	C:\WINDOWS\SYSTEM32\DBGHELP.DLL
0x00007ffb0c0c0000 - 0x00007ffb0c0f4000 	C:\WINDOWS\SYSTEM32\dbgcore.DLL
0x00007ffb2ae00000 - 0x00007ffb2ae82000 	C:\WINDOWS\System32\bcryptPrimitives.dll
0x00007ffb18650000 - 0x00007ffb1865e000 	D:\Program Files\bin\instrument.dll
0x00007ffb05400000 - 0x00007ffb05425000 	D:\Program Files\bin\java.dll
0x00007ffaf4260000 - 0x00007ffaf4337000 	D:\Program Files\bin\jsvml.dll
0x00007ffb2c7d0000 - 0x00007ffb2cf40000 	C:\WINDOWS\System32\SHELL32.dll
0x00007ffb28e30000 - 0x00007ffb295d5000 	C:\WINDOWS\SYSTEM32\windows.storage.dll
0x00007ffb2c320000 - 0x00007ffb2c674000 	C:\WINDOWS\System32\combase.dll
0x00007ffb2a6e0000 - 0x00007ffb2a70b000 	C:\WINDOWS\SYSTEM32\Wldp.dll
0x00007ffb2bba0000 - 0x00007ffb2bc6d000 	C:\WINDOWS\System32\OLEAUT32.dll
0x00007ffb2d680000 - 0x00007ffb2d72d000 	C:\WINDOWS\System32\SHCORE.dll
0x00007ffb2d620000 - 0x00007ffb2d67b000 	C:\WINDOWS\System32\shlwapi.dll
0x00007ffb2ad30000 - 0x00007ffb2ad54000 	C:\WINDOWS\SYSTEM32\profapi.dll
0x00007ffb13160000 - 0x00007ffb13178000 	D:\Program Files\bin\zip.dll
0x00007ffb12f30000 - 0x00007ffb12f4a000 	D:\Program Files\bin\net.dll
0x00007ffb25b10000 - 0x00007ffb25c1a000 	C:\WINDOWS\SYSTEM32\WINHTTP.dll
0x00007ffb2a4c0000 - 0x00007ffb2a52a000 	C:\WINDOWS\system32\mswsock.dll
0x00007ffb12970000 - 0x00007ffb12986000 	D:\Program Files\bin\nio.dll
0x00007ffb13730000 - 0x00007ffb13739000 	D:\Program Files\bin\extnet.dll
0x00007ffb2a200000 - 0x00007ffb2a2ca000 	C:\WINDOWS\SYSTEM32\DNSAPI.dll
0x00007ffb2a1c0000 - 0x00007ffb2a1fb000 	C:\WINDOWS\SYSTEM32\IPHLPAPI.DLL
0x00007ffb2c680000 - 0x00007ffb2c688000 	C:\WINDOWS\System32\NSI.dll
0x00007ffb18ad0000 - 0x00007ffb18ada000 	C:\Windows\System32\rasadhlp.dll
0x00007ffb24c30000 - 0x00007ffb24cb0000 	C:\WINDOWS\System32\fwpuclnt.dll
0x00007ffb13420000 - 0x00007ffb1342a000 	D:\Program Files\bin\management.dll
0x00007ffb131c0000 - 0x00007ffb131cc000 	D:\Program Files\bin\management_ext.dll
0x00007ffb2d610000 - 0x00007ffb2d618000 	C:\WINDOWS\System32\PSAPI.DLL
0x00007ffb2aa30000 - 0x00007ffb2aa48000 	C:\WINDOWS\SYSTEM32\CRYPTSP.dll
0x00007ffb29e00000 - 0x00007ffb29e38000 	C:\WINDOWS\system32\rsaenh.dll
0x00007ffb2acb0000 - 0x00007ffb2acde000 	C:\WINDOWS\SYSTEM32\USERENV.dll
0x00007ffb2a650000 - 0x00007ffb2a65c000 	C:\WINDOWS\SYSTEM32\CRYPTBASE.dll
0x00007ffb25920000 - 0x00007ffb25937000 	C:\WINDOWS\SYSTEM32\dhcpcsvc6.DLL
0x00007ffb25820000 - 0x00007ffb2583d000 	C:\WINDOWS\SYSTEM32\dhcpcsvc.DLL
0x00007ffb04e40000 - 0x00007ffb04e57000 	C:\WINDOWS\system32\napinsp.dll
0x00007ffb04d00000 - 0x00007ffb04d1b000 	C:\WINDOWS\system32\pnrpnsp.dll
0x00007ffb18790000 - 0x00007ffb187ad000 	C:\WINDOWS\system32\wshbth.dll
0x00007ffb26250000 - 0x00007ffb2626d000 	C:\WINDOWS\system32\NLAapi.dll
0x00007ffb04c50000 - 0x00007ffb04c62000 	C:\WINDOWS\System32\winrnr.dll
0x00007ffb06400000 - 0x00007ffb06451000 	C:\WINDOWS\SYSTEM32\pdh.dll
0x00007ffb263a0000 - 0x00007ffb263af000 	C:\WINDOWS\System32\perfproc.dll
0x00007ffb04d30000 - 0x00007ffb04d3f000 	C:\WINDOWS\System32\perfos.dll
0x00007ffb131b0000 - 0x00007ffb131be000 	D:\Program Files\bin\sunmscapi.dll
0x00007ffb2b590000 - 0x00007ffb2b6ed000 	C:\WINDOWS\System32\CRYPT32.dll
0x00007ffb2a750000 - 0x00007ffb2a777000 	C:\WINDOWS\SYSTEM32\ncrypt.dll
0x00007ffb2a710000 - 0x00007ffb2a74b000 	C:\WINDOWS\SYSTEM32\NTASN1.dll

dbghelp: loaded successfully - version: 4.0.5 - missing functions: none
symbol engine: initialized successfully - sym options: 0x614 - pdb path: .;D:\Program Files\bin;C:\WINDOWS\SYSTEM32;C:\WINDOWS\WinSxS\amd64_microsoft.windows.common-controls_6595b64144ccf1df_6.0.19041.6456_none_60b8a6cb71f64256;D:\Program Files\bin\server

VM Arguments:
jvm_args: -XX:TieredStopAtLevel=1 -Dspring.output.ansi.enabled=always -Dcom.sun.management.jmxremote -Dspring.jmx.enabled=true -Dspring.liveBeansView.mbeanDomain -Dspring.application.admin.enabled=true -Dmanagement.endpoints.jmx.exposure.include=* -javaagent:C:\Program Files\JetBrains\IntelliJ IDEA 2025.2.5\lib\idea_rt.jar=52712 -Dfile.encoding=UTF-8 
java_command: com.fleet.eureka_server.EurekaServerApplication
java_class_path (initial): D:\PFS\eureka-server\target\classes;C:\Users\HP\.m2\repository\org\springframework\cloud\spring-cloud-starter-netflix-eureka-server\4.3.2\spring-cloud-starter-netflix-eureka-server-4.3.2.jar;C:\Users\HP\.m2\repository\org\springframework\cloud\spring-cloud-starter\4.3.2\spring-cloud-starter-4.3.2.jar;C:\Users\HP\.m2\repository\org\springframework\cloud\spring-cloud-context\4.3.2\spring-cloud-context-4.3.2.jar;C:\Users\HP\.m2\repository\org\springframework\security\spring-security-crypto\6.5.9\spring-security-crypto-6.5.9.jar;C:\Users\HP\.m2\repository\org\springframework\cloud\spring-cloud-commons\4.3.2\spring-cloud-commons-4.3.2.jar;C:\Users\HP\.m2\repository\org\bouncycastle\bcprov-jdk18on\1.80\bcprov-jdk18on-1.80.jar;C:\Users\HP\.m2\repository\org\springframework\cloud\spring-cloud-netflix-eureka-server\4.3.2\spring-cloud-netflix-eureka-server-4.3.2.jar;C:\Users\HP\.m2\repository\org\springframework\boot\spring-boot-starter-web\3.5.13\spring-boot-starter-web-3.5.13.jar;C:\Users\HP\.m2\repository\org\springframework\boot\spring-boot-starter-json\3.5.13\spring-boot-starter-json-3.5.13.jar;C:\Users\HP\.m2\repository\com\fasterxml\jackson\datatype\jackson-datatype-jdk8\2.21.2\jackson-datatype-jdk8-2.21.2.jar;C:\Users\HP\.m2\repository\com\fasterxml\jackson\datatype\jackson-datatype-jsr310\2.21.2\jackson-datatype-jsr310-2.21.2.jar;C:\Users\HP\.m2\repository\com\fasterxml\jackson\module\jackson-module-parameter-names\2.21.2\jackson-module-parameter-names-2.21.2.jar;C:\Users\HP\.m2\repository\org\springframework\boot\spring-boot-starter-tomcat\3.5.13\spring-boot-starter-tomcat-3.5.13.jar;C:\Users\HP\.m2\repository\org\apache\tomcat\embed\tomcat-embed-core\10.1.53\tomcat-embed-core-10.1.53.jar;C:\Users\HP\.m2\repository\org\apache\tomcat\embed\tomcat-embed-el\10.1.53\tomcat-embed-el-10.1.53.jar;C:\Users\HP\.m2\repository\org\apache\tomcat\embed\tomcat-embed-websocket\10.1.53\tomcat-embed-websocket-10.1.53.jar;C:\Users\HP\.m2\repository\org\sp
Launcher Type: SUN_STANDARD

[Global flags]
     intx CICompilerCount                          = 3                                         {product} {ergonomic}
     uint ConcGCThreads                            = 1                                         {product} {ergonomic}
     uint G1ConcRefinementThreads                  = 4                                         {product} {ergonomic}
   size_t G1HeapRegionSize                         = 1048576                                   {product} {ergonomic}
    uintx GCDrainStackTargetSize                   = 64                                        {product} {ergonomic}
   size_t InitialHeapSize                          = 134217728                                 {product} {ergonomic}
     bool ManagementServer                         = true                                      {product} {command line}
   size_t MarkStackSize                            = 4194304                                   {product} {ergonomic}
   size_t MaxHeapSize                              = 2116026368                                {product} {ergonomic}
   size_t MaxNewSize                               = 1268776960                                {product} {ergonomic}
   size_t MinHeapDeltaBytes                        = 1048576                                   {product} {ergonomic}
   size_t MinHeapSize                              = 8388608                                   {product} {ergonomic}
    uintx NonProfiledCodeHeapSize                  = 0                                      {pd product} {ergonomic}
     bool ProfileInterpreter                       = false                                  {pd product} {command line}
    uintx ProfiledCodeHeapSize                     = 0                                      {pd product} {ergonomic}
   size_t SoftMaxHeapSize                          = 2116026368                             {manageable} {ergonomic}
     intx TieredStopAtLevel                        = 1                                         {product} {command line}
     bool UseCompressedClassPointers               = true                           {product lp64_product} {ergonomic}
     bool UseCompressedOops                        = true                           {product lp64_product} {ergonomic}
     bool UseG1GC                                  = true                                      {product} {ergonomic}
     bool UseLargePagesIndividualAllocation        = false                                  {pd product} {ergonomic}

Logging:
Log output configuration:
 #0: stdout all=warning uptime,level,tags
 #1: stderr all=off uptime,level,tags

Environment Variables:
JAVA_HOME=C:\Program Files\Java\jdk-21
PATH=D:\Program Files\bin;C:\Program Files\Common Files\Oracle\Java\javapath;C:\Program Files\nodejs;C:\Program Files\Git\cmd;C:\Program Files\Git\cmd;C:\apache-maven-3.9.11\bin;C:\Windows\System32;C:\Program Files\Docker\Docker\resources\bin;C:\Users\HP\AppData\Local\Programs\Python\Python311\Scripts\;C:\Users\HP\AppData\Local\Programs\Python\Python311\;C:\Users\HP\AppData\Local\Microsoft\WindowsApps;C:\Program Files\JetBrains\PyCharm Community Edition 2022.3.1\bin;;C:\MinGW\bin;C:\msys64\mingw64\bin;D:\Users\HP\AppData\Local\Programs\Microsoft VS Code\bin;D:\WebStorm 2025.3.3\bin;D:\Program Files\JetBrains\PhpStorm 2024.3.2.1\bin;;D:\Program Files\JetBrains\PyCharm 2024.3.3\bin;;C:\Program Files\ComposerSetup\bin;C:\Users\HP\AppData\Roaming\npm;C:\apache-maven-3.9.11\bin;C:\Program Files\Java\jdk-21\bin;C:\Program Files\sf\bin
USERNAME=HP
OS=Windows_NT
PROCESSOR_IDENTIFIER=Intel64 Family 6 Model 78 Stepping 3, GenuineIntel
TMP=C:\Users\HP\AppData\Local\Temp
TEMP=C:\Users\HP\AppData\Local\Temp



Periodic native trim disabled


---------------  S Y S T E M  ---------------

OS:
 Windows 10 , 64 bit Build 19041 (10.0.19041.5915)
OS uptime: 3 days 6:32 hours
Hyper-V role detected

CPU: total 4 (initial active 4) (2 cores per cpu, 2 threads per core) family 6 model 78 stepping 3 microcode 0xe2, cx8, cmov, fxsr, ht, mmx, 3dnowpref, sse, sse2, sse3, ssse3, sse4.1, sse4.2, popcnt, lzcnt, tsc, tscinvbit, avx, avx2, aes, erms, clmul, bmi1, bmi2, rtm, adx, fma, vzeroupper, clflush, clflushopt, hv
Processor Information for all 4 processors :
  Max Mhz: 2496, Current Mhz: 2396, Mhz Limit: 2396

Memory: 4k page, system-wide physical 8071M (486M free)
TotalPageFile size 10119M (AvailPageFile size 25M)
current process WorkingSet (physical memory assigned to process): 153M, peak: 159M
current process commit charge ("private bytes"): 193M, peak: 254M

vm_info: OpenJDK 64-Bit Server VM (17.0.18+8) for windows-amd64 JRE (17.0.18+8), built on Jan 20 2026 22:28:22 by "admin" with MS VC++ 17.12 (VS2022)

END.
