#
# There is insufficient memory for the Java Runtime Environment to continue.
# Native memory allocation (mmap) failed to map 134217728 bytes. Error detail: G1 virtual space
# Possible reasons:
#   The system is out of physical RAM or swap space
#   This process is running with CompressedOops enabled, and the Java Heap may be blocking the growth of the native heap
# Possible solutions:
#   Reduce memory load on the system
#   Increase physical memory or swap space
#   Check if swap backing store is full
#   Decrease Java heap size (-Xmx/-Xms)
#   Decrease number of Java threads
#   Decrease Java thread stack sizes (-Xss)
#   Set larger code cache with -XX:ReservedCodeCacheSize=
#   JVM is running with Unscaled Compressed Oops mode in which the Java heap is
#     placed in the first 4GB address space. The Java Heap base address is the
#     maximum limit for the native heap growth. Please use -XX:HeapBaseMinAddress
#     to set the Java Heap base and to place the Java Heap above 4GB virtual address.
# This output file may be truncated or incomplete.
#
#  Out of Memory Error (os_windows.cpp:3618), pid=15868, tid=16708
#
# JRE version:  (17.0.18+8) (build )
# Java VM: OpenJDK 64-Bit Server VM (17.0.18+8, mixed mode, sharing, tiered, compressed oops, compressed class ptrs, g1 gc, windows-amd64)
# No core dump will be written. Minidumps are not enabled by default on client versions of Windows
#

---------------  S U M M A R Y ------------

Command Line: api-gateway/target/api-gateway-0.0.1-SNAPSHOT.jar

Host: Intel(R) Core(TM) i5-6300U CPU @ 2.40GHz, 4 cores, 7G,  Windows 10 , 64 bit Build 19041 (10.0.19041.5915)
Time: Fri May  1 16:46:28 2026 Romance Daylight Time elapsed time: 0.037301 seconds (0d 0h 0m 0s)

---------------  T H R E A D  ---------------

Current thread (0x000002154000e920):  JavaThread "Unknown thread" [_thread_in_vm, id=16708, stack(0x0000008299d00000,0x0000008299e00000)]

Stack: [0x0000008299d00000,0x0000008299e00000]
Native frames: (J=compiled Java code, j=interpreted, Vv=VM code, C=native code)
V  [jvm.dll+0x6846f9]
V  [jvm.dll+0x839ea5]
V  [jvm.dll+0x83b91e]
V  [jvm.dll+0x83bfa3]
V  [jvm.dll+0x248eff]
V  [jvm.dll+0x6814b9]
V  [jvm.dll+0x6762ba]
V  [jvm.dll+0x309257]
V  [jvm.dll+0x310826]
V  [jvm.dll+0x360d9e]
V  [jvm.dll+0x360fdd]
V  [jvm.dll+0x2e02dc]
V  [jvm.dll+0x2e11e8]
V  [jvm.dll+0x80cd6b]
V  [jvm.dll+0x36ea21]
V  [jvm.dll+0x7eb945]
V  [jvm.dll+0x3f462b]
V  [jvm.dll+0x3f6111]
C  [jli.dll+0x52d0]
C  [ucrtbase.dll+0x21bb2]
C  [KERNEL32.DLL+0x17374]
C  [ntdll.dll+0x4cc91]


---------------  P R O C E S S  ---------------

Threads class SMR info:
_java_thread_list=0x00007fffb8417f58, length=0, elements={
}

Java Threads: ( => current thread )

Other Threads:
  0x00000215421f6d80 GCTaskThread "GC Thread#0" [stack: 0x0000008299e00000,0x0000008299f00000] [id=6172]
  0x0000021542208830 ConcurrentGCThread "G1 Main Marker" [stack: 0x0000008299f00000,0x000000829a000000] [id=3800]
  0x0000021542209160 ConcurrentGCThread "G1 Conc#0" [stack: 0x000000829a000000,0x000000829a100000] [id=13748]

[error occurred during error reporting (printing all threads), id 0xc0000005, EXCEPTION_ACCESS_VIOLATION (0xc0000005) at pc=0x00007fffb7bd0e07]

VM state: not at safepoint (not fully initialized)

VM Mutex/Monitor currently owned by a thread:  ([mutex/lock_event])
[0x0000021542198b40] Heap_lock - owner thread: 0x000002154000e920

Heap address: 0x0000000081e00000, size: 2018 MB, Compressed Oops mode: 32-bit

CDS archive(s) mapped at: [0x0000000000000000-0x0000000000000000-0x0000000000000000), size 0, SharedBaseAddress: 0x0000000800000000, ArchiveRelocationMode: 1.
Narrow klass base: 0x0000000000000000, Narrow klass shift: 0, Narrow klass range: 0x0

GC Precious Log:
<Empty>

Heap:
 garbage-first heap   total 0K, used 0K [0x0000000081e00000, 0x0000000100000000)
  region size 1024K, 0 young (0K), 0 survivors (0K)

[error occurred during error reporting (printing heap information), id 0xc0000005, EXCEPTION_ACCESS_VIOLATION (0xc0000005) at pc=0x00007fffb7fbdd09]

GC Heap History (0 events):
No events

Dll operation events (1 events):
Event: 0.019 Loaded shared library D:\Program Files\bin\java.dll

Deoptimization events (0 events):
No events

Classes loaded (0 events):
No events

Classes unloaded (0 events):
No events

Classes redefined (0 events):
No events

Internal exceptions (0 events):
No events

VM Operations (0 events):
No events

Memory protections (0 events):
No events

Nmethod flushes (0 events):
No events

Events (0 events):
No events


Dynamic libraries:
0x00007ff6a8190000 - 0x00007ff6a819e000 	D:\Program Files\bin\java.exe
0x00007ff80c550000 - 0x00007ff80c748000 	C:\WINDOWS\SYSTEM32\ntdll.dll
0x00007ff80ac20000 - 0x00007ff80ace2000 	C:\WINDOWS\System32\KERNEL32.DLL
0x00007ff80a110000 - 0x00007ff80a406000 	C:\WINDOWS\System32\KERNELBASE.dll
0x00007ff809e00000 - 0x00007ff809f00000 	C:\WINDOWS\System32\ucrtbase.dll
0x00007fffff600000 - 0x00007fffff61e000 	D:\Program Files\bin\VCRUNTIME140.dll
0x00007ff8006a0000 - 0x00007ff8006b8000 	D:\Program Files\bin\jli.dll
0x00007ff80bd70000 - 0x00007ff80bf11000 	C:\WINDOWS\System32\USER32.dll
0x00007ff809be0000 - 0x00007ff809c02000 	C:\WINDOWS\System32\win32u.dll
0x00007ff80abf0000 - 0x00007ff80ac1b000 	C:\WINDOWS\System32\GDI32.dll
0x00007ffff3b00000 - 0x00007ffff3d9b000 	C:\WINDOWS\WinSxS\amd64_microsoft.windows.common-controls_6595b64144ccf1df_6.0.19041.6456_none_60b8a6cb71f64256\COMCTL32.dll
0x00007ff809ce0000 - 0x00007ff809df9000 	C:\WINDOWS\System32\gdi32full.dll
0x00007ff80b220000 - 0x00007ff80b2be000 	C:\WINDOWS\System32\msvcrt.dll
0x00007ff809c10000 - 0x00007ff809cad000 	C:\WINDOWS\System32\msvcp_win.dll
0x00007ff80ab60000 - 0x00007ff80ab8f000 	C:\WINDOWS\System32\IMM32.DLL
0x00007ff8062c0000 - 0x00007ff8062cc000 	D:\Program Files\bin\vcruntime140_1.dll
0x00007ffff5530000 - 0x00007ffff55bd000 	D:\Program Files\bin\msvcp140.dll
0x00007fffb78e0000 - 0x00007fffb854b000 	D:\Program Files\bin\server\jvm.dll
0x00007ff80a6b0000 - 0x00007ff80a761000 	C:\WINDOWS\System32\ADVAPI32.dll
0x00007ff80c410000 - 0x00007ff80c4af000 	C:\WINDOWS\System32\sechost.dll
0x00007ff80bc40000 - 0x00007ff80bd60000 	C:\WINDOWS\System32\RPCRT4.dll
0x00007ff809cb0000 - 0x00007ff809cd7000 	C:\WINDOWS\System32\bcrypt.dll
0x00007ff80bf20000 - 0x00007ff80bf8b000 	C:\WINDOWS\System32\WS2_32.dll
0x00007ff809a40000 - 0x00007ff809a8b000 	C:\WINDOWS\SYSTEM32\POWRPROF.dll
0x00007ff804d70000 - 0x00007ff804d7a000 	C:\WINDOWS\SYSTEM32\VERSION.dll
0x00007fffee8d0000 - 0x00007fffee8f7000 	C:\WINDOWS\SYSTEM32\WINMM.dll
0x00007ff809a20000 - 0x00007ff809a32000 	C:\WINDOWS\SYSTEM32\UMPDC.dll
0x00007ff807a10000 - 0x00007ff807a22000 	C:\WINDOWS\SYSTEM32\kernel.appcore.dll
0x00007ff805300000 - 0x00007ff80530a000 	D:\Program Files\bin\jimage.dll
0x00007ffff6150000 - 0x00007ffff6351000 	C:\WINDOWS\SYSTEM32\DBGHELP.DLL
0x00007fffed8c0000 - 0x00007fffed8f4000 	C:\WINDOWS\SYSTEM32\dbgcore.DLL
0x00007ff80a4e0000 - 0x00007ff80a562000 	C:\WINDOWS\System32\bcryptPrimitives.dll
0x00007fffff080000 - 0x00007fffff0a5000 	D:\Program Files\bin\java.dll

dbghelp: loaded successfully - version: 4.0.5 - missing functions: none
symbol engine: initialized successfully - sym options: 0x614 - pdb path: .;D:\Program Files\bin;C:\WINDOWS\SYSTEM32;C:\WINDOWS\WinSxS\amd64_microsoft.windows.common-controls_6595b64144ccf1df_6.0.19041.6456_none_60b8a6cb71f64256;D:\Program Files\bin\server

VM Arguments:
java_command: api-gateway/target/api-gateway-0.0.1-SNAPSHOT.jar
java_class_path (initial): api-gateway/target/api-gateway-0.0.1-SNAPSHOT.jar
Launcher Type: SUN_STANDARD

[Global flags]
     intx CICompilerCount                          = 3                                         {product} {ergonomic}
     uint ConcGCThreads                            = 1                                         {product} {ergonomic}
     uint G1ConcRefinementThreads                  = 4                                         {product} {ergonomic}
   size_t G1HeapRegionSize                         = 1048576                                   {product} {ergonomic}
    uintx GCDrainStackTargetSize                   = 64                                        {product} {ergonomic}
   size_t InitialHeapSize                          = 134217728                                 {product} {ergonomic}
   size_t MarkStackSize                            = 4194304                                   {product} {ergonomic}
   size_t MaxHeapSize                              = 2116026368                                {product} {ergonomic}
   size_t MinHeapDeltaBytes                        = 1048576                                   {product} {ergonomic}
   size_t MinHeapSize                              = 8388608                                   {product} {ergonomic}
    uintx NonNMethodCodeHeapSize                   = 5832780                                {pd product} {ergonomic}
    uintx NonProfiledCodeHeapSize                  = 122912730                              {pd product} {ergonomic}
    uintx ProfiledCodeHeapSize                     = 122912730                              {pd product} {ergonomic}
    uintx ReservedCodeCacheSize                    = 251658240                              {pd product} {ergonomic}
     bool SegmentedCodeCache                       = true                                      {product} {ergonomic}
   size_t SoftMaxHeapSize                          = 2116026368                             {manageable} {ergonomic}
     bool UseCompressedClassPointers               = true                           {product lp64_product} {ergonomic}
     bool UseCompressedOops                        = true                           {product lp64_product} {ergonomic}
     bool UseG1GC                                  = true                                      {product} {ergonomic}
     bool UseLargePagesIndividualAllocation        = false                                  {pd product} {ergonomic}

Logging:
Log output configuration:
 #0: stdout all=warning uptime,level,tags
 #1: stderr all=off uptime,level,tags

Environment Variables:
JAVA_HOME=C:\Program Files\Java\jdk-21
PATH=D:\Program Files\bin;C:\Program Files\Common Files\Oracle\Java\javapath;C:\Program Files\nodejs;C:\Program Files\Git\cmd;C:\Program Files\Git\cmd;C:\apache-maven-3.9.11\bin;C:\Windows\System32;C:\Program Files\Docker\Docker\resources\bin;C:\Users\HP\AppData\Local\Programs\Python\Python311\Scripts\;C:\Users\HP\AppData\Local\Programs\Python\Python311\;C:\Users\HP\AppData\Local\Microsoft\WindowsApps;C:\Program Files\JetBrains\PyCharm Community Edition 2022.3.1\bin;;C:\MinGW\bin;C:\msys64\mingw64\bin;D:\Users\HP\AppData\Local\Programs\Microsoft VS Code\bin;D:\WebStorm 2025.3.3\bin;D:\Program Files\JetBrains\PhpStorm 2024.3.2.1\bin;;D:\Program Files\JetBrains\PyCharm 2024.3.3\bin;;C:\Program Files\ComposerSetup\bin;C:\Users\HP\AppData\Roaming\npm;C:\apache-maven-3.9.11\bin;C:\Program Files\Java\jdk-21\bin;C:\Program Files\sf\bin
USERNAME=HP
OS=Windows_NT
PROCESSOR_IDENTIFIER=Intel64 Family 6 Model 78 Stepping 3, GenuineIntel
TMP=C:\Users\HP\AppData\Local\Temp
TEMP=C:\Users\HP\AppData\Local\Temp



Periodic native trim disabled


---------------  S Y S T E M  ---------------

OS:
 Windows 10 , 64 bit Build 19041 (10.0.19041.5915)
OS uptime: 5 days 3:20 hours
Hyper-V role detected

CPU: total 4 (initial active 4) (2 cores per cpu, 2 threads per core) family 6 model 78 stepping 3 microcode 0xe2, cx8, cmov, fxsr, ht, mmx, 3dnowpref, sse, sse2, sse3, ssse3, sse4.1, sse4.2, popcnt, lzcnt, tsc, tscinvbit, avx, avx2, aes, erms, clmul, bmi1, bmi2, rtm, adx, fma, vzeroupper, clflush, clflushopt, hv
Processor Information for all 4 processors :
  Max Mhz: 2496, Current Mhz: 2396, Mhz Limit: 2396

Memory: 4k page, system-wide physical 8071M (647M free)
TotalPageFile size 10119M (AvailPageFile size 128M)
current process WorkingSet (physical memory assigned to process): 10M, peak: 10M
current process commit charge ("private bytes"): 52M, peak: 179M

vm_info: OpenJDK 64-Bit Server VM (17.0.18+8) for windows-amd64 JRE (17.0.18+8), built on Jan 20 2026 22:28:22 by "admin" with MS VC++ 17.12 (VS2022)

END.
