#
# There is insufficient memory for the Java Runtime Environment to continue.
# Native memory allocation (mmap) failed to map 65536 bytes. Error detail: Failed to commit metaspace.
# Possible reasons:
#   The system is out of physical RAM or swap space
#   This process is running with CompressedOops enabled, and the Java Heap may be blocking the growth of the native heap
# Possible solutions:
#   Reduce memory load on the system
#   Increase physical memory or swap space
#   Check if swap backing store is full
#   Decrease Java heap size (-Xmx/-Xms)
#   Decrease number of Java threads
#   Decrease Java thread stack sizes (-Xss)
#   Set larger code cache with -XX:ReservedCodeCacheSize=
#   JVM is running with Unscaled Compressed Oops mode in which the Java heap is
#     placed in the first 4GB address space. The Java Heap base address is the
#     maximum limit for the native heap growth. Please use -XX:HeapBaseMinAddress
#     to set the Java Heap base and to place the Java Heap above 4GB virtual address.
# This output file may be truncated or incomplete.
#
#  Out of Memory Error (virtualSpaceNode.cpp:110), pid=6656, tid=3556
#
# JRE version: OpenJDK Runtime Environment Temurin-17.0.18+8 (17.0.18+8) (build 17.0.18+8)
# Java VM: OpenJDK 64-Bit Server VM Temurin-17.0.18+8 (17.0.18+8, mixed mode, emulated-client, sharing, tiered, compressed oops, compressed class ptrs, g1 gc, windows-amd64)
# No core dump will be written. Minidumps are not enabled by default on client versions of Windows
#

---------------  S U M M A R Y ------------

Command Line: -XX:TieredStopAtLevel=1 -Dspring.output.ansi.enabled=always -Dcom.sun.management.jmxremote -Dspring.jmx.enabled=true -Dspring.liveBeansView.mbeanDomain -Dspring.application.admin.enabled=true -Dmanagement.endpoints.jmx.exposure.include=* -javaagent:C:\Program Files\JetBrains\IntelliJ IDEA 2025.2.5\lib\idea_rt.jar=53903 -Dfile.encoding=UTF-8 com.fleet.api_gateway.ApiGatewayApplication

Host: Intel(R) Core(TM) i5-6300U CPU @ 2.40GHz, 4 cores, 7G,  Windows 10 , 64 bit Build 19041 (10.0.19041.5915)
Time: Thu Apr 23 23:19:30 2026 Romance Daylight Time elapsed time: 2.286977 seconds (0d 0h 0m 2s)

---------------  T H R E A D  ---------------

Current thread (0x0000027694c5f400):  JavaThread "main" [_thread_in_vm, id=3556, stack(0x000000de4a700000,0x000000de4a800000)]

Stack: [0x000000de4a700000,0x000000de4a800000]
Native frames: (J=compiled Java code, j=interpreted, Vv=VM code, C=native code)
V  [jvm.dll+0x6846f9]
V  [jvm.dll+0x839ea5]
V  [jvm.dll+0x83b91e]
V  [jvm.dll+0x83bfa3]
V  [jvm.dll+0x248eff]
V  [jvm.dll+0x835c8d]
V  [jvm.dll+0x6291fd]
V  [jvm.dll+0x1c0710]
V  [jvm.dll+0x62bb72]
V  [jvm.dll+0x629bb6]
V  [jvm.dll+0x23dff4]
V  [jvm.dll+0x1eaf6f]
V  [jvm.dll+0x1e08d1]
V  [jvm.dll+0x548119]
V  [jvm.dll+0x7b4b68]
V  [jvm.dll+0x7b4c64]
V  [jvm.dll+0x414bb4]
V  [jvm.dll+0x41b619]
C  [java.dll+0x17ec]

Java frames: (J=compiled Java code, j=interpreted, Vv=VM code)
J 1062  java.lang.ClassLoader.defineClass1(Ljava/lang/ClassLoader;Ljava/lang/String;[BIILjava/security/ProtectionDomain;Ljava/lang/String;)Ljava/lang/Class; java.base@17.0.18 (0 bytes) @ 0x000002769cb69403 [0x000002769cb69340+0x00000000000000c3]
j  java.lang.ClassLoader.defineClass(Ljava/lang/String;[BIILjava/security/ProtectionDomain;)Ljava/lang/Class;+27 java.base@17.0.18
j  java.security.SecureClassLoader.defineClass(Ljava/lang/String;[BIILjava/security/CodeSource;)Ljava/lang/Class;+12 java.base@17.0.18
j  jdk.internal.loader.BuiltinClassLoader.defineClass(Ljava/lang/String;Ljdk/internal/loader/Resource;)Ljava/lang/Class;+117 java.base@17.0.18
j  jdk.internal.loader.BuiltinClassLoader.findClassOnClassPathOrNull(Ljava/lang/String;)Ljava/lang/Class;+37 java.base@17.0.18
J 977 c1 jdk.internal.loader.BuiltinClassLoader.loadClassOrNull(Ljava/lang/String;Z)Ljava/lang/Class; java.base@17.0.18 (143 bytes) @ 0x000002769cb3ebdc [0x000002769cb3e780+0x000000000000045c]
J 1118 c1 jdk.internal.loader.ClassLoaders$AppClassLoader.loadClass(Ljava/lang/String;Z)Ljava/lang/Class; java.base@17.0.18 (40 bytes) @ 0x000002769cb7fe44 [0x000002769cb7fd00+0x0000000000000144]
J 1117 c1 java.lang.ClassLoader.loadClass(Ljava/lang/String;)Ljava/lang/Class; java.base@17.0.18 (7 bytes) @ 0x000002769cb7f604 [0x000002769cb7f5c0+0x0000000000000044]
v  ~StubRoutines::call_stub
j  org.springframework.core.io.AbstractFileResolvingResource.customizeConnection(Ljava/net/URLConnection;)V+1
j  org.springframework.core.io.UrlResource.customizeConnection(Ljava/net/URLConnection;)V+2
j  org.springframework.core.io.UrlResource.getInputStream()Ljava/io/InputStream;+10
j  org.springframework.core.io.support.PropertiesLoaderUtils.fillProperties(Ljava/util/Properties;Lorg/springframework/core/io/Resource;)V+1
j  org.springframework.core.io.support.PropertiesLoaderUtils.loadProperties(Lorg/springframework/core/io/Resource;)Ljava/util/Properties;+10
j  org.springframework.core.io.support.SpringFactoriesLoader.loadFactoriesResource(Ljava/lang/ClassLoader;Ljava/lang/String;)Ljava/util/Map;+43
j  org.springframework.core.io.support.SpringFactoriesLoader.lambda$forResourceLocation$2(Ljava/lang/ClassLoader;Ljava/lang/ClassLoader;Ljava/lang/String;Ljava/lang/String;)Lorg/springframework/core/io/support/SpringFactoriesLoader;+7
j  org.springframework.core.io.support.SpringFactoriesLoader$$Lambda$104+0x00000276a80e3428.apply(Ljava/lang/Object;)Ljava/lang/Object;+16
j  java.util.concurrent.ConcurrentMap.computeIfAbsent(Ljava/lang/Object;Ljava/util/function/Function;)Ljava/lang/Object;+19 java.base@17.0.18
j  org.springframework.core.io.support.SpringFactoriesLoader.forResourceLocation(Ljava/lang/String;Ljava/lang/ClassLoader;)Lorg/springframework/core/io/support/SpringFactoriesLoader;+48
j  org.springframework.core.io.support.SpringFactoriesLoader.forDefaultResourceLocation(Ljava/lang/ClassLoader;)Lorg/springframework/core/io/support/SpringFactoriesLoader;+3
j  org.springframework.boot.SpringApplication.getSpringFactoriesInstances(Ljava/lang/Class;Lorg/springframework/core/io/support/SpringFactoriesLoader$ArgumentResolver;)Ljava/util/List;+4
j  org.springframework.boot.SpringApplication.getSpringFactoriesInstances(Ljava/lang/Class;)Ljava/util/List;+3
j  org.springframework.boot.SpringApplication.<init>(Lorg/springframework/core/io/ResourceLoader;[Ljava/lang/Class;)V+119
j  org.springframework.boot.SpringApplication.<init>([Ljava/lang/Class;)V+3
j  org.springframework.boot.SpringApplication.run([Ljava/lang/Class;[Ljava/lang/String;)Lorg/springframework/context/ConfigurableApplicationContext;+5
j  org.springframework.boot.SpringApplication.run(Ljava/lang/Class;[Ljava/lang/String;)Lorg/springframework/context/ConfigurableApplicationContext;+9
j  com.fleet.api_gateway.ApiGatewayApplication.main([Ljava/lang/String;)V+3
v  ~StubRoutines::call_stub

Compiled method (n/a) 2359 1062     n 0       java.lang.ClassLoader::defineClass1 (native)
 total in heap  [0x000002769cb69190,0x000002769cb69690] = 1280
 relocation     [0x000002769cb692f0,0x000002769cb69328] = 56
 main code      [0x000002769cb69340,0x000002769cb69690] = 848

[Constant Pool (empty)]

[MachCode]
[Entry Point]
  # {method} {0x00000276a7010f18} 'defineClass1' '(Ljava/lang/ClassLoader;Ljava/lang/String;[BIILjava/security/ProtectionDomain;Ljava/lang/String;)Ljava/lang/Class;' in 'java/lang/ClassLoader'
  # parm0:    rdx:rdx   = 'java/lang/ClassLoader'
  # parm1:    r8:r8     = 'java/lang/String'
  # parm2:    r9:r9     = '[B'
  # parm3:    rdi       = int
  # parm4:    rsi       = int
  # parm5:    rcx:rcx   = 'java/security/ProtectionDomain'
  # parm6:    [sp+0xa0]   = 'java/lang/String'  (sp of caller)
  0x000002769cb69340: 448b 5208 | 49bb 0000 | 00a7 7602 | 0000 4d03 | d349 3bc2 | 0f84 0600 

  0x000002769cb69358: ;   {runtime_call ic_miss_stub}
  0x000002769cb69358: 0000 e921 | 7dca ff90 
[Verified Entry Point]
  0x000002769cb69360: 8984 2400 | 90ff ff55 | 488b ec48 | 81ec 9000 | 0000 4881 | 7d10 0000 | 0000 488d | 4510 480f 
  0x000002769cb69380: 4445 1048 | 8944 2440 | 4889 4c24 | 7048 83f9 | 0048 8d44 | 2470 480f | 4444 2470 | 4889 4424 
  0x000002769cb693a0: 3848 8974 | 2430 4889 | 7c24 284c | 894c 2458 | 4983 f900 | 488d 4424 | 5848 0f44 | 4424 5848 
  0x000002769cb693c0: 8944 2420 | 4c89 4424 | 5049 83f8 | 004c 8d4c | 2450 4c0f | 444c 2450 | 4889 5424 | 4848 83fa 
  0x000002769cb693e0: 004c 8d44 | 2448 4c0f | 4444 2448 

  0x000002769cb693ec: ;   {oop(a 'java/lang/Class'{0x0000000089000960} = 'java/lang/ClassLoader')}
  0x000002769cb693ec: 49be 6009 | 0089 0000 | 0000 4c89 | 7424 784c | 8d74 2478 | 498b d6c5 

  0x000002769cb69404: ;   {internal_word}
  0x000002769cb69404: f877 49ba | 0394 b69c | 7602 0000 | 4d89 97a0 | 0200 0049 | 89a7 9802 

  0x000002769cb6941c: ;   {external_word}
  0x000002769cb6941c: 0000 49ba | d5c6 e3b2 | fa7f 0000 | 4180 3a00 | 0f84 5200 | 0000 5241 

  0x000002769cb69434: ;   {metadata({method} {0x00000276a7010f18} 'defineClass1' '(Ljava/lang/ClassLoader;Ljava/lang/String;[BIILjava/security/ProtectionDomain;Ljava/lang/String;)Ljava/lang/Class;' in 'java/lang/ClassLoader')}
  0x000002769cb69434: 5041 5148 | ba10 0f01 | a776 0200 | 0049 8bcf | 4883 ec20 | f7c4 0f00 | 0000 0f84 | 1a00 0000 
  0x000002769cb69454: 4883 ec08 

  0x000002769cb69458: ;   {runtime_call}
  0x000002769cb69458: 49ba 50a0 | 99b2 fa7f | 0000 41ff | d248 83c4 | 08e9 0d00 

  0x000002769cb6946c: ;   {runtime_call}
  0x000002769cb6946c: 0000 49ba | 50a0 99b2 | fa7f 0000 | 41ff d248 | 83c4 2041 | 5941 585a | 498d 8fb8 | 0200 0041 
  0x000002769cb6948c: c787 4003 | 0000 0400 

  0x000002769cb69494: ;   {runtime_call}
  0x000002769cb69494: 0000 49ba | ac16 3003 | fb7f 0000 | 41ff d2c5 | f877 41c7 | 8740 0300 | 0005 0000 | 00f0 8344 
  0x000002769cb694b4: 24c0 0049 | 3baf 4803 | 0000 0f87 | 1100 0000 | 4181 bf30 | 0300 0000 | 0000 000f | 842c 0000 
  0x000002769cb694d4: 00c5 f877 | 4889 45f8 | 498b cf4c | 8be4 4883 | ec20 4883 

  0x000002769cb694e8: ;   {runtime_call}
  0x000002769cb694e8: e4f0 49ba | a0af a9b2 | fa7f 0000 | 41ff d249 | 8be4 4d33 | e448 8b45 | f841 c787 | 4003 0000 
  0x000002769cb69508: 0800 0000 | 4181 bfb0 | 0300 0002 | 0000 000f | 843f 0100 

  0x000002769cb6951c: ;   {external_word}
  0x000002769cb6951c: 0049 bad5 | c6e3 b2fa | 7f00 0041 | 803a 000f | 8450 0000 | 0048 8945 

  0x000002769cb69534: ;   {metadata({method} {0x00000276a7010f18} 'defineClass1' '(Ljava/lang/ClassLoader;Ljava/lang/String;[BIILjava/security/ProtectionDomain;Ljava/lang/String;)Ljava/lang/Class;' in 'java/lang/ClassLoader')}
  0x000002769cb69534: f848 ba10 | 0f01 a776 | 0200 0049 | 8bcf 4883 | ec20 f7c4 | 0f00 0000 | 0f84 1a00 | 0000 4883 
  0x000002769cb69554: ;   {runtime_call}
  0x000002769cb69554: ec08 49ba | 50a0 99b2 | fa7f 0000 | 41ff d248 | 83c4 08e9 | 0d00 0000 

  0x000002769cb6956c: ;   {runtime_call}
  0x000002769cb6956c: 49ba 50a0 | 99b2 fa7f | 0000 41ff | d248 83c4 | 2048 8b45 | f849 c787 | 9802 0000 | 0000 0000 
  0x000002769cb6958c: 49c7 87a0 | 0200 0000 | 0000 00c5 | f877 4885 | c00f 8493 | 0000 0048 | f7c0 0100 | 0000 0f84 
  0x000002769cb695ac: 8300 0000 | 488b 40ff | 4180 7f38 | 000f 846f | 0000 0048 | 83f8 000f | 8465 0000 | 0049 8b4f 
  0x000002769cb695cc: 2048 83f9 | 000f 8414 | 0000 0048 | 83e9 0849 | 894f 2049 | 034f 3048 | 8901 e943 | 0000 0050 
  0x000002769cb695ec: 498b d748 | 8bc8 4883 | ec20 f7c4 | 0f00 0000 | 0f84 1a00 | 0000 4883 

  0x000002769cb69604: ;   {runtime_call}
  0x000002769cb69604: ec08 49ba | 106a 58b2 | fa7f 0000 | 41ff d248 | 83c4 08e9 | 0d00 0000 

  0x000002769cb6961c: ;   {runtime_call}
  0x000002769cb6961c: 49ba 106a | 58b2 fa7f | 0000 41ff | d248 83c4 | 2058 e903 | 0000 0048 | 8b00 498b | 8fd8 0000 
  0x000002769cb6963c: 00c7 8100 | 0100 0000 | 0000 00c9 | 4981 7f08 | 0000 0000 | 0f85 0100 

  0x000002769cb69654: ;   {runtime_call StubRoutines (1)}
  0x000002769cb69654: 0000 c3e9 | a478 c5ff | c5f8 7748 | 8945 f84c | 8be4 4883 | ec20 4883 

  0x000002769cb6966c: ;   {runtime_call}
  0x000002769cb6966c: e4f0 49ba | 40d1 99b2 | fa7f 0000 | 41ff d249 | 8be4 4d33 | e448 8b45 | f8e9 93fe | ffff f4f4 
  0x000002769cb6968c: f4f4 f4f4 
[/MachCode]


Compiled method (c1) 2385  977   !   1       jdk.internal.loader.BuiltinClassLoader::loadClassOrNull (143 bytes)
 total in heap  [0x000002769cb3e510,0x000002769cb3f668] = 4440
 relocation     [0x000002769cb3e670,0x000002769cb3e780] = 272
 main code      [0x000002769cb3e780,0x000002769cb3ee20] = 1696
 stub code      [0x000002769cb3ee20,0x000002769cb3ef38] = 280
 metadata       [0x000002769cb3ef38,0x000002769cb3efc0] = 136
 scopes data    [0x000002769cb3efc0,0x000002769cb3f208] = 584
 scopes pcs     [0x000002769cb3f208,0x000002769cb3f3e8] = 480
 dependencies   [0x000002769cb3f3e8,0x000002769cb3f400] = 24
 handler table  [0x000002769cb3f400,0x000002769cb3f628] = 552
 nul chk table  [0x000002769cb3f628,0x000002769cb3f668] = 64

[Constant Pool (empty)]

[MachCode]
[Entry Point]
  # {method} {0x00000276a707d7d0} 'loadClassOrNull' '(Ljava/lang/String;Z)Ljava/lang/Class;' in 'jdk/internal/loader/BuiltinClassLoader'
  # this:     rdx:rdx   = 'jdk/internal/loader/BuiltinClassLoader'
  # parm0:    r8:r8     = 'java/lang/String'
  # parm1:    r9        = boolean
  #           [sp+0x110]  (sp of caller)
  0x000002769cb3e780: 448b 5208 | 49bb 0000 | 00a7 7602 | 0000 4d03 | d34c 3bd0 

  0x000002769cb3e794: ;   {runtime_call ic_miss_stub}
  0x000002769cb3e794: 0f85 e628 | cdff 660f | 1f44 0000 
[Verified Entry Point]
  0x000002769cb3e7a0: 8984 2400 | 90ff ff55 | 4881 ec00 | 0100 0048 | 8994 24a0 | 0000 004c | 8984 2498 | 0000 008b 
  0x000002769cb3e7c0: 5a28 4883 | fb00 0f85 | 1000 0000 | 488b f244 | 898c 24a8 | 0000 00e9 | 9500 0000 | 4489 8c24 
  0x000002769cb3e7e0: a800 0000 

  0x000002769cb3e7e4: ;   {metadata('java/lang/Object')}
  0x000002769cb3e7e4: 48ba 580d | 00a7 7602 | 0000 498b | 8708 0100 | 0048 8d78 | 1049 3bbf | 1801 0000 | 0f87 1705 
  0x000002769cb3e804: 0000 4989 | bf08 0100 | 0048 c700 | 0100 0000 | 488b ca49 | ba00 0000 | a776 0200 | 0049 2bca 
  0x000002769cb3e824: 8948 0848 | 33c9 8948 | 0c48 33c9 

  0x000002769cb3e830: ; implicit exception: dispatches to 0x000002769cb3ed2a
  0x000002769cb3e830: 483b 0349 | 8bf0 4c8b | c64c 8bc8 | bf01 0000 | 0048 8bd3 | 4889 8424 | 9000 0000 

  0x000002769cb3e84c: ;   {optimized virtual_call}
  0x000002769cb3e84c: 6666 90e8 

  0x000002769cb3e850: ; ImmutableOopMap {[152]=Oop [144]=Oop [160]=Oop }
                      ;*invokevirtual putVal {reexecute=0 rethrow=0 return_oop=0}
                      ; - java.util.concurrent.ConcurrentHashMap::putIfAbsent@4 (line 1541)
                      ; - java.lang.ClassLoader::getClassLoadingLock@23 (line 671)
                      ; - jdk.internal.loader.BuiltinClassLoader::loadClassOrNull@2 (line 651)
  0x000002769cb3e850: ec4b d9ff | 4883 f800 | 0f84 0800 | 0000 488b | f0e9 0b00 | 0000 488b | 8424 9000 | 0000 488b 
  0x000002769cb3e870: f048 8d94 | 24e0 0000 | 0048 8972 | 0848 8b06 | 4883 c801 | 4889 02f0 | 480f b116 | 0f84 1300 
  0x000002769cb3e890: 0000 482b | c448 81e0 | 07f0 ffff | 4889 020f | 858f 0400 | 0048 8b94 | 2498 0000 | 0048 89b4 
  0x000002769cb3e8b0: 24b0 0000 

  0x000002769cb3e8b4: ;   {static_call}
  0x000002769cb3e8b4: 0066 90e8 

  0x000002769cb3e8b8: ; ImmutableOopMap {[152]=Oop [160]=Oop [176]=Oop [232]=Oop }
                      ;*invokestatic checkName {reexecute=0 rethrow=0 return_oop=0}
                      ; - java.lang.ClassLoader::findLoadedClass@1 (line 1288)
                      ; - jdk.internal.loader.BuiltinClassLoader::loadClassOrNull@10 (line 653)
  0x000002769cb3e8b8: c4b2 feff | 83f8 000f | 850f 0000 

  0x000002769cb3e8c4: ;   {oop(NULL)}
  0x000002769cb3e8c4: 0048 be00 | 0000 0000 | 0000 00e9 | 1b00 0000 | 4c8b 8424 | 9800 0000 | 488b 9424 | a000 0000 
  0x000002769cb3e8e4: ;   {optimized virtual_call}
  0x000002769cb3e8e4: 6666 90e8 

  0x000002769cb3e8e8: ; ImmutableOopMap {[152]=Oop [160]=Oop [176]=Oop [232]=Oop }
                      ;*invokevirtual findLoadedClass0 {reexecute=0 rethrow=0 return_oop=0}
                      ; - java.lang.ClassLoader::findLoadedClass@11 (line 1290)
                      ; - jdk.internal.loader.BuiltinClassLoader::loadClassOrNull@10 (line 653)
  0x000002769cb3e8e8: 74b9 feff | 488b f048 | 83fe 000f | 85e6 0200 | 0048 89b4 | 24b8 0000 | 004c 8b84 | 2498 0000 
  0x000002769cb3e908: 0041 8b48 | 1444 8b49 | 0c41 0fbe | 4810 c1e1 | 18c1 f918 | 41d3 f941 | ffc9 498b | f841 b82e 
  0x000002769cb3e928: 0000 0048 

  0x000002769cb3e92c: ;   {optimized virtual_call}
  0x000002769cb3e92c: 8bd7 90e8 

  0x000002769cb3e930: ; ImmutableOopMap {[176]=Oop [160]=Oop [152]=Oop [184]=Oop [232]=Oop }
                      ;*invokevirtual lastIndexOf {reexecute=0 rethrow=0 return_oop=0}
                      ; - java.lang.String::lastIndexOf@8 (line 2451)
                      ; - jdk.internal.loader.BuiltinClassLoader::findLoadedModule@3 (line 709)
                      ; - jdk.internal.loader.BuiltinClassLoader::loadClassOrNull@22 (line 658)
  0x000002769cb3e930: 2cb5 f0ff | 83f8 000f | 8d0f 0000 

  0x000002769cb3e93c: ;   {oop(NULL)}
  0x000002769cb3e93c: 0048 be00 | 0000 0000 | 0000 00e9 | 6900 0000 | 41b8 0000 | 0000 4c8b | c848 8b94 | 2498 0000 
  0x000002769cb3e95c: ;   {optimized virtual_call}
  0x000002769cb3e95c: 0066 90e8 

  0x000002769cb3e960: ; ImmutableOopMap {[176]=Oop [160]=Oop [152]=Oop [184]=Oop [232]=Oop }
                      ;*invokevirtual substring {reexecute=0 rethrow=0 return_oop=0}
                      ; - jdk.internal.loader.BuiltinClassLoader::findLoadedModule@16 (line 713)
                      ; - jdk.internal.loader.BuiltinClassLoader::loadClassOrNull@22 (line 658)
  0x000002769cb3e960: 9c83 efff 

  0x000002769cb3e964: ;   {oop(a 'java/util/concurrent/ConcurrentHashMap'{0x00000000822f9a38})}
  0x000002769cb3e964: 4c8b c048 | ba38 9a2f | 8200 0000 | 0066 0f1f 

  0x000002769cb3e974: ;   {optimized virtual_call}
  0x000002769cb3e974: 4400 00e8 

  0x000002769cb3e978: ; ImmutableOopMap {[176]=Oop [160]=Oop [152]=Oop [184]=Oop [232]=Oop }
                      ;*invokeinterface get {reexecute=0 rethrow=0 return_oop=0}
                      ; - jdk.internal.loader.BuiltinClassLoader::findLoadedModule@24 (line 714)
                      ; - jdk.internal.loader.BuiltinClassLoader::loadClassOrNull@22 (line 658)
  0x000002769cb3e978: c403 daff | 4883 f800 | 0f84 2900 

  0x000002769cb3e984: ;   {metadata('jdk/internal/loader/BuiltinClassLoader$LoadedModule')}
  0x000002769cb3e984: 0000 48be | d8df 15a7 | 7602 0000 | 448b 4808 | 49ba 0000 | 00a7 7602 | 0000 4d03 | ca49 3bf1 
  0x000002769cb3e9a4: 0f85 a703 | 0000 e900 | 0000 004c | 8bc0 498b | f048 83fe | 0048 8b94 | 24a0 0000 | 000f 844d 
  0x000002769cb3e9c4: 0100 008b | 7e0c 483b | fa0f 8512 

  0x000002769cb3e9d0: ;   {oop(a 'java/lang/Class'{0x0000000082080be8} = 'jdk/internal/misc/VM')}
  0x000002769cb3e9d0: 0100 0049 | b8e8 0b08 | 8200 0000 | 0045 8b80 | 9400 0000 | 4183 f802 | 41b8 0000 | 0000 0f8c 
  0x000002769cb3e9f0: 0600 0000 | 41b8 0100 | 0000 4183 | e001 4183 | f800 0f85 | 0d00 0000 | 488b b424 | b800 0000 
  0x000002769cb3ea10: e9ca 0100 

  0x000002769cb3ea14: ;   {oop(a 'java/lang/Class'{0x0000000088f92fd8} = 'java/lang/System')}
  0x000002769cb3ea14: 0049 b8d8 | 2ff9 8800 | 0000 0045 | 8b40 7c49 | 83f8 000f | 851c 0000 | 004c 8b84 | 2498 0000 
  0x000002769cb3ea34: 004c 8bce | 488b f248 

  0x000002769cb3ea3c: ;   {optimized virtual_call}
  0x000002769cb3ea3c: 8bd6 90e8 

  0x000002769cb3ea40: ; ImmutableOopMap {[176]=Oop [160]=Oop [232]=Oop }
                      ;*invokevirtual defineClass {reexecute=0 rethrow=0 return_oop=0}
                      ; - jdk.internal.loader.BuiltinClassLoader::findClassInModuleOrNull@9 (line 741)
                      ; - jdk.internal.loader.BuiltinClassLoader::loadClassOrNull@55 (line 665)
  0x000002769cb3ea40: 3c29 cdff | e994 0000 | 000f 1f80 | 0000 0000 

  0x000002769cb3ea50: ;   {no_reloc}
  0x000002769cb3ea50: e919 0300 | 0090 9090 | 9090 488b | 9424 a000 | 0000 4c8b | 8424 9800 | 0000 4c8b 

  0x000002769cb3ea6c: ;   {static_call}
  0x000002769cb3ea6c: ce66 90e8 

  0x000002769cb3ea70: ; ImmutableOopMap {[176]=Oop [160]=Oop [232]=Oop }
                      ;*invokedynamic {reexecute=0 rethrow=0 return_oop=0}
                      ; - jdk.internal.loader.BuiltinClassLoader::findClassInModuleOrNull@16 (line 743)
                      ; - jdk.internal.loader.BuiltinClassLoader::loadClassOrNull@55 (line 665)
  0x000002769cb3ea70: 0c2f cdff | 4889 8424 | c000 0000 

  0x000002769cb3ea7c: ;   {static_call}
  0x000002769cb3ea7c: 6666 90e8 

  0x000002769cb3ea80: ; ImmutableOopMap {[176]=Oop [160]=Oop [192]=Oop [232]=Oop }
                      ;*invokestatic getCallerClass {reexecute=0 rethrow=0 return_oop=0}
                      ; - java.security.AccessController::doPrivileged@2 (line 318)
                      ; - jdk.internal.loader.BuiltinClassLoader::findClassInModuleOrNull@23 (line 744)
                      ; - jdk.internal.loader.BuiltinClassLoader::loadClassOrNull@55 (line 665)
  0x000002769cb3ea80: fc2e cdff | 488b 9424 | c000 0000 | 4889 8424 | c800 0000 | 9048 b8ff | ffff ffff 

  0x000002769cb3ea9c: ;   {virtual_call}
  0x000002769cb3ea9c: ffff ffe8 

  0x000002769cb3eaa0: ; ImmutableOopMap {[176]=Oop [160]=Oop [200]=Oop [232]=Oop }
                      ;*invokeinterface run {reexecute=0 rethrow=0 return_oop=0}
                      ; - java.security.AccessController::executePrivileged@29 (line 776)
                      ; - java.security.AccessController::doPrivileged@5 (line 318)
                      ; - jdk.internal.loader.BuiltinClassLoader::findClassInModuleOrNull@23 (line 744)
                      ; - jdk.internal.loader.BuiltinClassLoader::loadClassOrNull@55 (line 665)
  0x000002769cb3eaa0: dc2b cdff | 4883 f800 | 0f84 2900 

  0x000002769cb3eaac: ;   {metadata('java/lang/Class')}
  0x000002769cb3eaac: 0000 48be | 2817 00a7 | 7602 0000 | 448b 4808 | 49ba 0000 | 00a7 7602 | 0000 4d03 | ca49 3bf1 
  0x000002769cb3eacc: 0f85 a602 | 0000 e900 | 0000 004c | 8bc0 498b | c048 8bf0 | e9fa 0000 | 0048 3b07 | 4c8b 8424 
  0x000002769cb3eaec: 9800 0000 | 41b9 0000 | 0000 488b | d70f 1f40 | 0048 b8ff | ffff ffff 

  0x000002769cb3eb04: ;   {virtual_call}
  0x000002769cb3eb04: ffff ffe8 

  0x000002769cb3eb08: ; ImmutableOopMap {[176]=Oop [160]=Oop [232]=Oop }
                      ;*invokevirtual loadClassOrNull {reexecute=0 rethrow=0 return_oop=0}
                      ; - jdk.internal.loader.BuiltinClassLoader::loadClassOrNull@3 (line 700)
                      ; - jdk.internal.loader.BuiltinClassLoader::loadClassOrNull@66 (line 669)
  0x000002769cb3eb08: 94f8 ccff | 488b f0e9 | cb00 0000 | 8b72 5448 | 83fe 000f | 850d 0000 | 0048 8bb4 | 24b8 0000 
  0x000002769cb3eb28: 00e9 2900 | 0000 483b | 064c 8b84 | 2498 0000 | 0041 b900 | 0000 0048 | 8bd6 6666 | 9048 b840 
  0x000002769cb3eb48: da07 a776 

  0x000002769cb3eb4c: ;   {virtual_call}
  0x000002769cb3eb4c: 0200 00e8 

  0x000002769cb3eb50: ; ImmutableOopMap {[176]=Oop [152]=Oop [160]=Oop [232]=Oop }
                      ;*invokevirtual loadClassOrNull {reexecute=0 rethrow=0 return_oop=0}
                      ; - jdk.internal.loader.BuiltinClassLoader::loadClassOrNull@3 (line 700)
                      ; - jdk.internal.loader.BuiltinClassLoader::loadClassOrNull@86 (line 676)
  0x000002769cb3eb50: 4cf3 ccff | 488b f048 | 83fe 000f | 857e 0000 | 0048 8b94 | 24a0 0000 | 0044 8b42 | 5849 83f8 
  0x000002769cb3eb70: 0041 b800 | 0000 000f | 8406 0000 | 0041 b801 | 0000 0041 | 83e0 0141 | 83f8 000f | 844e 0000 
  0x000002769cb3eb90: ;   {oop(a 'java/lang/Class'{0x0000000082080be8} = 'jdk/internal/misc/VM')}
  0x000002769cb3eb90: 0049 b8e8 | 0b08 8200 | 0000 0045 | 8b80 9400 | 0000 4183 | f802 41b8 | 0000 0000 | 0f8c 0600 
  0x000002769cb3ebb0: 0000 41b8 | 0100 0000 | 4183 e001 | 4183 f800 | 0f84 1900 | 0000 4c8b | 8424 9800 | 0000 488b 
  0x000002769cb3ebd0: f248 8bd6 

  0x000002769cb3ebd4: ;   {optimized virtual_call}
  0x000002769cb3ebd4: 6666 90e8 

  0x000002769cb3ebd8: ; ImmutableOopMap {[176]=Oop [160]=Oop [232]=Oop }
                      ;*invokevirtual findClassOnClassPathOrNull {reexecute=0 rethrow=0 return_oop=0}
                      ; - jdk.internal.loader.BuiltinClassLoader::loadClassOrNull@111 (line 681)
  0x000002769cb3ebd8: 0903 0000 | 488b f044 | 8b8c 24a8 | 0000 0041 | 83f9 000f | 8414 0000 | 0048 83fe | 000f 840a 
  0x000002769cb3ebf8: 0000 0048 | 83fe 000f | 843c 0000 | 0048 8d84 | 24e0 0000 | 0048 8b10 | 4885 d20f | 840f 0000 
  0x000002769cb3ec18: 0048 8b78 | 08f0 480f | b117 0f85 | 6301 0000 | 488b c648 | 81c4 0001 

  0x000002769cb3ec30: ;   {poll_return}
  0x000002769cb3ec30: 0000 5d49 | 3ba7 4803 | 0000 0f87 | 6101 0000 | c348 89b4 | 24d8 0000 

  0x000002769cb3ec48: ;   {metadata('java/lang/NullPointerException')}
  0x000002769cb3ec48: 0048 ba30 | 1a06 a776 | 0200 0049 | 8b87 0801 | 0000 488d | 7830 493b | bf18 0100 | 000f 874c 
  0x000002769cb3ec68: 0100 0049 | 89bf 0801 | 0000 48c7 | 0001 0000 | 0048 8bca | 49ba 0000 | 00a7 7602 | 0000 492b 
  0x000002769cb3ec88: ca89 4808 | 4833 c989 | 480c 4833 | c948 8948 | 1048 8948 | 1848 8948 | 2048 8948 | 2848 8bd0 
  0x000002769cb3eca8: 4889 8424 | d000 0000 | 0f1f 8000 

  0x000002769cb3ecb4: ;   {optimized virtual_call}
  0x000002769cb3ecb4: 0000 00e8 

  0x000002769cb3ecb8: ; ImmutableOopMap {[176]=Oop [208]=Oop [216]=Oop [232]=Oop }
                      ;*invokespecial <init> {reexecute=0 rethrow=0 return_oop=0}
                      ; - java.lang.ClassLoader::resolveClass@8 (line 1228)
                      ; - jdk.internal.loader.BuiltinClassLoader::loadClassOrNull@128 (line 688)
  0x000002769cb3ecb8: c426 cdff | 488b 8424 

  0x000002769cb3ecc0: ; ImmutableOopMap {[176]=Oop [216]=Oop [232]=Oop rax=Oop }
                      ;*athrow {reexecute=1 rethrow=0 return_oop=0}
                      ; - (reexecute) java.lang.ClassLoader::resolveClass@11 (line 1228)
                      ; - jdk.internal.loader.BuiltinClassLoader::loadClassOrNull@128 (line 688)
  0x000002769cb3ecc0: d000 0000 

  0x000002769cb3ecc4: ;   {section_word}
  0x000002769cb3ecc4: 48ba c4ec | b39c 7602 

  0x000002769cb3eccc: ;   {runtime_call handle_exception_nofpu Runtime1 stub}
  0x000002769cb3eccc: 0000 e82d | 3bd7 ff90 | 498b 87d8 | 0300 004d | 33d2 4d89 | 97d8 0300 | 004d 33d2 | 4d89 97e0 
  0x000002769cb3ecec: 0300 0048 | 8bf0 488d | 8424 e000 | 0000 488b | 3848 85ff | 0f84 0f00 | 0000 488b | 5808 f048 
  0x000002769cb3ed0c: 0fb1 3b0f | 85af 0000 | 0048 8bc6 | e9dc 0000 | 0048 8bd2 

  0x000002769cb3ed20: ;   {runtime_call fast_new_instance Runtime1 stub}
  0x000002769cb3ed20: e8db 2bd7 

  0x000002769cb3ed24: ; ImmutableOopMap {r8=Oop [152]=Oop rbx=Oop [160]=Oop }
                      ;*new {reexecute=0 rethrow=0 return_oop=0}
                      ; - java.lang.ClassLoader::getClassLoadingLock@9 (line 670)
                      ; - jdk.internal.loader.BuiltinClassLoader::loadClassOrNull@2 (line 651)
  0x000002769cb3ed24: ffe9 06fb 

  0x000002769cb3ed28: ;   {runtime_call throw_null_pointer_exception Runtime1 stub}
  0x000002769cb3ed28: ffff e8f1 

  0x000002769cb3ed2c: ; ImmutableOopMap {r8=Oop [152]=Oop rbx=Oop [160]=Oop rax=Oop }
                      ;*invokevirtual putIfAbsent {reexecute=0 rethrow=0 return_oop=0}
                      ; - java.lang.ClassLoader::getClassLoadingLock@23 (line 671)
                      ; - jdk.internal.loader.BuiltinClassLoader::loadClassOrNull@2 (line 651)
                      ;   {runtime_call throw_null_pointer_exception Runtime1 stub}
  0x000002769cb3ed2c: 22d7 ffe8 

  0x000002769cb3ed30: ; ImmutableOopMap {[152]=Oop [160]=Oop rsi=Oop }
                      ;*monitorenter {reexecute=0 rethrow=0 return_oop=0}
                      ; - jdk.internal.loader.BuiltinClassLoader::loadClassOrNull@7 (line 651)
  0x000002769cb3ed30: ec22 d7ff | 4889 7424 | 0848 8914 

  0x000002769cb3ed3c: ;   {runtime_call monitorenter_nofpu Runtime1 stub}
  0x000002769cb3ed3c: 24e8 be52 

  0x000002769cb3ed40: ; ImmutableOopMap {[152]=Oop [160]=Oop rsi=Oop [232]=Oop }
                      ;*monitorenter {reexecute=0 rethrow=0 return_oop=0}
                      ; - jdk.internal.loader.BuiltinClassLoader::loadClassOrNull@7 (line 651)
  0x000002769cb3ed40: d7ff e95e 

  0x000002769cb3ed44: ;   {runtime_call throw_null_pointer_exception Runtime1 stub}
  0x000002769cb3ed44: fbff ffe8 

  0x000002769cb3ed48: ; ImmutableOopMap {[176]=Oop r8=Oop [152]=Oop [184]=Oop [160]=Oop [232]=Oop }
                      ;*invokevirtual lastIndexOf {reexecute=0 rethrow=0 return_oop=0}
                      ; - jdk.internal.loader.BuiltinClassLoader::findLoadedModule@3 (line 709)
                      ; - jdk.internal.loader.BuiltinClassLoader::loadClassOrNull@22 (line 658)
  0x000002769cb3ed48: d422 d7ff 

  0x000002769cb3ed4c: ;   {runtime_call throw_null_pointer_exception Runtime1 stub}
  0x000002769cb3ed4c: e8cf 22d7 

  0x000002769cb3ed50: ; ImmutableOopMap {[176]=Oop r8=Oop [152]=Oop [184]=Oop [160]=Oop [232]=Oop }
                      ;*arraylength {reexecute=0 rethrow=0 return_oop=0}
                      ; - java.lang.String::length@4 (line 1481)
                      ; - java.lang.String::lastIndexOf@3 (line 2451)
                      ; - jdk.internal.loader.BuiltinClassLoader::findLoadedModule@3 (line 709)
                      ; - jdk.internal.loader.BuiltinClassLoader::loadClassOrNull@22 (line 658)
  0x000002769cb3ed50: ff48 8904 

  0x000002769cb3ed54: ;   {runtime_call throw_class_cast_exception Runtime1 stub}
  0x000002769cb3ed54: 24e8 c646 

  0x000002769cb3ed58: ; ImmutableOopMap {[176]=Oop [160]=Oop [152]=Oop [184]=Oop [232]=Oop }
                      ;*checkcast {reexecute=0 rethrow=0 return_oop=0}
                      ; - jdk.internal.loader.BuiltinClassLoader::findLoadedModule@29 (line 714)
                      ; - jdk.internal.loader.BuiltinClassLoader::loadClassOrNull@22 (line 658)
                      ;   {runtime_call throw_null_pointer_exception Runtime1 stub}
  0x000002769cb3ed58: d7ff e8c1 

  0x000002769cb3ed5c: ; ImmutableOopMap {[176]=Oop [152]=Oop [184]=Oop rsi=Oop rdx=Oop [160]=Oop [232]=Oop }
                      ;*invokevirtual loader {reexecute=0 rethrow=0 return_oop=0}
                      ; - jdk.internal.loader.BuiltinClassLoader::loadClassOrNull@34 (line 662)
  0x000002769cb3ed5c: 22d7 ff48 | bf00 0000 | 0000 0000 | 00b8 000f 

  0x000002769cb3ed6c: ;   {runtime_call load_appendix_patching Runtime1 stub}
  0x000002769cb3ed6c: 050a e80d 

  0x000002769cb3ed70: ; ImmutableOopMap {[176]=Oop [152]=Oop rsi=Oop [160]=Oop [232]=Oop }
                      ;*invokedynamic {reexecute=1 rethrow=0 return_oop=0}
                      ; - (reexecute) jdk.internal.loader.BuiltinClassLoader::findClassInModuleOrNull@16 (line 743)
                      ; - jdk.internal.loader.BuiltinClassLoader::loadClassOrNull@55 (line 665)
  0x000002769cb3ed70: 6cd7 ffe9 | d8fc ffff | 4889 0424 

  0x000002769cb3ed7c: ;   {runtime_call throw_class_cast_exception Runtime1 stub}
  0x000002769cb3ed7c: e89f 46d7 

  0x000002769cb3ed80: ; ImmutableOopMap {[176]=Oop [160]=Oop [232]=Oop }
                      ;*checkcast {reexecute=0 rethrow=0 return_oop=0}
                      ; - jdk.internal.loader.BuiltinClassLoader::findClassInModuleOrNull@26 (line 744)
                      ; - jdk.internal.loader.BuiltinClassLoader::loadClassOrNull@55 (line 665)
                      ;   {runtime_call throw_null_pointer_exception Runtime1 stub}
  0x000002769cb3ed80: ffe8 9a22 

  0x000002769cb3ed84: ; ImmutableOopMap {[176]=Oop rdi=Oop [152]=Oop [160]=Oop [232]=Oop }
                      ;*invokevirtual loadClassOrNull {reexecute=0 rethrow=0 return_oop=0}
                      ; - jdk.internal.loader.BuiltinClassLoader::loadClassOrNull@66 (line 669)
                      ;   {runtime_call throw_null_pointer_exception Runtime1 stub}
  0x000002769cb3ed84: d7ff e895 

  0x000002769cb3ed88: ; ImmutableOopMap {[176]=Oop [152]=Oop [160]=Oop rsi=Oop [232]=Oop }
                      ;*invokevirtual loadClassOrNull {reexecute=0 rethrow=0 return_oop=0}
                      ; - jdk.internal.loader.BuiltinClassLoader::loadClassOrNull@86 (line 676)
  0x000002769cb3ed88: 22d7 ff48 | 8d84 24e0 | 0000 0048 

  0x000002769cb3ed94: ;   {runtime_call monitorexit_nofpu Runtime1 stub}
  0x000002769cb3ed94: 8904 24e8 | 6458 d7ff | e987 feff 

  0x000002769cb3eda0: ;   {internal_word}
  0x000002769cb3eda0: ff49 ba33 | ecb3 9c76 | 0200 004d | 8997 6003 

  0x000002769cb3edb0: ;   {runtime_call SafepointBlob}
  0x000002769cb3edb0: 0000 e949 | 8ccd ff48 

  0x000002769cb3edb8: ;   {runtime_call fast_new_instance Runtime1 stub}
  0x000002769cb3edb8: 8bd2 e841 

  0x000002769cb3edbc: ; ImmutableOopMap {[176]=Oop [216]=Oop [232]=Oop }
                      ;*new {reexecute=0 rethrow=0 return_oop=0}
                      ; - java.lang.ClassLoader::resolveClass@4 (line 1228)
                      ; - jdk.internal.loader.BuiltinClassLoader::loadClassOrNull@128 (line 688)
  0x000002769cb3edbc: 2bd7 ffe9 | e1fe ffff | 488d 8424 | e000 0000 | 4889 0424 

  0x000002769cb3edd0: ;   {runtime_call monitorexit_nofpu Runtime1 stub}
  0x000002769cb3edd0: e82b 58d7 | ffe9 3bff | ffff 9090 | 498b 87d8 | 0300 0049 | c787 d803 | 0000 0000 | 0000 49c7 
  0x000002769cb3edf0: 87e0 0300 | 0000 0000 | 0048 81c4 | 0001 0000 

  0x000002769cb3ee00: ;   {runtime_call unwind_exception Runtime1 stub}
  0x000002769cb3ee00: 5de9 fa12 | d7ff f4f4 | f4f4 f4f4 | f4f4 f4f4 | f4f4 f4f4 | f4f4 f4f4 | f4f4 f4f4 | f4f4 f4f4 
[Stub Code]
  0x000002769cb3ee20: ;   {no_reloc}
  0x000002769cb3ee20: 0f1f 4400 

  0x000002769cb3ee24: ;   {static_stub}
  0x000002769cb3ee24: 0048 bb00 | 0000 0000 

  0x000002769cb3ee2c: ;   {runtime_call}
  0x000002769cb3ee2c: 0000 00e9 | fbff ffff 

  0x000002769cb3ee34: ;   {static_stub}
  0x000002769cb3ee34: 9048 bb00 | 0000 0000 

  0x000002769cb3ee3c: ;   {runtime_call}
  0x000002769cb3ee3c: 0000 00e9 | fbff ffff 

  0x000002769cb3ee44: ;   {static_stub}
  0x000002769cb3ee44: 9048 bb00 | 0000 0000 

  0x000002769cb3ee4c: ;   {runtime_call}
  0x000002769cb3ee4c: 0000 00e9 | fbff ffff 

  0x000002769cb3ee54: ;   {static_stub}
  0x000002769cb3ee54: 9048 bb00 | 0000 0000 

  0x000002769cb3ee5c: ;   {runtime_call}
  0x000002769cb3ee5c: 0000 00e9 | fbff ffff 

  0x000002769cb3ee64: ;   {static_stub}
  0x000002769cb3ee64: 9048 bb00 | 0000 0000 

  0x000002769cb3ee6c: ;   {runtime_call}
  0x000002769cb3ee6c: 0000 00e9 | fbff ffff 

  0x000002769cb3ee74: ;   {static_stub}
  0x000002769cb3ee74: 9048 bb00 | 0000 0000 

  0x000002769cb3ee7c: ;   {runtime_call}
  0x000002769cb3ee7c: 0000 00e9 | fbff ffff 

  0x000002769cb3ee84: ;   {static_stub}
  0x000002769cb3ee84: 9048 bb00 | 0000 0000 

  0x000002769cb3ee8c: ;   {runtime_call}
  0x000002769cb3ee8c: 0000 00e9 | fbff ffff 

  0x000002769cb3ee94: ;   {static_stub}
  0x000002769cb3ee94: 9048 bb00 | 0000 0000 

  0x000002769cb3ee9c: ;   {runtime_call}
  0x000002769cb3ee9c: 0000 00e9 | fbff ffff 

  0x000002769cb3eea4: ;   {static_stub}
  0x000002769cb3eea4: 9048 bb00 | 0000 0000 

  0x000002769cb3eeac: ;   {runtime_call}
  0x000002769cb3eeac: 0000 00e9 | fbff ffff 

  0x000002769cb3eeb4: ;   {static_stub}
  0x000002769cb3eeb4: 9048 bb00 | 0000 0000 

  0x000002769cb3eebc: ;   {runtime_call}
  0x000002769cb3eebc: 0000 00e9 | fbff ffff 

  0x000002769cb3eec4: ;   {static_stub}
  0x000002769cb3eec4: 9048 bb00 | 0000 0000 

  0x000002769cb3eecc: ;   {runtime_call}
  0x000002769cb3eecc: 0000 00e9 | fbff ffff 

  0x000002769cb3eed4: ;   {static_stub}
  0x000002769cb3eed4: 9048 bb00 | 0000 0000 

  0x000002769cb3eedc: ;   {runtime_call}
  0x000002769cb3eedc: 0000 00e9 | fbff ffff 

  0x000002769cb3eee4: ;   {static_stub}
  0x000002769cb3eee4: 9048 bbf8 | 6c43 a776 

  0x000002769cb3eeec: ;   {runtime_call I2C/C2I adapters}
  0x000002769cb3eeec: 0200 00e9 | 6977 cdff 

  0x000002769cb3eef4: ;   {static_stub}
  0x000002769cb3eef4: 9048 bb00 | 0000 0000 

  0x000002769cb3eefc: ;   {runtime_call}
  0x000002769cb3eefc: 0000 00e9 | fbff ffff 
[Exception Handler]
  0x000002769cb3ef04: ;   {runtime_call handle_exception_from_callee Runtime1 stub}
  0x000002769cb3ef04: e8f7 3ed7 

  0x000002769cb3ef08: ;   {external_word}
  0x000002769cb3ef08: ff48 b900 | eabd b2fa | 7f00 0048 

  0x000002769cb3ef14: ;   {runtime_call}
  0x000002769cb3ef14: 83e4 f049 | ba40 9686 | b2fa 7f00 | 0041 ffd2 

  0x000002769cb3ef24: ;   {section_word}
  0x000002769cb3ef24: f449 ba25 | efb3 9c76 | 0200 0041 

  0x000002769cb3ef30: ;   {runtime_call DeoptimizationBlob}
  0x000002769cb3ef30: 52e9 6a7d | cdff f4f4 
[/MachCode]


Compiled method (c1) 2443 1118       1       jdk.internal.loader.ClassLoaders$AppClassLoader::loadClass (40 bytes)
 total in heap  [0x000002769cb7fb10,0x000002769cb801b0] = 1696
 relocation     [0x000002769cb7fc70,0x000002769cb7fce8] = 120
 main code      [0x000002769cb7fd00,0x000002769cb7ff40] = 576
 stub code      [0x000002769cb7ff40,0x000002769cb7ffd8] = 152
 metadata       [0x000002769cb7ffd8,0x000002769cb80018] = 64
 scopes data    [0x000002769cb80018,0x000002769cb800e0] = 200
 scopes pcs     [0x000002769cb800e0,0x000002769cb80190] = 176
 dependencies   [0x000002769cb80190,0x000002769cb80198] = 8
 nul chk table  [0x000002769cb80198,0x000002769cb801b0] = 24

[Constant Pool (empty)]

[MachCode]
[Entry Point]
  # {method} {0x00000276a707bac0} 'loadClass' '(Ljava/lang/String;Z)Ljava/lang/Class;' in 'jdk/internal/loader/ClassLoaders$AppClassLoader'
  # this:     rdx:rdx   = 'jdk/internal/loader/ClassLoaders$AppClassLoader'
  # parm0:    r8:r8     = 'java/lang/String'
  # parm1:    r9        = boolean
  #           [sp+0xc0]  (sp of caller)
  0x000002769cb7fd00: 448b 5208 | 49bb 0000 | 00a7 7602 | 0000 4d03 | d34c 3bd0 

  0x000002769cb7fd14: ;   {runtime_call ic_miss_stub}
  0x000002769cb7fd14: 0f85 6613 | c9ff 660f | 1f44 0000 
[Verified Entry Point]
  0x000002769cb7fd20: 8984 2400 | 90ff ff55 | 4881 ecb0 

  0x000002769cb7fd2c: ;   {oop(a 'java/lang/Class'{0x0000000088f92fd8} = 'java/lang/System')}
  0x000002769cb7fd2c: 0000 0048 | b9d8 2ff9 | 8800 0000 | 008b 717c | 4889 b424 | 8800 0000 | 4883 fe00 | 0f85 0d00 
  0x000002769cb7fd4c: 0000 4c89 | 8424 8000 | 0000 e9d9 | 0000 0041 | 8b78 148b | 5f0c 410f | be40 1048 | 8bc8 c1e1 
  0x000002769cb7fd6c: 18c1 f918 | d3fb ffcb | 83f8 00b8 | 0000 0000 | 0f85 0500 | 0000 b801 | 0000 0083 | e001 83f8 
  0x000002769cb7fd8c: 0044 898c | 2490 0000 | 004c 8984 | 2480 0000 | 0048 8994 | 2498 0000 | 0048 8bd7 | 41b8 2e00 
  0x000002769cb7fdac: 0000 4c8b | cb0f 840a 

  0x000002769cb7fdb4: ;   {static_call}
  0x000002769cb7fdb4: 0000 00e8 

  0x000002769cb7fdb8: ; ImmutableOopMap {[128]=Oop [152]=Oop [136]=Oop }
                      ;*invokestatic lastIndexOf {reexecute=0 rethrow=0 return_oop=0}
                      ; - java.lang.String::lastIndexOf@13 (line 2489)
                      ; - java.lang.String::lastIndexOf@8 (line 2451)
                      ; - jdk.internal.loader.ClassLoaders$AppClassLoader::loadClass@11 (line 182)
  0x000002769cb7fdb8: c41b c9ff | e90b 0000 | 0066 0f1f 

  0x000002769cb7fdc4: ;   {static_call}
  0x000002769cb7fdc4: 4400 00e8 

  0x000002769cb7fdc8: ; ImmutableOopMap {[128]=Oop [152]=Oop [136]=Oop }
                      ;*invokestatic lastIndexOf {reexecute=0 rethrow=0 return_oop=0}
                      ; - java.lang.String::lastIndexOf@25 (line 2490)
                      ; - java.lang.String::lastIndexOf@8 (line 2451)
                      ; - jdk.internal.loader.ClassLoaders$AppClassLoader::loadClass@11 (line 182)
  0x000002769cb7fdc8: b41b c9ff | 83f8 ff0f | 8515 0000 | 0044 8b8c | 2490 0000 | 0048 8b94 | 2498 0000 | 00e9 4a00 
  0x000002769cb7fde8: 0000 41b8 | 0000 0000 | 4c8b c848 | 8b94 2480 | 0000 000f 

  0x000002769cb7fdfc: ;   {optimized virtual_call}
  0x000002769cb7fdfc: 1f40 00e8 

  0x000002769cb7fe00: ; ImmutableOopMap {[128]=Oop [152]=Oop [136]=Oop }
                      ;*invokevirtual substring {reexecute=0 rethrow=0 return_oop=0}
                      ; - jdk.internal.loader.ClassLoaders$AppClassLoader::loadClass@27 (line 184)
  0x000002769cb7fe00: 7c15 c9ff | 4c8b c048 | 8b94 2488 | 0000 0066 | 0f1f 4400 | 0048 b8ff | ffff ffff 

  0x000002769cb7fe1c: ;   {virtual_call}
  0x000002769cb7fe1c: ffff ffe8 

  0x000002769cb7fe20: ; ImmutableOopMap {[128]=Oop [152]=Oop }
                      ;*invokevirtual checkPackageAccess {reexecute=0 rethrow=0 return_oop=0}
                      ; - jdk.internal.loader.ClassLoaders$AppClassLoader::loadClass@30 (line 184)
  0x000002769cb7fe20: 5c18 c9ff | 448b 8c24 | 9000 0000 | 488b 9424 | 9800 0000 | 4c8b 8424 | 8000 0000 

  0x000002769cb7fe3c: ;   {optimized virtual_call}
  0x000002769cb7fe3c: 6666 90e8 

  0x000002769cb7fe40: ; ImmutableOopMap {[128]=Oop }
                      ;*invokevirtual loadClassOrNull {reexecute=0 rethrow=0 return_oop=0}
                      ; - jdk.internal.loader.BuiltinClassLoader::loadClass@3 (line 639)
                      ; - jdk.internal.loader.ClassLoaders$AppClassLoader::loadClass@36 (line 188)
  0x000002769cb7fe40: 5ce9 fbff | 4883 f800 | 0f84 1600 | 0000 4881 | c4b0 0000 

  0x000002769cb7fe54: ;   {poll_return}
  0x000002769cb7fe54: 005d 493b | a748 0300 | 000f 8788 | 0000 00c3 | 4c8b 8424 | 8000 0000 

  0x000002769cb7fe6c: ;   {metadata('java/lang/ClassNotFoundException')}
  0x000002769cb7fe6c: 48ba 0028 | 02a7 7602 | 0000 498b | 8708 0100 | 0048 8d78 | 2849 3bbf | 1801 0000 | 0f87 7300 
  0x000002769cb7fe8c: 0000 4989 | bf08 0100 | 0048 c700 | 0100 0000 | 488b ca49 | ba00 0000 | a776 0200 | 0049 2bca 
  0x000002769cb7feac: 8948 0848 | 33c9 8948 | 0c48 33c9 | 4889 4810 | 4889 4818 | 4889 4820 | 488b d048 | 8984 24a0 
  0x000002769cb7fecc: ;   {optimized virtual_call}
  0x000002769cb7fecc: 0000 00e8 

  0x000002769cb7fed0: ; ImmutableOopMap {[160]=Oop }
                      ;*invokespecial <init> {reexecute=0 rethrow=0 return_oop=0}
                      ; - jdk.internal.loader.BuiltinClassLoader::loadClass@16 (line 641)
                      ; - jdk.internal.loader.ClassLoaders$AppClassLoader::loadClass@36 (line 188)
  0x000002769cb7fed0: c100 0000 | 488b 8424 | a000 0000 | e949 0000 

  0x000002769cb7fee0: ;   {runtime_call throw_null_pointer_exception Runtime1 stub}
  0x000002769cb7fee0: 00e8 3a11 

  0x000002769cb7fee4: ; ImmutableOopMap {rdx=Oop r8=Oop rsi=Oop [136]=Oop }
                      ;*invokevirtual lastIndexOf {reexecute=0 rethrow=0 return_oop=0}
                      ; - jdk.internal.loader.ClassLoaders$AppClassLoader::loadClass@11 (line 182)
                      ;   {runtime_call throw_null_pointer_exception Runtime1 stub}
  0x000002769cb7fee4: d3ff e835 

  0x000002769cb7fee8: ; ImmutableOopMap {rdx=Oop r8=Oop rsi=Oop [136]=Oop rdi=Oop }
                      ;*arraylength {reexecute=0 rethrow=0 return_oop=0}
                      ; - java.lang.String::length@4 (line 1481)
                      ; - java.lang.String::lastIndexOf@3 (line 2451)
                      ; - jdk.internal.loader.ClassLoaders$AppClassLoader::loadClass@11 (line 182)
                      ;   {internal_word}
  0x000002769cb7fee8: 11d3 ff49 | ba56 feb7 | 9c76 0200 | 004d 8997 | 6003 0000 

  0x000002769cb7fefc: ;   {runtime_call SafepointBlob}
  0x000002769cb7fefc: e9ff 7ac9 | ff48 8bd2 

  0x000002769cb7ff04: ;   {runtime_call fast_new_instance Runtime1 stub}
  0x000002769cb7ff04: e8f7 19d3 

  0x000002769cb7ff08: ; ImmutableOopMap {r8=Oop }
                      ;*new {reexecute=0 rethrow=0 return_oop=0}
                      ; - jdk.internal.loader.BuiltinClassLoader::loadClass@11 (line 641)
                      ; - jdk.internal.loader.ClassLoaders$AppClassLoader::loadClass@36 (line 188)
  0x000002769cb7ff08: ffeb b990 | 9049 8b87 | d803 0000 | 49c7 87d8 | 0300 0000 | 0000 0049 | c787 e003 | 0000 0000 
  0x000002769cb7ff28: 0000 4881 | c4b0 0000 

  0x000002769cb7ff30: ;   {runtime_call unwind_exception Runtime1 stub}
  0x000002769cb7ff30: 005d e9c9 | 01d3 fff4 | f4f4 f4f4 | f4f4 f4f4 
[Stub Code]
  0x000002769cb7ff40: ;   {no_reloc}
  0x000002769cb7ff40: 0f1f 4400 

  0x000002769cb7ff44: ;   {static_stub}
  0x000002769cb7ff44: 0048 bb00 | 0000 0000 

  0x000002769cb7ff4c: ;   {runtime_call}
  0x000002769cb7ff4c: 0000 00e9 | fbff ffff 

  0x000002769cb7ff54: ;   {static_stub}
  0x000002769cb7ff54: 9048 bb00 | 0000 0000 

  0x000002769cb7ff5c: ;   {runtime_call}
  0x000002769cb7ff5c: 0000 00e9 | fbff ffff 

  0x000002769cb7ff64: ;   {static_stub}
  0x000002769cb7ff64: 9048 bb00 | 0000 0000 

  0x000002769cb7ff6c: ;   {runtime_call}
  0x000002769cb7ff6c: 0000 00e9 | fbff ffff 

  0x000002769cb7ff74: ;   {static_stub}
  0x000002769cb7ff74: 9048 bb00 | 0000 0000 

  0x000002769cb7ff7c: ;   {runtime_call}
  0x000002769cb7ff7c: 0000 00e9 | fbff ffff 

  0x000002769cb7ff84: ;   {static_stub}
  0x000002769cb7ff84: 9048 bb00 | 0000 0000 

  0x000002769cb7ff8c: ;   {runtime_call}
  0x000002769cb7ff8c: 0000 00e9 | fbff ffff 

  0x000002769cb7ff94: ;   {static_stub}
  0x000002769cb7ff94: 9048 bb88 | ea3e a776 

  0x000002769cb7ff9c: ;   {runtime_call I2C/C2I adapters}
  0x000002769cb7ff9c: 0200 00e9 | b966 c9ff 
[Exception Handler]
  0x000002769cb7ffa4: ;   {runtime_call handle_exception_from_callee Runtime1 stub}
  0x000002769cb7ffa4: e857 2ed3 

  0x000002769cb7ffa8: ;   {external_word}
  0x000002769cb7ffa8: ff48 b900 | eabd b2fa | 7f00 0048 

  0x000002769cb7ffb4: ;   {runtime_call}
  0x000002769cb7ffb4: 83e4 f049 | ba40 9686 | b2fa 7f00 | 0041 ffd2 

  0x000002769cb7ffc4: ;   {section_word}
  0x000002769cb7ffc4: f449 bac5 | ffb7 9c76 | 0200 0041 

  0x000002769cb7ffd0: ;   {runtime_call DeoptimizationBlob}
  0x000002769cb7ffd0: 52e9 ca6c | c9ff f4f4 
[/MachCode]


---------------  P R O C E S S  ---------------

Threads class SMR info:
_java_thread_list=0x00000276ec33e670, length=15, elements={
0x0000027694c5f400, 0x00000276a6682610, 0x00000276a6683eb0, 0x00000276a6697250,
0x00000276a6698e20, 0x00000276a669b7f0, 0x00000276a669c1b0, 0x00000276a669dc30,
0x00000276a669f240, 0x00000276a666ecd0, 0x00000276a688e4d0, 0x00000276a688e9f0,
0x00000276a6bf1ca0, 0x00000276a6bf2180, 0x00000276ec3348a0
}

Java Threads: ( => current thread )
=>0x0000027694c5f400 JavaThread "main" [_thread_in_vm, id=3556, stack(0x000000de4a700000,0x000000de4a800000)]
  0x00000276a6682610 JavaThread "Reference Handler" daemon [_thread_blocked, id=13500, stack(0x000000de4ae00000,0x000000de4af00000)]
  0x00000276a6683eb0 JavaThread "Finalizer" daemon [_thread_blocked, id=13628, stack(0x000000de4af00000,0x000000de4b000000)]
  0x00000276a6697250 JavaThread "Signal Dispatcher" daemon [_thread_blocked, id=14896, stack(0x000000de4b000000,0x000000de4b100000)]
  0x00000276a6698e20 JavaThread "Attach Listener" daemon [_thread_blocked, id=1212, stack(0x000000de4b100000,0x000000de4b200000)]
  0x00000276a669b7f0 JavaThread "Service Thread" daemon [_thread_blocked, id=8916, stack(0x000000de4b200000,0x000000de4b300000)]
  0x00000276a669c1b0 JavaThread "Monitor Deflation Thread" daemon [_thread_blocked, id=17092, stack(0x000000de4b300000,0x000000de4b400000)]
  0x00000276a669dc30 JavaThread "C1 CompilerThread0" daemon [_thread_blocked, id=1660, stack(0x000000de4b400000,0x000000de4b500000)]
  0x00000276a669f240 JavaThread "Sweeper thread" daemon [_thread_blocked, id=6396, stack(0x000000de4b500000,0x000000de4b600000)]
  0x00000276a666ecd0 JavaThread "Common-Cleaner" daemon [_thread_blocked, id=12560, stack(0x000000de4b600000,0x000000de4b700000)]
  0x00000276a688e4d0 JavaThread "C1 CompilerThread1" daemon [_thread_blocked, id=15676, stack(0x000000de4b700000,0x000000de4b800000)]
  0x00000276a688e9f0 JavaThread "C1 CompilerThread2" daemon [_thread_blocked, id=10204, stack(0x000000de4b800000,0x000000de4b900000)]
  0x00000276a6bf1ca0 JavaThread "Monitor Ctrl-Break" daemon [_thread_in_native, id=9908, stack(0x000000de4b900000,0x000000de4ba00000)]
  0x00000276a6bf2180 JavaThread "Notification Thread" daemon [_thread_blocked, id=4200, stack(0x000000de4ba00000,0x000000de4bb00000)]
  0x00000276ec3348a0 JavaThread "RMI TCP Accept-0" daemon [_thread_in_native, id=3612, stack(0x000000de4bb00000,0x000000de4bc00000)]

Other Threads:
  0x00000276a667d120 VMThread "VM Thread" [stack: 0x000000de4ad00000,0x000000de4ae00000] [id=17036]
  0x00000276ec377270 WatcherThread [stack: 0x000000de4bc00000,0x000000de4bd00000] [id=11608]
  0x0000027694cb9740 GCTaskThread "GC Thread#0" [stack: 0x000000de4a800000,0x000000de4a900000] [id=16836]
  0x00000276ec38dce0 GCTaskThread "GC Thread#1" [stack: 0x000000de4bd00000,0x000000de4be00000] [id=5920]
  0x00000276ec38dfa0 GCTaskThread "GC Thread#2" [stack: 0x000000de4be00000,0x000000de4bf00000] [id=10684]
  0x00000276ec3a4910 GCTaskThread "GC Thread#3" [stack: 0x000000de4bf00000,0x000000de4c000000] [id=7744]
  0x0000027694cca2d0 ConcurrentGCThread "G1 Main Marker" [stack: 0x000000de4a900000,0x000000de4aa00000] [id=17136]
  0x0000027694ccacf0 ConcurrentGCThread "G1 Conc#0" [stack: 0x000000de4aa00000,0x000000de4ab00000] [id=2192]
  0x0000027694d0e650 ConcurrentGCThread "G1 Refine#0" [stack: 0x000000de4ab00000,0x000000de4ac00000] [id=3864]
  0x00000276ec3a4fe0 ConcurrentGCThread "G1 Refine#1" [stack: 0x000000de4c000000,0x000000de4c100000] [id=8552]
  0x00000276a6536640 ConcurrentGCThread "G1 Service" [stack: 0x000000de4ac00000,0x000000de4ad00000] [id=16460]

Threads with active compile tasks:

VM state: not at safepoint (normal execution)

VM Mutex/Monitor currently owned by a thread:  ([mutex/lock_event])
[0x0000027694c5c570] Metaspace_lock - owner thread: 0x0000027694c5f400

Heap address: 0x0000000081e00000, size: 2018 MB, Compressed Oops mode: 32-bit

CDS archive(s) mapped at: [0x00000276a7000000-0x00000276a7bb0000-0x00000276a7bb0000), size 12255232, SharedBaseAddress: 0x00000276a7000000, ArchiveRelocationMode: 1.
Compressed class space mapped at: 0x00000276a8000000-0x00000276e8000000, reserved size: 1073741824
Narrow klass base: 0x00000276a7000000, Narrow klass shift: 0, Narrow klass range: 0x100000000

GC Precious Log:
 CPUs: 4 total, 4 available
 Memory: 8071M
 Large Page Support: Disabled
 NUMA Support: Disabled
 Compressed Oops: Enabled (32-bit)
 Heap Region Size: 1M
 Heap Min Capacity: 8M
 Heap Initial Capacity: 128M
 Heap Max Capacity: 2018M
 Pre-touch: Disabled
 Parallel Workers: 4
 Concurrent Workers: 1
 Concurrent Refinement Workers: 4
 Periodic GC: Disabled

Heap:
 garbage-first heap   total 131072K, used 11797K [0x0000000081e00000, 0x0000000100000000)
  region size 1024K, 8 young (8192K), 2 survivors (2048K)
 Metaspace       used 5974K, committed 6144K, reserved 1114112K
  class space    used 740K, committed 832K, reserved 1048576K

Heap Regions: E=young(eden), S=young(survivor), O=old, HS=humongous(starts), HC=humongous(continues), CS=collection set, F=free, OA=open archive, CA=closed archive, TAMS=top-at-mark-start (previous, next)
|   0|0x0000000081e00000, 0x0000000081f00000, 0x0000000081f00000|100%|HS|  |TAMS 0x0000000081e00000, 0x0000000081e00000| Complete 
|   1|0x0000000081f00000, 0x0000000081f00000, 0x0000000082000000|  0%| F|  |TAMS 0x0000000081f00000, 0x0000000081f00000| Untracked 
|   2|0x0000000082000000, 0x0000000082100000, 0x0000000082100000|100%| O|  |TAMS 0x0000000082000000, 0x0000000082000000| Untracked 
|   3|0x0000000082100000, 0x0000000082200000, 0x0000000082200000|100%| O|  |TAMS 0x0000000082100000, 0x0000000082100000| Untracked 
|   4|0x0000000082200000, 0x0000000082300000, 0x0000000082300000|100%| O|  |TAMS 0x0000000082200000, 0x0000000082200000| Untracked 
|   5|0x0000000082300000, 0x0000000082385600, 0x0000000082400000| 52%| O|  |TAMS 0x0000000082300000, 0x0000000082300000| Untracked 
|   6|0x0000000082400000, 0x0000000082400000, 0x0000000082500000|  0%| F|  |TAMS 0x0000000082400000, 0x0000000082400000| Untracked 
|   7|0x0000000082500000, 0x0000000082500000, 0x0000000082600000|  0%| F|  |TAMS 0x0000000082500000, 0x0000000082500000| Untracked 
|   8|0x0000000082600000, 0x0000000082600000, 0x0000000082700000|  0%| F|  |TAMS 0x0000000082600000, 0x0000000082600000| Untracked 
|   9|0x0000000082700000, 0x0000000082700000, 0x0000000082800000|  0%| F|  |TAMS 0x0000000082700000, 0x0000000082700000| Untracked 
|  10|0x0000000082800000, 0x0000000082800000, 0x0000000082900000|  0%| F|  |TAMS 0x0000000082800000, 0x0000000082800000| Untracked 
|  11|0x0000000082900000, 0x0000000082900000, 0x0000000082a00000|  0%| F|  |TAMS 0x0000000082900000, 0x0000000082900000| Untracked 
|  12|0x0000000082a00000, 0x0000000082a00000, 0x0000000082b00000|  0%| F|  |TAMS 0x0000000082a00000, 0x0000000082a00000| Untracked 
|  13|0x0000000082b00000, 0x0000000082b00000, 0x0000000082c00000|  0%| F|  |TAMS 0x0000000082b00000, 0x0000000082b00000| Untracked 
|  14|0x0000000082c00000, 0x0000000082c00000, 0x0000000082d00000|  0%| F|  |TAMS 0x0000000082c00000, 0x0000000082c00000| Untracked 
|  15|0x0000000082d00000, 0x0000000082d00000, 0x0000000082e00000|  0%| F|  |TAMS 0x0000000082d00000, 0x0000000082d00000| Untracked 
|  16|0x0000000082e00000, 0x0000000082e00000, 0x0000000082f00000|  0%| F|  |TAMS 0x0000000082e00000, 0x0000000082e00000| Untracked 
|  17|0x0000000082f00000, 0x0000000082f00000, 0x0000000083000000|  0%| F|  |TAMS 0x0000000082f00000, 0x0000000082f00000| Untracked 
|  18|0x0000000083000000, 0x0000000083000000, 0x0000000083100000|  0%| F|  |TAMS 0x0000000083000000, 0x0000000083000000| Untracked 
|  19|0x0000000083100000, 0x0000000083100000, 0x0000000083200000|  0%| F|  |TAMS 0x0000000083100000, 0x0000000083100000| Untracked 
|  20|0x0000000083200000, 0x0000000083200000, 0x0000000083300000|  0%| F|  |TAMS 0x0000000083200000, 0x0000000083200000| Untracked 
|  21|0x0000000083300000, 0x0000000083300000, 0x0000000083400000|  0%| F|  |TAMS 0x0000000083300000, 0x0000000083300000| Untracked 
|  22|0x0000000083400000, 0x0000000083400000, 0x0000000083500000|  0%| F|  |TAMS 0x0000000083400000, 0x0000000083400000| Untracked 
|  23|0x0000000083500000, 0x0000000083500000, 0x0000000083600000|  0%| F|  |TAMS 0x0000000083500000, 0x0000000083500000| Untracked 
|  24|0x0000000083600000, 0x0000000083600000, 0x0000000083700000|  0%| F|  |TAMS 0x0000000083600000, 0x0000000083600000| Untracked 
|  25|0x0000000083700000, 0x0000000083700000, 0x0000000083800000|  0%| F|  |TAMS 0x0000000083700000, 0x0000000083700000| Untracked 
|  26|0x0000000083800000, 0x0000000083800000, 0x0000000083900000|  0%| F|  |TAMS 0x0000000083800000, 0x0000000083800000| Untracked 
|  27|0x0000000083900000, 0x0000000083900000, 0x0000000083a00000|  0%| F|  |TAMS 0x0000000083900000, 0x0000000083900000| Untracked 
|  28|0x0000000083a00000, 0x0000000083a00000, 0x0000000083b00000|  0%| F|  |TAMS 0x0000000083a00000, 0x0000000083a00000| Untracked 
|  29|0x0000000083b00000, 0x0000000083b00000, 0x0000000083c00000|  0%| F|  |TAMS 0x0000000083b00000, 0x0000000083b00000| Untracked 
|  30|0x0000000083c00000, 0x0000000083c00000, 0x0000000083d00000|  0%| F|  |TAMS 0x0000000083c00000, 0x0000000083c00000| Untracked 
|  31|0x0000000083d00000, 0x0000000083d00000, 0x0000000083e00000|  0%| F|  |TAMS 0x0000000083d00000, 0x0000000083d00000| Untracked 
|  32|0x0000000083e00000, 0x0000000083e00000, 0x0000000083f00000|  0%| F|  |TAMS 0x0000000083e00000, 0x0000000083e00000| Untracked 
|  33|0x0000000083f00000, 0x0000000083f00000, 0x0000000084000000|  0%| F|  |TAMS 0x0000000083f00000, 0x0000000083f00000| Untracked 
|  34|0x0000000084000000, 0x0000000084000000, 0x0000000084100000|  0%| F|  |TAMS 0x0000000084000000, 0x0000000084000000| Untracked 
|  35|0x0000000084100000, 0x0000000084100000, 0x0000000084200000|  0%| F|  |TAMS 0x0000000084100000, 0x0000000084100000| Untracked 
|  36|0x0000000084200000, 0x0000000084200000, 0x0000000084300000|  0%| F|  |TAMS 0x0000000084200000, 0x0000000084200000| Untracked 
|  37|0x0000000084300000, 0x0000000084300000, 0x0000000084400000|  0%| F|  |TAMS 0x0000000084300000, 0x0000000084300000| Untracked 
|  38|0x0000000084400000, 0x0000000084400000, 0x0000000084500000|  0%| F|  |TAMS 0x0000000084400000, 0x0000000084400000| Untracked 
|  39|0x0000000084500000, 0x0000000084500000, 0x0000000084600000|  0%| F|  |TAMS 0x0000000084500000, 0x0000000084500000| Untracked 
|  40|0x0000000084600000, 0x0000000084600000, 0x0000000084700000|  0%| F|  |TAMS 0x0000000084600000, 0x0000000084600000| Untracked 
|  41|0x0000000084700000, 0x0000000084700000, 0x0000000084800000|  0%| F|  |TAMS 0x0000000084700000, 0x0000000084700000| Untracked 
|  42|0x0000000084800000, 0x0000000084800000, 0x0000000084900000|  0%| F|  |TAMS 0x0000000084800000, 0x0000000084800000| Untracked 
|  43|0x0000000084900000, 0x0000000084900000, 0x0000000084a00000|  0%| F|  |TAMS 0x0000000084900000, 0x0000000084900000| Untracked 
|  44|0x0000000084a00000, 0x0000000084a00000, 0x0000000084b00000|  0%| F|  |TAMS 0x0000000084a00000, 0x0000000084a00000| Untracked 
|  45|0x0000000084b00000, 0x0000000084b00000, 0x0000000084c00000|  0%| F|  |TAMS 0x0000000084b00000, 0x0000000084b00000| Untracked 
|  46|0x0000000084c00000, 0x0000000084c00000, 0x0000000084d00000|  0%| F|  |TAMS 0x0000000084c00000, 0x0000000084c00000| Untracked 
|  47|0x0000000084d00000, 0x0000000084d00000, 0x0000000084e00000|  0%| F|  |TAMS 0x0000000084d00000, 0x0000000084d00000| Untracked 
|  48|0x0000000084e00000, 0x0000000084e00000, 0x0000000084f00000|  0%| F|  |TAMS 0x0000000084e00000, 0x0000000084e00000| Untracked 
|  49|0x0000000084f00000, 0x0000000084f00000, 0x0000000085000000|  0%| F|  |TAMS 0x0000000084f00000, 0x0000000084f00000| Untracked 
|  50|0x0000000085000000, 0x0000000085000000, 0x0000000085100000|  0%| F|  |TAMS 0x0000000085000000, 0x0000000085000000| Untracked 
|  51|0x0000000085100000, 0x0000000085100000, 0x0000000085200000|  0%| F|  |TAMS 0x0000000085100000, 0x0000000085100000| Untracked 
|  52|0x0000000085200000, 0x0000000085200000, 0x0000000085300000|  0%| F|  |TAMS 0x0000000085200000, 0x0000000085200000| Untracked 
|  53|0x0000000085300000, 0x0000000085300000, 0x0000000085400000|  0%| F|  |TAMS 0x0000000085300000, 0x0000000085300000| Untracked 
|  54|0x0000000085400000, 0x0000000085400000, 0x0000000085500000|  0%| F|  |TAMS 0x0000000085400000, 0x0000000085400000| Untracked 
|  55|0x0000000085500000, 0x0000000085500000, 0x0000000085600000|  0%| F|  |TAMS 0x0000000085500000, 0x0000000085500000| Untracked 
|  56|0x0000000085600000, 0x0000000085600000, 0x0000000085700000|  0%| F|  |TAMS 0x0000000085600000, 0x0000000085600000| Untracked 
|  57|0x0000000085700000, 0x0000000085700000, 0x0000000085800000|  0%| F|  |TAMS 0x0000000085700000, 0x0000000085700000| Untracked 
|  58|0x0000000085800000, 0x0000000085800000, 0x0000000085900000|  0%| F|  |TAMS 0x0000000085800000, 0x0000000085800000| Untracked 
|  59|0x0000000085900000, 0x0000000085900000, 0x0000000085a00000|  0%| F|  |TAMS 0x0000000085900000, 0x0000000085900000| Untracked 
|  60|0x0000000085a00000, 0x0000000085a00000, 0x0000000085b00000|  0%| F|  |TAMS 0x0000000085a00000, 0x0000000085a00000| Untracked 
|  61|0x0000000085b00000, 0x0000000085b00000, 0x0000000085c00000|  0%| F|  |TAMS 0x0000000085b00000, 0x0000000085b00000| Untracked 
|  62|0x0000000085c00000, 0x0000000085c00000, 0x0000000085d00000|  0%| F|  |TAMS 0x0000000085c00000, 0x0000000085c00000| Untracked 
|  63|0x0000000085d00000, 0x0000000085d00000, 0x0000000085e00000|  0%| F|  |TAMS 0x0000000085d00000, 0x0000000085d00000| Untracked 
|  64|0x0000000085e00000, 0x0000000085e00000, 0x0000000085f00000|  0%| F|  |TAMS 0x0000000085e00000, 0x0000000085e00000| Untracked 
|  65|0x0000000085f00000, 0x0000000085f00000, 0x0000000086000000|  0%| F|  |TAMS 0x0000000085f00000, 0x0000000085f00000| Untracked 
|  66|0x0000000086000000, 0x0000000086000000, 0x0000000086100000|  0%| F|  |TAMS 0x0000000086000000, 0x0000000086000000| Untracked 
|  67|0x0000000086100000, 0x0000000086100000, 0x0000000086200000|  0%| F|  |TAMS 0x0000000086100000, 0x0000000086100000| Untracked 
|  68|0x0000000086200000, 0x0000000086200000, 0x0000000086300000|  0%| F|  |TAMS 0x0000000086200000, 0x0000000086200000| Untracked 
|  69|0x0000000086300000, 0x0000000086300000, 0x0000000086400000|  0%| F|  |TAMS 0x0000000086300000, 0x0000000086300000| Untracked 
|  70|0x0000000086400000, 0x0000000086400000, 0x0000000086500000|  0%| F|  |TAMS 0x0000000086400000, 0x0000000086400000| Untracked 
|  71|0x0000000086500000, 0x0000000086500000, 0x0000000086600000|  0%| F|  |TAMS 0x0000000086500000, 0x0000000086500000| Untracked 
|  72|0x0000000086600000, 0x0000000086600000, 0x0000000086700000|  0%| F|  |TAMS 0x0000000086600000, 0x0000000086600000| Untracked 
|  73|0x0000000086700000, 0x0000000086700000, 0x0000000086800000|  0%| F|  |TAMS 0x0000000086700000, 0x0000000086700000| Untracked 
|  74|0x0000000086800000, 0x0000000086800000, 0x0000000086900000|  0%| F|  |TAMS 0x0000000086800000, 0x0000000086800000| Untracked 
|  75|0x0000000086900000, 0x0000000086900000, 0x0000000086a00000|  0%| F|  |TAMS 0x0000000086900000, 0x0000000086900000| Untracked 
|  76|0x0000000086a00000, 0x0000000086a00000, 0x0000000086b00000|  0%| F|  |TAMS 0x0000000086a00000, 0x0000000086a00000| Untracked 
|  77|0x0000000086b00000, 0x0000000086b00000, 0x0000000086c00000|  0%| F|  |TAMS 0x0000000086b00000, 0x0000000086b00000| Untracked 
|  78|0x0000000086c00000, 0x0000000086c00000, 0x0000000086d00000|  0%| F|  |TAMS 0x0000000086c00000, 0x0000000086c00000| Untracked 
|  79|0x0000000086d00000, 0x0000000086d00000, 0x0000000086e00000|  0%| F|  |TAMS 0x0000000086d00000, 0x0000000086d00000| Untracked 
|  80|0x0000000086e00000, 0x0000000086e00000, 0x0000000086f00000|  0%| F|  |TAMS 0x0000000086e00000, 0x0000000086e00000| Untracked 
|  81|0x0000000086f00000, 0x0000000086f00000, 0x0000000087000000|  0%| F|  |TAMS 0x0000000086f00000, 0x0000000086f00000| Untracked 
|  82|0x0000000087000000, 0x0000000087000000, 0x0000000087100000|  0%| F|  |TAMS 0x0000000087000000, 0x0000000087000000| Untracked 
|  83|0x0000000087100000, 0x0000000087100000, 0x0000000087200000|  0%| F|  |TAMS 0x0000000087100000, 0x0000000087100000| Untracked 
|  84|0x0000000087200000, 0x0000000087200000, 0x0000000087300000|  0%| F|  |TAMS 0x0000000087200000, 0x0000000087200000| Untracked 
|  85|0x0000000087300000, 0x0000000087300000, 0x0000000087400000|  0%| F|  |TAMS 0x0000000087300000, 0x0000000087300000| Untracked 
|  86|0x0000000087400000, 0x0000000087400000, 0x0000000087500000|  0%| F|  |TAMS 0x0000000087400000, 0x0000000087400000| Untracked 
|  87|0x0000000087500000, 0x0000000087500000, 0x0000000087600000|  0%| F|  |TAMS 0x0000000087500000, 0x0000000087500000| Untracked 
|  88|0x0000000087600000, 0x0000000087600000, 0x0000000087700000|  0%| F|  |TAMS 0x0000000087600000, 0x0000000087600000| Untracked 
|  89|0x0000000087700000, 0x0000000087700000, 0x0000000087800000|  0%| F|  |TAMS 0x0000000087700000, 0x0000000087700000| Untracked 
|  90|0x0000000087800000, 0x0000000087800000, 0x0000000087900000|  0%| F|  |TAMS 0x0000000087800000, 0x0000000087800000| Untracked 
|  91|0x0000000087900000, 0x0000000087900000, 0x0000000087a00000|  0%| F|  |TAMS 0x0000000087900000, 0x0000000087900000| Untracked 
|  92|0x0000000087a00000, 0x0000000087a00000, 0x0000000087b00000|  0%| F|  |TAMS 0x0000000087a00000, 0x0000000087a00000| Untracked 
|  93|0x0000000087b00000, 0x0000000087b00000, 0x0000000087c00000|  0%| F|  |TAMS 0x0000000087b00000, 0x0000000087b00000| Untracked 
|  94|0x0000000087c00000, 0x0000000087c00000, 0x0000000087d00000|  0%| F|  |TAMS 0x0000000087c00000, 0x0000000087c00000| Untracked 
|  95|0x0000000087d00000, 0x0000000087d00000, 0x0000000087e00000|  0%| F|  |TAMS 0x0000000087d00000, 0x0000000087d00000| Untracked 
|  96|0x0000000087e00000, 0x0000000087e00000, 0x0000000087f00000|  0%| F|  |TAMS 0x0000000087e00000, 0x0000000087e00000| Untracked 
|  97|0x0000000087f00000, 0x0000000087f00000, 0x0000000088000000|  0%| F|  |TAMS 0x0000000087f00000, 0x0000000087f00000| Untracked 
|  98|0x0000000088000000, 0x0000000088000000, 0x0000000088100000|  0%| F|  |TAMS 0x0000000088000000, 0x0000000088000000| Untracked 
|  99|0x0000000088100000, 0x0000000088100000, 0x0000000088200000|  0%| F|  |TAMS 0x0000000088100000, 0x0000000088100000| Untracked 
| 100|0x0000000088200000, 0x0000000088200000, 0x0000000088300000|  0%| F|  |TAMS 0x0000000088200000, 0x0000000088200000| Untracked 
| 101|0x0000000088300000, 0x0000000088300000, 0x0000000088400000|  0%| F|  |TAMS 0x0000000088300000, 0x0000000088300000| Untracked 
| 102|0x0000000088400000, 0x0000000088400000, 0x0000000088500000|  0%| F|  |TAMS 0x0000000088400000, 0x0000000088400000| Untracked 
| 103|0x0000000088500000, 0x0000000088500000, 0x0000000088600000|  0%| F|  |TAMS 0x0000000088500000, 0x0000000088500000| Untracked 
| 104|0x0000000088600000, 0x0000000088600000, 0x0000000088700000|  0%| F|  |TAMS 0x0000000088600000, 0x0000000088600000| Untracked 
| 105|0x0000000088700000, 0x0000000088700000, 0x0000000088800000|  0%| F|  |TAMS 0x0000000088700000, 0x0000000088700000| Untracked 
| 106|0x0000000088800000, 0x0000000088800000, 0x0000000088900000|  0%| F|  |TAMS 0x0000000088800000, 0x0000000088800000| Untracked 
| 107|0x0000000088900000, 0x0000000088900000, 0x0000000088a00000|  0%| F|  |TAMS 0x0000000088900000, 0x0000000088900000| Untracked 
| 108|0x0000000088a00000, 0x0000000088a00000, 0x0000000088b00000|  0%| F|  |TAMS 0x0000000088a00000, 0x0000000088a00000| Untracked 
| 109|0x0000000088b00000, 0x0000000088b00000, 0x0000000088c00000|  0%| F|  |TAMS 0x0000000088b00000, 0x0000000088b00000| Untracked 
| 110|0x0000000088c00000, 0x0000000088c00000, 0x0000000088d00000|  0%| F|  |TAMS 0x0000000088c00000, 0x0000000088c00000| Untracked 
| 111|0x0000000088d00000, 0x0000000088d00000, 0x0000000088e00000|  0%| F|  |TAMS 0x0000000088d00000, 0x0000000088d00000| Untracked 
| 112|0x0000000088e00000, 0x0000000088e00000, 0x0000000088f00000|  0%| F|  |TAMS 0x0000000088e00000, 0x0000000088e00000| Untracked 
| 113|0x0000000088f00000, 0x0000000089000000, 0x0000000089000000|100%| S|CS|TAMS 0x0000000088f00000, 0x0000000088f00000| Complete 
| 114|0x0000000089000000, 0x0000000089100000, 0x0000000089100000|100%| S|CS|TAMS 0x0000000089000000, 0x0000000089000000| Complete 
| 115|0x0000000089100000, 0x0000000089100000, 0x0000000089200000|  0%| F|  |TAMS 0x0000000089100000, 0x0000000089100000| Untracked 
| 116|0x0000000089200000, 0x0000000089200000, 0x0000000089300000|  0%| F|  |TAMS 0x0000000089200000, 0x0000000089200000| Untracked 
| 117|0x0000000089300000, 0x0000000089300000, 0x0000000089400000|  0%| F|  |TAMS 0x0000000089300000, 0x0000000089300000| Untracked 
| 118|0x0000000089400000, 0x0000000089400000, 0x0000000089500000|  0%| F|  |TAMS 0x0000000089400000, 0x0000000089400000| Untracked 
| 119|0x0000000089500000, 0x0000000089500000, 0x0000000089600000|  0%| F|  |TAMS 0x0000000089500000, 0x0000000089500000| Untracked 
| 120|0x0000000089600000, 0x0000000089600000, 0x0000000089700000|  0%| F|  |TAMS 0x0000000089600000, 0x0000000089600000| Untracked 
| 121|0x0000000089700000, 0x0000000089700000, 0x0000000089800000|  0%| F|  |TAMS 0x0000000089700000, 0x0000000089700000| Untracked 
| 122|0x0000000089800000, 0x000000008989a098, 0x0000000089900000| 60%| E|  |TAMS 0x0000000089800000, 0x0000000089800000| Complete 
| 123|0x0000000089900000, 0x0000000089a00000, 0x0000000089a00000|100%| E|CS|TAMS 0x0000000089900000, 0x0000000089900000| Complete 
| 124|0x0000000089a00000, 0x0000000089b00000, 0x0000000089b00000|100%| E|CS|TAMS 0x0000000089a00000, 0x0000000089a00000| Complete 
| 125|0x0000000089b00000, 0x0000000089c00000, 0x0000000089c00000|100%| E|CS|TAMS 0x0000000089b00000, 0x0000000089b00000| Complete 
| 126|0x0000000089c00000, 0x0000000089d00000, 0x0000000089d00000|100%| E|CS|TAMS 0x0000000089c00000, 0x0000000089c00000| Complete 
| 127|0x0000000089d00000, 0x0000000089e00000, 0x0000000089e00000|100%| E|CS|TAMS 0x0000000089d00000, 0x0000000089d00000| Complete 

Card table byte_map: [0x000002769fbc0000,0x000002769ffc0000] _byte_map_base: 0x000002769f7b1000

Marking Bits (Prev, Next): (CMBitMap*) 0x0000027694cb9d60, (CMBitMap*) 0x0000027694cb9da0
 Prev Bits: [0x00000276a03c0000, 0x00000276a2348000)
 Next Bits: [0x00000276a2350000, 0x00000276a42d8000)

Polling page: 0x0000027692c50000

Metaspace:

Usage:
  Non-class:      5.11 MB used.
      Class:    740.49 KB used.
       Both:      5.83 MB used.

Virtual space:
  Non-class space:       64.00 MB reserved,       5.19 MB (  8%) committed,  1 nodes.
      Class space:        1.00 GB reserved,     832.00 KB ( <1%) committed,  1 nodes.
             Both:        1.06 GB reserved,       6.00 MB ( <1%) committed. 

Chunk freelists:
   Non-Class:  9.92 MB
       Class:  15.10 MB
        Both:  25.02 MB

MaxMetaspaceSize: unlimited
CompressedClassSpaceSize: 1.00 GB
Initial GC threshold: 21.00 MB
Current GC threshold: 21.00 MB
CDS: on
MetaspaceReclaimPolicy: balanced
 - commit_granule_bytes: 65536.
 - commit_granule_words: 8192.
 - virtual_space_node_default_size: 8388608.
 - enlarge_chunks_in_place: 1.
 - new_chunks_are_fully_committed: 0.
 - uncommit_free_chunks: 1.
 - use_allocation_guard: 0.
 - handle_deallocations: 1.


Internal statistics:

num_allocs_failed_limit: 0.
num_arena_births: 114.
num_arena_deaths: 0.
num_vsnodes_births: 2.
num_vsnodes_deaths: 0.
num_space_committed: 96.
num_space_uncommitted: 0.
num_chunks_returned_to_freelist: 0.
num_chunks_taken_from_freelist: 182.
num_chunk_merges: 0.
num_chunk_splits: 122.
num_chunks_enlarged: 77.
num_inconsistent_stats: 0.

CodeCache: size=49152Kb used=3899Kb max_used=3899Kb free=45252Kb
 bounds [0x000002769c7c0000, 0x000002769cb90000, 0x000002769f7c0000]
 total_blobs=1605 nmethods=1152 adapters=379
 compilation: enabled
              stopped_count=0, restarted_count=0
 full_count=0

Compilation events (20 events):
Event: 2.262 Thread 0x00000276a688e4d0 nmethod 1142 0x000002769cb89a90 code [0x000002769cb89c40, 0x000002769cb89d68]
Event: 2.262 Thread 0x00000276a669dc30 nmethod 1138 0x000002769cb89e10 code [0x000002769cb8a020, 0x000002769cb8a548]
Event: 2.262 Thread 0x00000276a688e9f0 1143       1       java.lang.invoke.LambdaForm$NamedFunction::member (26 bytes)
Event: 2.262 Thread 0x00000276a688e4d0 1144       1       java.lang.invoke.InvokerBytecodeGenerator::isStaticallyInvocable (165 bytes)
Event: 2.262 Thread 0x00000276a688e9f0 nmethod 1143 0x000002769cb8a790 code [0x000002769cb8a920, 0x000002769cb8a9f8]
Event: 2.262 Thread 0x00000276a669dc30 1145       1       java.lang.invoke.MemberName::isPrivate (8 bytes)
Event: 2.263 Thread 0x00000276a669dc30 nmethod 1145 0x000002769cb8aa90 code [0x000002769cb8ac20, 0x000002769cb8acf8]
Event: 2.263 Thread 0x00000276a669dc30 1146       1       java.lang.invoke.InvokerBytecodeGenerator::emitStaticInvoke (258 bytes)
Event: 2.264 Thread 0x00000276a688e4d0 nmethod 1144 0x000002769cb8ad90 code [0x000002769cb8b060, 0x000002769cb8b868]
Event: 2.264 Thread 0x00000276a688e9f0 1147       1       java.lang.invoke.InvokerBytecodeGenerator::emitPushArguments (45 bytes)
Event: 2.264 Thread 0x00000276a669dc30 nmethod 1146 0x000002769cb8bc10 code [0x000002769cb8be80, 0x000002769cb8c428]
Event: 2.264 Thread 0x00000276a669dc30 1148       1       java.lang.invoke.InvokerBytecodeGenerator::refKindOpcode (112 bytes)
Event: 2.265 Thread 0x00000276a688e9f0 nmethod 1147 0x000002769cb8c810 code [0x000002769cb8c9c0, 0x000002769cb8cb98]
Event: 2.265 Thread 0x00000276a669dc30 nmethod 1148 0x000002769cb8ce10 code [0x000002769cb8d040, 0x000002769cb8d598]
Event: 2.266 Thread 0x00000276a688e4d0 1149       1       jdk.internal.org.objectweb.asm.Type::getTypeInternal (199 bytes)
Event: 2.268 Thread 0x00000276a688e4d0 nmethod 1149 0x000002769cb8d790 code [0x000002769cb8d9e0, 0x000002769cb8e1c8]
Event: 2.270 Thread 0x00000276a669dc30 1151       1       jdk.internal.org.objectweb.asm.SymbolTable::getConstantPoolCount (5 bytes)
Event: 2.270 Thread 0x00000276a669dc30 nmethod 1151 0x000002769cb8e810 code [0x000002769cb8e9a0, 0x000002769cb8ea78]
Event: 2.273 Thread 0x00000276a688e4d0 1152       1       java.util.zip.ZipEntry::getName (5 bytes)
Event: 2.273 Thread 0x00000276a688e4d0 nmethod 1152 0x000002769cb8eb10 code [0x000002769cb8eca0, 0x000002769cb8ed78]

GC Heap History (2 events):
Event: 1.807 GC heap before
{Heap before GC invocations=0 (full 0):
 garbage-first heap   total 131072K, used 14336K [0x0000000081e00000, 0x0000000100000000)
  region size 1024K, 13 young (13312K), 0 survivors (0K)
 Metaspace       used 4405K, committed 4608K, reserved 1114112K
  class space    used 539K, committed 640K, reserved 1048576K
}
Event: 1.816 GC heap after
{Heap after GC invocations=1 (full 0):
 garbage-first heap   total 131072K, used 6677K [0x0000000081e00000, 0x0000000100000000)
  region size 1024K, 2 young (2048K), 2 survivors (2048K)
 Metaspace       used 4405K, committed 4608K, reserved 1114112K
  class space    used 539K, committed 640K, reserved 1048576K
}

Dll operation events (11 events):
Event: 0.016 Loaded shared library D:\Program Files\bin\java.dll
Event: 0.048 Loaded shared library D:\Program Files\bin\jsvml.dll
Event: 0.439 Loaded shared library D:\Program Files\bin\zip.dll
Event: 0.444 Loaded shared library D:\Program Files\bin\instrument.dll
Event: 0.458 Loaded shared library D:\Program Files\bin\net.dll
Event: 0.461 Loaded shared library D:\Program Files\bin\nio.dll
Event: 0.483 Loaded shared library D:\Program Files\bin\zip.dll
Event: 0.848 Loaded shared library D:\Program Files\bin\jimage.dll
Event: 0.861 Loaded shared library D:\Program Files\bin\extnet.dll
Event: 0.891 Loaded shared library D:\Program Files\bin\management.dll
Event: 0.918 Loaded shared library D:\Program Files\bin\management_ext.dll

Deoptimization events (0 events):
No events

Classes loaded (20 events):
Event: 2.190 Loading class java/util/concurrent/TimeoutException
Event: 2.190 Loading class java/util/concurrent/TimeoutException done
Event: 2.212 Loading class java/lang/IllegalAccessError
Event: 2.213 Loading class java/lang/IllegalAccessError done
Event: 2.225 Loading class java/util/IdentityHashMap$EntrySet
Event: 2.225 Loading class java/util/IdentityHashMap$EntrySet done
Event: 2.225 Loading class java/util/IdentityHashMap$EntryIterator
Event: 2.226 Loading class java/util/IdentityHashMap$EntryIterator done
Event: 2.226 Loading class java/util/IdentityHashMap$EntryIterator$Entry
Event: 2.226 Loading class java/util/IdentityHashMap$EntryIterator$Entry done
Event: 2.227 Loading class java/util/IdentityHashMap$ValueIterator
Event: 2.228 Loading class java/util/IdentityHashMap$ValueIterator done
Event: 2.275 Loading class java/net/URISyntaxException
Event: 2.275 Loading class java/net/URISyntaxException done
Event: 2.275 Loading class java/nio/file/NoSuchFileException
Event: 2.275 Loading class java/nio/file/FileSystemException
Event: 2.275 Loading class java/nio/file/FileSystemException done
Event: 2.275 Loading class java/nio/file/NoSuchFileException done
Event: 2.276 Loading class java/io/UncheckedIOException
Event: 2.276 Loading class java/io/UncheckedIOException done

Classes unloaded (0 events):
No events

Classes redefined (0 events):
No events

Internal exceptions (15 events):
Event: 0.846 Thread 0x00000276a6bf1ca0 Exception <a 'java/lang/NoSuchMethodError'{0x00000000895cf060}: 'java.lang.Object java.lang.invoke.DirectMethodHandle$Holder.invokeStaticInit(java.lang.Object)'> (0x00000000895cf060) 
thrown [s\src\hotspot\share\interpreter\linkResolver.cpp, line 759]
Event: 0.864 Thread 0x00000276a6bf1ca0 Exception <a 'java/lang/NoSuchMethodError'{0x00000000895dd740}: 'void java.lang.invoke.DirectMethodHandle$Holder.invokeStatic(java.lang.Object, java.lang.Object)'> (0x00000000895dd740) 
thrown [s\src\hotspot\share\interpreter\linkResolver.cpp, line 759]
Event: 0.925 Thread 0x0000027694c5f400 Exception <a 'java/lang/NoSuchMethodError'{0x00000000894332a8}: 'int java.lang.invoke.DirectMethodHandle$Holder.invokeInterface(java.lang.Object, java.lang.Object)'> (0x00000000894332a8) 
thrown [s\src\hotspot\share\interpreter\linkResolver.cpp, line 759]
Event: 0.927 Thread 0x0000027694c5f400 Exception <a 'java/lang/IncompatibleClassChangeError'{0x00000000894368a8}: Found class java.lang.Object, but interface was expected> (0x00000000894368a8) 
thrown [s\src\hotspot\share\interpreter\linkResolver.cpp, line 826]
Event: 1.101 Thread 0x0000027694c5f400 Exception <a 'java/lang/NoSuchMethodError'{0x0000000089302208}: 'int java.lang.invoke.DirectMethodHandle$Holder.invokeSpecial(java.lang.Object, java.lang.Object, java.lang.Object)'> (0x0000000089302208) 
thrown [s\src\hotspot\share\interpreter\linkResolver.cpp, line 759]
Event: 1.327 Thread 0x0000027694c5f400 Exception <a 'java/lang/NoSuchMethodError'{0x00000000893fd560}: 'void java.lang.invoke.DirectMethodHandle$Holder.invokeStatic(java.lang.Object, java.lang.Object, java.lang.Object)'> (0x00000000893fd560) 
thrown [s\src\hotspot\share\interpreter\linkResolver.cpp, line 759]
Event: 1.385 Thread 0x0000027694c5f400 Exception <a 'java/lang/NoSuchMethodError'{0x0000000089239e50}: 'int java.lang.invoke.DirectMethodHandle$Holder.invokeSpecialIFC(java.lang.Object, java.lang.Object, java.lang.Object)'> (0x0000000089239e50) 
thrown [s\src\hotspot\share\interpreter\linkResolver.cpp, line 759]
Event: 1.491 Thread 0x0000027694c5f400 Exception <a 'java/lang/NoSuchMethodError'{0x00000000892b1158}: 'java.lang.Object java.lang.invoke.DirectMethodHandle$Holder.invokeStaticInit(java.lang.Object, int, int, int, int)'> (0x00000000892b1158) 
thrown [s\src\hotspot\share\interpreter\linkResolver.cpp, line 759]
Event: 1.646 Thread 0x0000027694c5f400 Exception <a 'java/lang/NoSuchMethodError'{0x00000000892f6448}: 'java.lang.Object java.lang.invoke.DirectMethodHandle$Holder.invokeStaticInit(java.lang.Object, java.lang.Object, int, int, int, int)'> (0x00000000892f6448) 
thrown [s\src\hotspot\share\interpreter\linkResolver.cpp, line 759]
Event: 1.712 Thread 0x0000027694c5f400 Exception <a 'java/lang/ClassNotFoundException'{0x0000000089114740}: javax/management/remote/rmi/RMIServerImpl_Skel> (0x0000000089114740) 
thrown [s\src\hotspot\share\classfile\systemDictionary.cpp, line 256]
Event: 2.014 Thread 0x0000027694c5f400 Exception <a 'java/lang/ClassNotFoundException'{0x0000000089b2b7e0}: javax/smartcardio/CardPermission> (0x0000000089b2b7e0) 
thrown [s\src\hotspot\share\classfile\systemDictionary.cpp, line 256]
Event: 2.025 Thread 0x0000027694c5f400 Exception <a 'java/io/FileNotFoundException'{0x0000000089b39d90}> (0x0000000089b39d90) 
thrown [s\src\hotspot\share\prims\jni.cpp, line 516]
Event: 2.076 Thread 0x0000027694c5f400 Exception <a 'java/lang/NoSuchMethodError'{0x0000000089ba5698}: 'java.lang.Object java.lang.invoke.DirectMethodHandle$Holder.invokeSpecial(java.lang.Object, java.lang.Object, java.lang.Object, long, java.lang.Object)'> (0x0000000089ba5698) 
thrown [s\src\hotspot\share\interpreter\linkResolver.cpp, line 759]
Event: 2.077 Thread 0x0000027694c5f400 Exception <a 'java/lang/NoSuchMethodError'{0x0000000089ba9268}: 'java.lang.Object java.lang.invoke.Invokers$Holder.linkToTargetMethod(java.lang.Object, long, java.lang.Object, java.lang.Object)'> (0x0000000089ba9268) 
thrown [s\src\hotspot\share\interpreter\linkResolver.cpp, line 759]
Event: 2.242 Thread 0x0000027694c5f400 Exception <a 'java/lang/NoSuchMethodError'{0x00000000898040b8}: 'void java.lang.invoke.DirectMethodHandle$Holder.invokeStatic(java.lang.Object, java.lang.Object, java.lang.Object, java.lang.Object)'> (0x00000000898040b8) 
thrown [s\src\hotspot\share\interpreter\linkResolver.cpp, line 759]

VM Operations (20 events):
Event: 0.408 Executing VM operation: HandshakeAllThreads
Event: 0.408 Executing VM operation: HandshakeAllThreads done
Event: 0.844 Executing VM operation: HandshakeAllThreads
Event: 0.844 Executing VM operation: HandshakeAllThreads done
Event: 0.943 Executing VM operation: HandshakeAllThreads
Event: 0.943 Executing VM operation: HandshakeAllThreads done
Event: 0.945 Executing VM operation: HandshakeAllThreads
Event: 0.945 Executing VM operation: HandshakeAllThreads done
Event: 1.447 Executing VM operation: HandshakeAllThreads
Event: 1.447 Executing VM operation: HandshakeAllThreads done
Event: 1.447 Executing VM operation: Cleanup
Event: 1.447 Executing VM operation: Cleanup done
Event: 1.772 Executing VM operation: HandshakeAllThreads
Event: 1.772 Executing VM operation: HandshakeAllThreads done
Event: 1.806 Executing VM operation: G1CollectForAllocation
Event: 1.816 Executing VM operation: G1CollectForAllocation done
Event: 1.894 Executing VM operation: HandshakeAllThreads
Event: 1.894 Executing VM operation: HandshakeAllThreads done
Event: 1.909 Executing VM operation: HandshakeAllThreads
Event: 1.909 Executing VM operation: HandshakeAllThreads done

Memory protections (0 events):
No events

Nmethod flushes (0 events):
No events

Events (15 events):
Event: 0.049 Thread 0x0000027694c5f400 Thread added: 0x0000027694c5f400
Event: 0.061 Thread 0x0000027694c5f400 Thread added: 0x00000276a6682610
Event: 0.062 Thread 0x0000027694c5f400 Thread added: 0x00000276a6683eb0
Event: 0.085 Thread 0x0000027694c5f400 Thread added: 0x00000276a6697250
Event: 0.086 Thread 0x0000027694c5f400 Thread added: 0x00000276a6698e20
Event: 0.086 Thread 0x0000027694c5f400 Thread added: 0x00000276a669b7f0
Event: 0.086 Thread 0x0000027694c5f400 Thread added: 0x00000276a669c1b0
Event: 0.086 Thread 0x0000027694c5f400 Thread added: 0x00000276a669dc30
Event: 0.088 Thread 0x0000027694c5f400 Thread added: 0x00000276a669f240
Event: 0.392 Thread 0x0000027694c5f400 Thread added: 0x00000276a666ecd0
Event: 0.409 Thread 0x00000276a669dc30 Thread added: 0x00000276a688e4d0
Event: 0.410 Thread 0x00000276a669dc30 Thread added: 0x00000276a688e9f0
Event: 0.840 Thread 0x0000027694c5f400 Thread added: 0x00000276a6bf1ca0
Event: 0.840 Thread 0x0000027694c5f400 Thread added: 0x00000276a6bf2180
Event: 1.741 Thread 0x0000027694c5f400 Thread added: 0x00000276ec3348a0


Dynamic libraries:
0x00007ff79e760000 - 0x00007ff79e76e000 	D:\Program Files\bin\java.exe
0x00007ffb2d770000 - 0x00007ffb2d968000 	C:\WINDOWS\SYSTEM32\ntdll.dll
0x00007ffb2cf40000 - 0x00007ffb2d002000 	C:\WINDOWS\System32\KERNEL32.DLL
0x00007ffb2aff0000 - 0x00007ffb2b2e6000 	C:\WINDOWS\System32\KERNELBASE.dll
0x00007ffb2b490000 - 0x00007ffb2b590000 	C:\WINDOWS\System32\ucrtbase.dll
0x00007ffb17e40000 - 0x00007ffb17e58000 	D:\Program Files\bin\jli.dll
0x00007ffb18710000 - 0x00007ffb1872e000 	D:\Program Files\bin\VCRUNTIME140.dll
0x00007ffb2be40000 - 0x00007ffb2bfe1000 	C:\WINDOWS\System32\USER32.dll
0x00007ffb2afc0000 - 0x00007ffb2afe2000 	C:\WINDOWS\System32\win32u.dll
0x00007ffb13f40000 - 0x00007ffb141db000 	C:\WINDOWS\WinSxS\amd64_microsoft.windows.common-controls_6595b64144ccf1df_6.0.19041.6456_none_60b8a6cb71f64256\COMCTL32.dll
0x00007ffb2c130000 - 0x00007ffb2c15b000 	C:\WINDOWS\System32\GDI32.dll
0x00007ffb2b370000 - 0x00007ffb2b489000 	C:\WINDOWS\System32\gdi32full.dll
0x00007ffb2b6f0000 - 0x00007ffb2b78d000 	C:\WINDOWS\System32\msvcp_win.dll
0x00007ffb2c730000 - 0x00007ffb2c7ce000 	C:\WINDOWS\System32\msvcrt.dll
0x00007ffb2b970000 - 0x00007ffb2b99f000 	C:\WINDOWS\System32\IMM32.DLL
0x00007ffb191e0000 - 0x00007ffb191ec000 	D:\Program Files\bin\vcruntime140_1.dll
0x00007ffb01000000 - 0x00007ffb0108d000 	D:\Program Files\bin\msvcp140.dll
0x00007ffab22b0000 - 0x00007ffab2f1b000 	D:\Program Files\bin\server\jvm.dll
0x00007ffb2d550000 - 0x00007ffb2d601000 	C:\WINDOWS\System32\ADVAPI32.dll
0x00007ffb2c690000 - 0x00007ffb2c72f000 	C:\WINDOWS\System32\sechost.dll
0x00007ffb2bd20000 - 0x00007ffb2be40000 	C:\WINDOWS\System32\RPCRT4.dll
0x00007ffb2ae90000 - 0x00007ffb2aeb7000 	C:\WINDOWS\System32\bcrypt.dll
0x00007ffb2d480000 - 0x00007ffb2d4eb000 	C:\WINDOWS\System32\WS2_32.dll
0x00007ffb2ac60000 - 0x00007ffb2acab000 	C:\WINDOWS\SYSTEM32\POWRPROF.dll
0x00007ffb0f400000 - 0x00007ffb0f427000 	C:\WINDOWS\SYSTEM32\WINMM.dll
0x00007ffb26130000 - 0x00007ffb2613a000 	C:\WINDOWS\SYSTEM32\VERSION.dll
0x00007ffb2ac40000 - 0x00007ffb2ac52000 	C:\WINDOWS\SYSTEM32\UMPDC.dll
0x00007ffb28c30000 - 0x00007ffb28c42000 	C:\WINDOWS\SYSTEM32\kernel.appcore.dll
0x00007ffb188e0000 - 0x00007ffb188ea000 	D:\Program Files\bin\jimage.dll
0x00007ffb18c30000 - 0x00007ffb18e31000 	C:\WINDOWS\SYSTEM32\DBGHELP.DLL
0x00007ffb0c0c0000 - 0x00007ffb0c0f4000 	C:\WINDOWS\SYSTEM32\dbgcore.DLL
0x00007ffb2ae00000 - 0x00007ffb2ae82000 	C:\WINDOWS\System32\bcryptPrimitives.dll
0x00007ffb186c0000 - 0x00007ffb186ce000 	D:\Program Files\bin\instrument.dll
0x00007ffb03300000 - 0x00007ffb03325000 	D:\Program Files\bin\java.dll
0x00007ffafee00000 - 0x00007ffafeed7000 	D:\Program Files\bin\jsvml.dll
0x00007ffb2c7d0000 - 0x00007ffb2cf40000 	C:\WINDOWS\System32\SHELL32.dll
0x00007ffb28e30000 - 0x00007ffb295d5000 	C:\WINDOWS\SYSTEM32\windows.storage.dll
0x00007ffb2c320000 - 0x00007ffb2c674000 	C:\WINDOWS\System32\combase.dll
0x00007ffb2a6e0000 - 0x00007ffb2a70b000 	C:\WINDOWS\SYSTEM32\Wldp.dll
0x00007ffb2bba0000 - 0x00007ffb2bc6d000 	C:\WINDOWS\System32\OLEAUT32.dll
0x00007ffb2d680000 - 0x00007ffb2d72d000 	C:\WINDOWS\System32\SHCORE.dll
0x00007ffb2d620000 - 0x00007ffb2d67b000 	C:\WINDOWS\System32\shlwapi.dll
0x00007ffb2ad30000 - 0x00007ffb2ad54000 	C:\WINDOWS\SYSTEM32\profapi.dll
0x00007ffb131b0000 - 0x00007ffb131c8000 	D:\Program Files\bin\zip.dll
0x00007ffb17e00000 - 0x00007ffb17e1a000 	D:\Program Files\bin\net.dll
0x00007ffb25b10000 - 0x00007ffb25c1a000 	C:\WINDOWS\SYSTEM32\WINHTTP.dll
0x00007ffb2a4c0000 - 0x00007ffb2a52a000 	C:\WINDOWS\system32\mswsock.dll
0x00007ffb16fc0000 - 0x00007ffb16fd6000 	D:\Program Files\bin\nio.dll
0x00007ffb182b0000 - 0x00007ffb182b9000 	D:\Program Files\bin\extnet.dll
0x00007ffb2a200000 - 0x00007ffb2a2ca000 	C:\WINDOWS\SYSTEM32\DNSAPI.dll
0x00007ffb2a1c0000 - 0x00007ffb2a1fb000 	C:\WINDOWS\SYSTEM32\IPHLPAPI.DLL
0x00007ffb2c680000 - 0x00007ffb2c688000 	C:\WINDOWS\System32\NSI.dll
0x00007ffb18ad0000 - 0x00007ffb18ada000 	C:\Windows\System32\rasadhlp.dll
0x00007ffb24c30000 - 0x00007ffb24cb0000 	C:\WINDOWS\System32\fwpuclnt.dll
0x00007ffb13770000 - 0x00007ffb1377a000 	D:\Program Files\bin\management.dll
0x00007ffb13730000 - 0x00007ffb1373c000 	D:\Program Files\bin\management_ext.dll
0x00007ffb2d610000 - 0x00007ffb2d618000 	C:\WINDOWS\System32\PSAPI.DLL
0x00007ffb2aa30000 - 0x00007ffb2aa48000 	C:\WINDOWS\SYSTEM32\CRYPTSP.dll
0x00007ffb29e00000 - 0x00007ffb29e38000 	C:\WINDOWS\system32\rsaenh.dll
0x00007ffb2acb0000 - 0x00007ffb2acde000 	C:\WINDOWS\SYSTEM32\USERENV.dll
0x00007ffb2a650000 - 0x00007ffb2a65c000 	C:\WINDOWS\SYSTEM32\CRYPTBASE.dll
0x00007ffb25920000 - 0x00007ffb25937000 	C:\WINDOWS\SYSTEM32\dhcpcsvc6.DLL
0x00007ffb25820000 - 0x00007ffb2583d000 	C:\WINDOWS\SYSTEM32\dhcpcsvc.DLL
0x00007ffb04e40000 - 0x00007ffb04e57000 	C:\WINDOWS\system32\napinsp.dll
0x00007ffb04d00000 - 0x00007ffb04d1b000 	C:\WINDOWS\system32\pnrpnsp.dll
0x00007ffb18790000 - 0x00007ffb187ad000 	C:\WINDOWS\system32\wshbth.dll
0x00007ffb26250000 - 0x00007ffb2626d000 	C:\WINDOWS\system32\NLAapi.dll
0x00007ffb04c50000 - 0x00007ffb04c62000 	C:\WINDOWS\System32\winrnr.dll

dbghelp: loaded successfully - version: 4.0.5 - missing functions: none
symbol engine: initialized successfully - sym options: 0x614 - pdb path: .;D:\Program Files\bin;C:\WINDOWS\SYSTEM32;C:\WINDOWS\WinSxS\amd64_microsoft.windows.common-controls_6595b64144ccf1df_6.0.19041.6456_none_60b8a6cb71f64256;D:\Program Files\bin\server

VM Arguments:
jvm_args: -XX:TieredStopAtLevel=1 -Dspring.output.ansi.enabled=always -Dcom.sun.management.jmxremote -Dspring.jmx.enabled=true -Dspring.liveBeansView.mbeanDomain -Dspring.application.admin.enabled=true -Dmanagement.endpoints.jmx.exposure.include=* -javaagent:C:\Program Files\JetBrains\IntelliJ IDEA 2025.2.5\lib\idea_rt.jar=53903 -Dfile.encoding=UTF-8 
java_command: com.fleet.api_gateway.ApiGatewayApplication
java_class_path (initial): D:\PFS\api-gateway\target\classes;C:\Users\HP\.m2\repository\io\jsonwebtoken\jjwt-api\0.11.5\jjwt-api-0.11.5.jar;C:\Users\HP\.m2\repository\io\jsonwebtoken\jjwt-impl\0.11.5\jjwt-impl-0.11.5.jar;C:\Users\HP\.m2\repository\io\jsonwebtoken\jjwt-jackson\0.11.5\jjwt-jackson-0.11.5.jar;C:\Users\HP\.m2\repository\com\fasterxml\jackson\core\jackson-databind\2.17.2\jackson-databind-2.17.2.jar;C:\Users\HP\.m2\repository\com\fasterxml\jackson\core\jackson-annotations\2.17.2\jackson-annotations-2.17.2.jar;C:\Users\HP\.m2\repository\com\fasterxml\jackson\core\jackson-core\2.17.2\jackson-core-2.17.2.jar;C:\Users\HP\.m2\repository\org\springframework\cloud\spring-cloud-starter-gateway\4.1.5\spring-cloud-starter-gateway-4.1.5.jar;C:\Users\HP\.m2\repository\org\springframework\cloud\spring-cloud-starter\4.1.4\spring-cloud-starter-4.1.4.jar;C:\Users\HP\.m2\repository\org\springframework\cloud\spring-cloud-context\4.1.4\spring-cloud-context-4.1.4.jar;C:\Users\HP\.m2\repository\org\springframework\security\spring-security-crypto\6.3.4\spring-security-crypto-6.3.4.jar;C:\Users\HP\.m2\repository\org\springframework\cloud\spring-cloud-commons\4.1.4\spring-cloud-commons-4.1.4.jar;C:\Users\HP\.m2\repository\org\springframework\security\spring-security-rsa\1.1.3\spring-security-rsa-1.1.3.jar;C:\Users\HP\.m2\repository\org\bouncycastle\bcprov-jdk18on\1.78\bcprov-jdk18on-1.78.jar;C:\Users\HP\.m2\repository\org\springframework\cloud\spring-cloud-gateway-server\4.1.5\spring-cloud-gateway-server-4.1.5.jar;C:\Users\HP\.m2\repository\org\springframework\boot\spring-boot-starter-validation\3.3.5\spring-boot-starter-validation-3.3.5.jar;C:\Users\HP\.m2\repository\org\apache\tomcat\embed\tomcat-embed-el\10.1.31\tomcat-embed-el-10.1.31.jar;C:\Users\HP\.m2\repository\org\hibernate\validator\hibernate-validator\8.0.1.Final\hibernate-validator-8.0.1.Final.jar;C:\Users\HP\.m2\repository\jakarta\validation\jakarta.validation-api\3.0.2\jakarta.validation-api-3.0.2.jar;C:\Users\HP
Launcher Type: SUN_STANDARD

[Global flags]
     intx CICompilerCount                          = 3                                         {product} {ergonomic}
     uint ConcGCThreads                            = 1                                         {product} {ergonomic}
     uint G1ConcRefinementThreads                  = 4                                         {product} {ergonomic}
   size_t G1HeapRegionSize                         = 1048576                                   {product} {ergonomic}
    uintx GCDrainStackTargetSize                   = 64                                        {product} {ergonomic}
   size_t InitialHeapSize                          = 134217728                                 {product} {ergonomic}
     bool ManagementServer                         = true                                      {product} {command line}
   size_t MarkStackSize                            = 4194304                                   {product} {ergonomic}
   size_t MaxHeapSize                              = 2116026368                                {product} {ergonomic}
   size_t MaxNewSize                               = 1268776960                                {product} {ergonomic}
   size_t MinHeapDeltaBytes                        = 1048576                                   {product} {ergonomic}
   size_t MinHeapSize                              = 8388608                                   {product} {ergonomic}
    uintx NonProfiledCodeHeapSize                  = 0                                      {pd product} {ergonomic}
     bool ProfileInterpreter                       = false                                  {pd product} {command line}
    uintx ProfiledCodeHeapSize                     = 0                                      {pd product} {ergonomic}
   size_t SoftMaxHeapSize                          = 2116026368                             {manageable} {ergonomic}
     intx TieredStopAtLevel                        = 1                                         {product} {command line}
     bool UseCompressedClassPointers               = true                           {product lp64_product} {ergonomic}
     bool UseCompressedOops                        = true                           {product lp64_product} {ergonomic}
     bool UseG1GC                                  = true                                      {product} {ergonomic}
     bool UseLargePagesIndividualAllocation        = false                                  {pd product} {ergonomic}

Logging:
Log output configuration:
 #0: stdout all=warning uptime,level,tags
 #1: stderr all=off uptime,level,tags

Environment Variables:
JAVA_HOME=C:\Program Files\Java\jdk-21
PATH=D:\Program Files\bin;C:\Program Files\Common Files\Oracle\Java\javapath;C:\Program Files\nodejs;C:\Program Files\Git\cmd;C:\Program Files\Git\cmd;C:\apache-maven-3.9.11\bin;C:\Windows\System32;C:\Program Files\Docker\Docker\resources\bin;C:\Users\HP\AppData\Local\Programs\Python\Python311\Scripts\;C:\Users\HP\AppData\Local\Programs\Python\Python311\;C:\Users\HP\AppData\Local\Microsoft\WindowsApps;C:\Program Files\JetBrains\PyCharm Community Edition 2022.3.1\bin;;C:\MinGW\bin;C:\msys64\mingw64\bin;D:\Users\HP\AppData\Local\Programs\Microsoft VS Code\bin;D:\WebStorm 2025.3.3\bin;D:\Program Files\JetBrains\PhpStorm 2024.3.2.1\bin;;D:\Program Files\JetBrains\PyCharm 2024.3.3\bin;;C:\Program Files\ComposerSetup\bin;C:\Users\HP\AppData\Roaming\npm;C:\apache-maven-3.9.11\bin;C:\Program Files\Java\jdk-21\bin;C:\Program Files\sf\bin
USERNAME=HP
OS=Windows_NT
PROCESSOR_IDENTIFIER=Intel64 Family 6 Model 78 Stepping 3, GenuineIntel
TMP=C:\Users\HP\AppData\Local\Temp
TEMP=C:\Users\HP\AppData\Local\Temp



Periodic native trim disabled


---------------  S Y S T E M  ---------------

OS:
 Windows 10 , 64 bit Build 19041 (10.0.19041.5915)
OS uptime: 3 days 7:24 hours
Hyper-V role detected

CPU: total 4 (initial active 4) (2 cores per cpu, 2 threads per core) family 6 model 78 stepping 3 microcode 0xe2, cx8, cmov, fxsr, ht, mmx, 3dnowpref, sse, sse2, sse3, ssse3, sse4.1, sse4.2, popcnt, lzcnt, tsc, tscinvbit, avx, avx2, aes, erms, clmul, bmi1, bmi2, rtm, adx, fma, vzeroupper, clflush, clflushopt, hv
Processor Information for all 4 processors :
  Max Mhz: 2496, Current Mhz: 2396, Mhz Limit: 2396

Memory: 4k page, system-wide physical 8071M (862M free)
TotalPageFile size 10119M (AvailPageFile size 3M)
current process WorkingSet (physical memory assigned to process): 68M, peak: 68M
current process commit charge ("private bytes"): 213M, peak: 213M

vm_info: OpenJDK 64-Bit Server VM (17.0.18+8) for windows-amd64 JRE (17.0.18+8), built on Jan 20 2026 22:28:22 by "admin" with MS VC++ 17.12 (VS2022)

END.
